O2 WILZ EHZ P 2024-02-03T05:14:41.534000
O2 WILZ EHZ P 2024-02-03T05:14:53.634000
O2 WILZ EHE S 2024-02-03T05:14:54.004000
O2 WILZ EHZ P 2024-02-03T05:14:50.064000
O2 WILZ EHZ P 2024-02-03T05:14:55.764000
O2 WILZ EHE S 2024-02-03T05:14:51.074000
O2 WILZ EHE S 2024-02-03T05:14:56.764000
O2 WILZ EHZ P 2024-02-03T05:14:46.244000
O2 WILZ EHE S 2024-02-03T05:14:54.544000
O2 WILZ EHZ P 2024-02-03T05:14:43.044000
O2 WILZ EHZ P 2024-02-03T05:14:55.554000
O2 WILZ EHE S 2024-02-03T05:14:44.063999
O2 WILZ EHE S 2024-02-03T05:14:56.564000
O2 WILZ EHZ P 2024-02-03T05:14:29.784000
O2 WILZ EHZ P 2024-02-03T05:14:55.364000
O2 WILZ EHZ P 2024-02-03T05:14:40.134000
O2 WILZ EHE S 2024-02-03T05:14:28.754000
O2 WILZ EHE S 2024-02-03T05:14:41.124000
O2 WILZ EHZ P 2024-02-03T05:14:39.434000
O2 WILZ EHZ P 2024-02-03T05:14:54.014000
O2 WILZ EHZ P 2024-02-03T05:14:42.394000
O2 WILZ EHE S 2024-02-03T05:14:43.274000
O2 WILZ EHZ P 2024-02-03T05:14:47.044000
O2 WILZ EHE S 2024-02-03T05:14:39.834000
O2 WILZ EHE S 2024-02-03T05:14:48.154000
O2 WILZ EHZ P 2024-02-03T05:14:44.914000
O2 WILZ EHE S 2024-02-03T05:14:45.974000
O2 WILZ EHZ P 2024-02-03T05:14:39.094000
O2 WILZ EHZ P 2024-02-03T05:14:56.664000
O2 WILZ EHE S 2024-02-03T05:14:40.384000
O2 WILZ EHE S 2024-02-03T05:14:57.554000
O2 WILZ EHZ P 2024-02-03T05:14:33.094000
O2 WILZ EHZ P 2024-02-03T05:14:40.324000
O2 WILZ EHZ P 2024-02-03T05:14:48.554000
O2 WILZ EHZ P 2024-02-03T05:14:57.124000
O2 WILZ EHE S 2024-02-03T05:14:33.984000
O2 WILZ EHE S 2024-02-03T05:14:49.374000
O2 WILZ EHZ P 2024-02-03T05:14:56.404000
O2 WILZ EHE S 2024-02-03T05:14:57.234000
O2 WILZ EHZ P 2024-02-03T05:14:43.124000
O2 WILZ EHE S 2024-02-03T05:14:44.063999
O2 WILZ EHE S 2024-02-03T05:14:48.474000
O2 WILZ EHE S 2024-02-03T05:14:57.834000
O2 WILZ EHZ P 2024-02-03T05:14:30.804000
O2 WILZ EHZ P 2024-02-03T05:14:42.984000
O2 WILZ EHE S 2024-02-03T05:14:31.764000
O2 WILZ EHE S 2024-02-03T05:14:43.864000
O2 WILZ EHZ P 2024-02-03T05:14:30.684000
O2 WILZ EHZ P 2024-02-03T05:14:50.654000
O2 WILZ EHE S 2024-02-03T05:14:31.464000
O2 WILZ EHE S 2024-02-03T05:14:51.624000
O2 WILZ EHZ P 2024-02-03T05:14:37.404000
O2 WILZ EHZ P 2024-02-03T05:14:55.484000
O2 WILZ EHE S 2024-02-03T05:14:38.274000
O2 WILZ EHE S 2024-02-03T05:14:56.434000
O2 WILZ EHZ P 2024-02-03T05:14:45.174000
O2 WILZ EHE S 2024-02-03T05:14:46.324000
O2 WILZ EHZ P 2024-02-03T05:14:40.604000
O2 WILZ EHZ P 2024-02-03T05:14:45.604000
O2 WILZ EHZ P 2024-02-03T05:14:57.224000
O2 WILZ EHE S 2024-02-03T05:14:41.974000
O2 WILZ EHE S 2024-02-03T05:14:46.444000
O2 WILZ EHZ P 2024-02-03T05:14:42.884000
O2 WILZ EHZ P 2024-02-03T05:14:55.874000
O2 WILZ EHE S 2024-02-03T05:14:43.664000
O2 WILZ EHE S 2024-02-03T05:14:56.784000
O2 WILZ EHZ P 2024-02-03T05:14:28.754000
O2 WILZ EHZ P 2024-02-03T05:14:40.034000
O2 WILZ EHE S 2024-02-03T05:14:29.674000
O2 WILZ EHE S 2024-02-03T05:14:41.014000
O2 WILZ EHZ P 2024-02-03T05:14:29.284000
O2 WILZ EHZ P 2024-02-03T05:14:57.524000
O2 WILZ EHE S 2024-02-03T05:14:30.234000
O2 WILZ EHE S 2024-02-03T05:14:52.594000
O2 WILZ EHZ P 2024-02-03T05:14:45.734000
O2 WILZ EHZ P 2024-02-03T05:14:52.894000
O2 WILZ EHZ P 2024-02-03T05:14:57.584000
O2 WILZ EHE S 2024-02-03T05:14:46.644000
O2 WILZ EHE S 2024-02-03T05:14:53.864000
O2 WILZ EHE S 2024-02-03T05:14:57.974000
O2 WILZ EHZ P 2024-02-03T05:14:49.254000
O2 WILZ EHZ P 2024-02-03T05:14:55.504000
O2 WILZ EHE S 2024-02-03T05:14:28.484000
O2 WILZ EHE S 2024-02-03T05:14:50.354000
O2 WILZ EHE S 2024-02-03T05:14:56.584000
O2 WILZ EHZ P 2024-02-03T05:14:28.504000
O2 WILZ EHZ P 2024-02-03T05:14:46.594000
O2 WILZ EHE S 2024-02-03T05:14:29.574000
O2 WILZ EHE S 2024-02-03T05:14:47.514000
O2 WILZ EHZ P 2024-02-03T05:14:32.344000
O2 WILZ EHZ P 2024-02-03T05:14:39.874000
O2 WILZ EHZ P 2024-02-03T05:14:47.384000
O2 WILZ EHZ P 2024-02-03T05:14:56.604000
O2 WILZ EHE S 2024-02-03T05:14:33.574000
O2 WILZ EHE S 2024-02-03T05:14:40.784000
O2 WILZ EHE S 2024-02-03T05:14:48.014000
O2 WILZ EHZ P 2024-02-03T05:14:30.564000
O2 WILZ EHZ P 2024-02-03T05:14:53.444000
O2 WILZ EHE S 2024-02-03T05:14:31.554000
O2 WILZ EHE S 2024-02-03T05:14:54.534000
O2 WILZ EHZ P 2024-02-03T05:14:33.254000
O2 WILZ EHZ P 2024-02-03T05:14:42.684000
O2 WILZ EHZ P 2024-02-03T05:14:49.204000
O2 WILZ EHE S 2024-02-03T05:14:34.134000
O2 WILZ EHE S 2024-02-03T05:14:36.894000
O2 WILZ EHE S 2024-02-03T05:14:44.364000
O2 WILZ EHZ P 2024-02-03T05:14:40.164000
O2 WILZ EHZ P 2024-02-03T05:14:52.204000
O2 WILZ EHE S 2024-02-03T05:14:28.444000
O2 WILZ EHE S 2024-02-03T05:14:52.834000
O2 WILZ EHZ P 2024-02-03T05:14:34.524000
O2 WILZ EHE S 2024-02-03T05:14:35.434000
O2 WILZ EHZ P 2024-02-03T05:14:33.274000
O2 WILZ EHZ P 2024-02-03T05:14:55.444000
O2 WILZ EHE S 2024-02-03T05:14:34.144000
O2 WILZ EHE S 2024-02-03T05:14:40.164000
O2 WILZ EHZ P 2024-02-03T05:14:29.154000
O2 WILZ EHZ P 2024-02-03T05:14:54.134000
O2 WILZ EHE S 2024-02-03T05:14:30.073999
O2 WILZ EHE S 2024-02-03T05:14:55.194000
O2 WILZ EHZ P 2024-02-03T05:14:29.204000
O2 WILZ EHZ P 2024-02-03T05:14:32.954000
O2 WILZ EHZ P 2024-02-03T05:14:47.384000
O2 WILZ EHE S 2024-02-03T05:14:34.104000
O2 WILZ EHE S 2024-02-03T05:14:48.274000
O2 WILZ EHZ P 2024-02-03T05:14:33.614000
O2 WILZ EHZ P 2024-02-03T05:14:52.964000
O2 WILZ EHE S 2024-02-03T05:14:34.534000
O2 WILZ EHE S 2024-02-03T05:14:53.754000
O2 WILZ EHZ P 2024-02-03T05:14:56.754000
O2 WILZ EHE S 2024-02-03T05:14:57.614000
O2 WILZ EHZ P 2024-02-03T05:14:35.514000
O2 WILZ EHZ P 2024-02-03T05:14:57.644000
O2 WILZ EHE S 2024-02-03T05:14:36.474000
O2 WILZ EHZ P 2024-02-03T05:14:36.094000
O2 WILZ EHE S 2024-02-03T05:14:28.434000
O2 WILZ EHE S 2024-02-03T05:14:36.994000
O2 WILZ EHZ P 2024-02-03T05:14:32.044000
O2 WILZ EHE S 2024-02-03T05:14:32.934000
O2 WILZ EHE S 2024-02-03T05:14:55.084000
O2 WILZ EHZ P 2024-02-03T05:14:31.694000
O2 WILZ EHZ P 2024-02-03T05:14:42.304000
O2 WILZ EHE S 2024-02-03T05:14:32.594000
O2 WILZ EHE S 2024-02-03T05:14:43.234000
O2 WILZ EHZ P 2024-02-03T05:14:31.614000
O2 WILZ EHZ P 2024-02-03T05:14:50.784000
O2 WILZ EHE S 2024-02-03T05:14:32.354000
O2 WILZ EHE S 2024-02-03T05:14:51.584000
O2 WILZ EHZ P 2024-02-03T05:14:40.404000
O2 WILZ EHZ P 2024-02-03T05:14:52.854000
O2 WILZ EHE S 2024-02-03T05:14:41.364000
O2 WILZ EHE S 2024-02-03T05:14:53.614000
O2 WILZ EHZ P 2024-02-03T05:14:34.084000
O2 WILZ EHZ P 2024-02-03T05:14:39.204000
O2 WILZ EHZ P 2024-02-03T05:14:43.484000
O2 WILZ EHZ P 2024-02-03T05:14:48.104000
O2 WILZ EHZ P 2024-02-03T05:14:54.954000
O2 WILZ EHE S 2024-02-03T05:14:28.844000
O2 WILZ EHE S 2024-02-03T05:14:35.104000
O2 WILZ EHE S 2024-02-03T05:14:40.214000
O2 WILZ EHE S 2024-02-03T05:14:44.304000
O2 WILZ EHE S 2024-02-03T05:14:48.984000
O2 WILZ EHE S 2024-02-03T05:14:55.804000
O2 WILZ EHZ P 2024-02-03T05:14:43.424000
O2 WILZ EHE S 2024-02-03T05:14:44.324000
O2 WILZ EHZ P 2024-02-03T05:14:41.494000
O2 WILZ EHZ P 2024-02-03T05:14:49.244000
O2 WILZ EHE S 2024-02-03T05:14:42.394000
O2 WILZ EHE S 2024-02-03T05:14:50.124000
O2 WILZ EHZ P 2024-02-03T05:14:50.454000
O2 WILZ EHE S 2024-02-03T05:14:51.234000
O2 WILZ EHZ P 2024-02-03T05:14:38.284000
O2 WILZ EHZ P 2024-02-03T05:14:43.074000
O2 WILZ EHE S 2024-02-03T05:14:39.134000
O2 WILZ EHE S 2024-02-03T05:14:44.063999
O2 WILZ EHZ P 2024-02-03T05:14:28.324000
O2 WILZ EHZ P 2024-02-03T05:14:42.254000
O2 WILZ EHZ P 2024-02-03T05:14:55.124000
O2 WILZ EHE S 2024-02-03T05:14:43.304000
O2 WILZ EHE S 2024-02-03T05:14:55.884000
O2 WILZ EHZ P 2024-02-03T05:14:41.094000
O2 WILZ EHZ P 2024-02-03T05:14:54.524000
O2 WILZ EHE S 2024-02-03T05:14:28.394000
O2 WILZ EHE S 2024-02-03T05:14:32.274000
O2 WILZ EHE S 2024-02-03T05:14:34.794000
O2 WILZ EHE S 2024-02-03T05:14:42.114000
O2 WILZ EHE S 2024-02-03T05:14:44.274000
O2 WILZ EHE S 2024-02-03T05:14:55.544000
O2 WILZ EHZ P 2024-02-03T05:14:29.204000
O2 WILZ EHZ P 2024-02-03T05:14:36.084000
O2 WILZ EHZ P 2024-02-03T05:14:52.364000
O2 WILZ EHE S 2024-02-03T05:14:30.113999
O2 WILZ EHE S 2024-02-03T05:14:34.874000
O2 WILZ EHE S 2024-02-03T05:14:53.114000
O2 WILZ EHZ P 2024-02-03T05:14:41.874000
O2 WILZ EHE S 2024-02-03T05:14:42.634000
O2 WILZ EHZ P 2024-02-03T05:14:48.914000
O2 WILZ EHE S 2024-02-03T05:14:49.914000
O2 WILZ EHZ P 2024-02-03T05:14:28.094000
O2 WILZ EHZ P 2024-02-03T05:14:47.604000
O2 WILZ EHE S 2024-02-03T05:14:28.734000
O2 WILZ EHE S 2024-02-03T05:14:48.614000
O2 WILZ EHZ P 2024-02-03T05:14:38.934000
O2 WILZ EHZ P 2024-02-03T05:14:50.694000
O2 WILZ EHE S 2024-02-03T05:14:39.684000
O2 WILZ EHE S 2024-02-03T05:14:51.754000
O2 WILZ EHE S 2024-02-03T05:14:55.864000
O2 WILZ EHZ P 2024-02-03T05:14:38.024000
O2 WILZ EHE S 2024-02-03T05:14:39.054000
O2 WILZ EHZ P 2024-02-03T05:14:37.234000
O2 WILZ EHZ P 2024-02-03T05:14:51.394000
O2 WILZ EHE S 2024-02-03T05:14:38.384000
O2 WILZ EHE S 2024-02-03T05:14:52.204000
O2 WILZ EHZ P 2024-02-03T05:14:29.614000
O2 WILZ EHZ P 2024-02-03T05:14:39.914000
O2 WILZ EHZ P 2024-02-03T05:14:55.164000
O2 WILZ EHE S 2024-02-03T05:14:30.664000
O2 WILZ EHE S 2024-02-03T05:14:40.674000
O2 WILZ EHE S 2024-02-03T05:14:56.124000
O2 WILZ EHZ P 2024-02-03T05:14:28.644000
O2 WILZ EHZ P 2024-02-03T05:14:39.474000
O2 WILZ EHZ P 2024-02-03T05:14:45.364000
O2 WILZ EHE S 2024-02-03T05:14:31.024000
O2 WILZ EHE S 2024-02-03T05:14:40.534000
O2 WILZ EHE S 2024-02-03T05:14:46.274000
O2 WILZ EHZ P 2024-02-03T05:14:52.254000
O2 WILZ EHE S 2024-02-03T05:14:53.114000
O2 WILZ EHZ P 2024-02-03T05:14:45.734000
O2 WILZ EHE S 2024-02-03T05:14:46.864000
O2 WILZ EHZ P 2024-02-03T05:14:41.594000
O2 WILZ EHZ P 2024-02-03T05:14:56.724000
O2 WILZ EHE S 2024-02-03T05:14:34.564000
O2 WILZ EHE S 2024-02-03T05:14:42.304000
O2 WILZ EHE S 2024-02-03T05:14:57.604000
O2 WILZ EHZ P 2024-02-03T05:14:47.674000
O2 WILZ EHE S 2024-02-03T05:14:48.744000
O2 WILZ EHZ P 2024-02-03T05:14:42.814000
O2 WILZ EHE S 2024-02-03T05:14:43.714000
O2 WILZ EHZ P 2024-02-03T05:14:41.094000
O2 WILZ EHE S 2024-02-03T05:14:41.874000
O2 WILZ EHZ P 2024-02-03T05:14:29.444000
O2 WILZ EHZ P 2024-02-03T05:14:52.904000
O2 WILZ EHE S 2024-02-03T05:14:30.034000
O2 WILZ EHE S 2024-02-03T05:14:53.714000
O2 WILZ EHZ P 2024-02-03T05:14:37.654000
O2 WILZ EHZ P 2024-02-03T05:14:45.364000
O2 WILZ EHE S 2024-02-03T05:14:38.814000
O2 WILZ EHE S 2024-02-03T05:14:46.264000
O2 WILZ EHZ P 2024-02-03T05:14:38.554000
O2 WILZ EHZ P 2024-02-03T05:14:55.284000
O2 WILZ EHE S 2024-02-03T05:14:39.514000
O2 WILZ EHE S 2024-02-03T05:14:56.194000
O2 WILZ EHZ P 2024-02-03T05:14:38.964000
O2 WILZ EHZ P 2024-02-03T05:14:57.684000
O2 WILZ EHE S 2024-02-03T05:14:39.954000
O2 WILZ EHZ P 2024-02-03T05:14:55.174000
O2 WILZ EHE S 2024-02-03T05:14:28.434000
O2 WILZ EHE S 2024-02-03T05:14:56.264000
O2 WILZ EHZ P 2024-02-03T05:14:38.794000
O2 WILZ EHZ P 2024-02-03T05:14:52.564000
O2 WILZ EHE S 2024-02-03T05:14:39.894000
O2 WILZ EHE S 2024-02-03T05:14:53.644000
O2 WILZ EHZ P 2024-02-03T05:14:28.364000
O2 WILZ EHZ P 2024-02-03T05:14:55.984000
O2 WILZ EHE S 2024-02-03T05:14:29.384000
O2 WILZ EHE S 2024-02-03T05:14:56.734000
O2 WILZ EHZ P 2024-02-03T05:14:43.494000
O2 WILZ EHE S 2024-02-03T05:14:44.473999
O2 WILZ EHZ P 2024-02-03T05:14:34.164000
O2 WILZ EHZ P 2024-02-03T05:14:40.704000
O2 WILZ EHE S 2024-02-03T05:14:35.164000
O2 WILZ EHE S 2024-02-03T05:14:41.984000
O2 WILZ EHZ P 2024-02-03T05:14:41.204000
O2 WILZ EHZ P 2024-02-03T05:14:51.714000
O2 WILZ EHE S 2024-02-03T05:14:42.254000
O2 WILZ EHE S 2024-02-03T05:14:52.434000
O2 WILZ EHZ P 2024-02-03T05:14:35.694000
O2 WILZ EHZ P 2024-02-03T05:14:51.824000
O2 WILZ EHE S 2024-02-03T05:14:36.434000
O2 WILZ EHE S 2024-02-03T05:14:52.844000
O2 WILZ EHZ P 2024-02-03T05:14:29.564000
O2 WILZ EHZ P 2024-02-03T05:14:55.534000
O2 WILZ EHE S 2024-02-03T05:14:28.634000
O2 WILZ EHE S 2024-02-03T05:14:56.584000
O2 WILZ EHZ P 2024-02-03T05:14:28.324000
O2 WILZ EHE S 2024-02-03T05:14:29.064000
O2 WILZ EHZ P 2024-02-03T05:14:28.324000
O2 WILZ EHZ P 2024-02-03T05:14:50.104000
O2 WILZ EHZ P 2024-02-03T05:14:54.984000
O2 WILZ EHE S 2024-02-03T05:14:29.114000
O2 WILZ EHE S 2024-02-03T05:14:50.844000
O2 WILZ EHE S 2024-02-03T05:14:55.924000
O2 WILZ EHZ P 2024-02-03T05:14:32.284000
O2 WILZ EHZ P 2024-02-03T05:14:42.474000
O2 WILZ EHE S 2024-02-03T05:14:33.284000
O2 WILZ EHE S 2024-02-03T05:14:43.194000
O2 WILZ EHZ P 2024-02-03T05:14:39.684000
O2 WILZ EHZ P 2024-02-03T05:14:47.994000
O2 WILZ EHZ P 2024-02-03T05:14:54.294000
O2 WILZ EHE S 2024-02-03T05:14:41.444000
O2 WILZ EHE S 2024-02-03T05:14:48.804000
O2 WILZ EHZ P 2024-02-03T05:14:47.724000
O2 WILZ EHE S 2024-02-03T05:14:48.554000
O2 WILZ EHZ P 2024-02-03T05:14:35.524000
O2 WILZ EHZ P 2024-02-03T05:14:43.204000
O2 WILZ EHZ P 2024-02-03T05:14:47.884000
O2 WILZ EHZ P 2024-02-03T05:14:56.994000
O2 WILZ EHE S 2024-02-03T05:14:36.604000
O2 WILZ EHE S 2024-02-03T05:14:43.964000
O2 WILZ EHE S 2024-02-03T05:14:48.924000
O2 WILZ EHE S 2024-02-03T05:14:57.914000
O2 WILZ EHZ P 2024-02-03T05:14:31.684000
O2 WILZ EHZ P 2024-02-03T05:14:37.084000
O2 WILZ EHE S 2024-02-03T05:14:32.454000
O2 WILZ EHE S 2024-02-03T05:14:37.944000
O2 WILZ EHZ P 2024-02-03T05:14:28.924000
O2 WILZ EHE S 2024-02-03T05:14:29.694000
O2 WILZ EHZ P 2024-02-03T05:14:29.034000
O2 WILZ EHZ P 2024-02-03T05:14:55.844000
O2 WILZ EHE S 2024-02-03T05:14:29.904000
O2 WILZ EHE S 2024-02-03T05:14:56.634000
O2 WILZ EHZ P 2024-02-03T05:14:48.924000
O2 WILZ EHE S 2024-02-03T05:14:49.804000
O2 WILZ EHZ P 2024-02-03T05:14:49.044000
O2 WILZ EHZ P 2024-02-03T05:14:55.414000
O2 WILZ EHE S 2024-02-03T05:14:49.954000
O2 WILZ EHE S 2024-02-03T05:14:56.464000
O2 WILZ EHZ P 2024-02-03T05:14:30.614000
O2 WILZ EHZ P 2024-02-03T05:14:44.004000
O2 WILZ EHZ P 2024-02-03T05:14:50.944000
O2 WILZ EHE S 2024-02-03T05:14:31.514000
O2 WILZ EHE S 2024-02-03T05:14:44.764000
O2 WILZ EHE S 2024-02-03T05:14:51.714000
O2 WILZ EHZ P 2024-02-03T05:14:40.114000
O2 WILZ EHZ P 2024-02-03T05:14:56.004000
O2 WILZ EHE S 2024-02-03T05:14:41.324000
O2 WILZ EHE S 2024-02-03T05:14:54.004000
O2 WILZ EHE S 2024-02-03T05:14:56.954000
O2 WILZ EHZ P 2024-02-03T05:14:28.084000
O2 WILZ EHZ P 2024-02-03T05:14:38.804000
O2 WILZ EHZ P 2024-02-03T05:14:49.804000
O2 WILZ EHE S 2024-02-03T05:14:28.884000
O2 WILZ EHE S 2024-02-03T05:14:39.604000
O2 WILZ EHE S 2024-02-03T05:14:50.554000
O2 WILZ EHZ P 2024-02-03T05:14:34.754000
O2 WILZ EHZ P 2024-02-03T05:14:41.204000
O2 WILZ EHZ P 2024-02-03T05:14:52.854000
O2 WILZ EHE S 2024-02-03T05:14:35.814000
O2 WILZ EHE S 2024-02-03T05:14:42.144000
O2 WILZ EHE S 2024-02-03T05:14:53.844000
O2 WILZ EHZ P 2024-02-03T05:14:32.674000
O2 WILZ EHZ P 2024-02-03T05:14:42.404000
O2 WILZ EHZ P 2024-02-03T05:14:57.054000
O2 WILZ EHE S 2024-02-03T05:14:33.424000
O2 WILZ EHE S 2024-02-03T05:14:43.374000
O2 WILZ EHE S 2024-02-03T05:14:57.884000
O2 WILZ EHZ P 2024-02-03T05:14:40.344000
O2 WILZ EHZ P 2024-02-03T05:14:52.374000
O2 WILZ EHE S 2024-02-03T05:14:33.684000
O2 WILZ EHE S 2024-02-03T05:14:41.164000
O2 WILZ EHE S 2024-02-03T05:14:53.274000
O2 WILZ EHZ P 2024-02-03T05:14:37.204000
O2 WILZ EHZ P 2024-02-03T05:14:56.844000
O2 WILZ EHE S 2024-02-03T05:14:38.474000
O2 WILZ EHE S 2024-02-03T05:14:57.594000
O2 WILZ EHZ P 2024-02-03T05:14:35.214000
O2 WILZ EHE S 2024-02-03T05:14:36.113999
O2 WILZ EHZ P 2024-02-03T05:14:40.634000
O2 WILZ EHE S 2024-02-03T05:14:41.554000
O2 WILZ EHZ P 2024-02-03T05:14:50.104000
O2 WILZ EHZ P 2024-02-03T05:14:57.114000
O2 WILZ EHE S 2024-02-03T05:14:50.944000
O2 WILZ EHE S 2024-02-03T05:14:57.914000
O2 WILZ EHE S 2024-02-03T05:14:28.404000
O2 WILZ EHZ P 2024-02-03T05:14:35.174000
O2 WILZ EHZ P 2024-02-03T05:14:53.404000
O2 WILZ EHE S 2024-02-03T05:14:36.033999
O2 WILZ EHE S 2024-02-03T05:14:54.334000
O2 WILZ EHZ P 2024-02-03T05:14:45.084000
O2 WILZ EHZ P 2024-02-03T05:14:55.624000
O2 WILZ EHE S 2024-02-03T05:14:45.824000
O2 WILZ EHE S 2024-02-03T05:14:56.384000
O2 WILZ EHZ P 2024-02-03T05:14:34.044000
O2 WILZ EHZ P 2024-02-03T05:14:54.884000
O2 WILZ EHE S 2024-02-03T05:14:34.964000
O2 WILZ EHE S 2024-02-03T05:14:55.714000
O2 WILZ EHZ P 2024-02-03T05:14:39.684000
O2 WILZ EHZ P 2024-02-03T05:14:51.554000
O2 WILZ EHE S 2024-02-03T05:14:40.614000
O2 WILZ EHE S 2024-02-03T05:14:52.394000
O2 WILZ EHE S 2024-02-03T05:14:28.754000
O2 WILZ EHZ P 2024-02-03T05:14:56.554000
O2 WILZ EHE S 2024-02-03T05:14:57.474000
O2 WILZ EHZ P 2024-02-03T05:14:47.354000
O2 WILZ EHZ P 2024-02-03T05:14:52.764000
O2 WILZ EHE S 2024-02-03T05:14:28.524000
O2 WILZ EHZ P 2024-02-03T05:14:29.844000
O2 WILZ EHZ P 2024-02-03T05:14:36.674000
O2 WILZ EHE S 2024-02-03T05:14:37.474000
O2 WILZ EHZ P 2024-02-03T05:14:36.264000
O2 WILZ EHZ P 2024-02-03T05:14:54.514000
O2 WILZ EHE S 2024-02-03T05:14:37.134000
O2 WILZ EHE S 2024-02-03T05:14:55.474000
O2 WILZ EHZ P 2024-02-03T05:14:54.744000
O2 WILZ EHE S 2024-02-03T05:14:55.504000
O2 WILZ EHZ P 2024-02-03T05:14:57.564000
O2 WILZ EHZ P 2024-02-03T05:14:37.834000
O2 WILZ EHZ P 2024-02-03T05:14:42.064000
O2 WILZ EHZ P 2024-02-03T05:14:48.684000
O2 WILZ EHZ P 2024-02-03T05:14:53.964000
O2 WILZ EHE S 2024-02-03T05:14:42.844000
O2 WILZ EHE S 2024-02-03T05:14:49.424000
O2 WILZ EHE S 2024-02-03T05:14:54.894000
O2 WILZ EHZ P 2024-02-03T05:14:36.193999
O2 WILZ EHZ P 2024-02-03T05:14:55.074000
O2 WILZ EHE S 2024-02-03T05:14:37.014000
O2 WILZ EHE S 2024-02-03T05:14:57.164000
O2 WILZ EHE S 2024-02-03T05:14:51.334000
O2 WILZ EHZ P 2024-02-03T05:14:54.084000
O2 WILZ EHE S 2024-02-03T05:14:55.034000
O2 WILZ EHZ P 2024-02-03T05:14:46.764000
O2 WILZ EHZ P 2024-02-03T05:14:54.024000
O2 WILZ EHE S 2024-02-03T05:14:47.834000
O2 WILZ EHE S 2024-02-03T05:14:54.914000
O2 WILZ EHZ P 2024-02-03T05:14:31.404000
O2 WILZ EHZ P 2024-02-03T05:14:56.564000
O2 WILZ EHE S 2024-02-03T05:14:32.674000
O2 WILZ EHE S 2024-02-03T05:14:57.584000
O2 WILZ EHZ P 2024-02-03T05:14:35.944000
O2 WILZ EHE S 2024-02-03T05:14:36.724000
O2 WILZ EHZ P 2024-02-03T05:14:34.434000
O2 WILZ EHE S 2024-02-03T05:14:35.174000
O2 WILZ EHZ P 2024-02-03T05:14:55.974000
O2 WILZ EHE S 2024-02-03T05:14:28.784000
O2 WILZ EHE S 2024-02-03T05:14:56.664000
O2 WILZ EHZ P 2024-02-03T05:14:33.214000
O2 WILZ EHZ P 2024-02-03T05:14:47.764000
O2 WILZ EHZ P 2024-02-03T05:14:55.394000
O2 WILZ EHE S 2024-02-03T05:14:33.964000
O2 WILZ EHE S 2024-02-03T05:14:48.554000
O2 WILZ EHE S 2024-02-03T05:14:56.404000
O2 WILZ EHZ P 2024-02-03T05:14:29.204000
O2 WILZ EHZ P 2024-02-03T05:14:52.924000
O2 WILZ EHE S 2024-02-03T05:14:29.794000
O2 WILZ EHE S 2024-02-03T05:14:53.654000
O2 WILZ EHZ P 2024-02-03T05:14:30.044000
O2 WILZ EHZ P 2024-02-03T05:14:36.974000
O2 WILZ EHZ P 2024-02-03T05:14:57.324000
O2 WILZ EHE S 2024-02-03T05:14:31.034000
O2 WILZ EHE S 2024-02-03T05:14:37.774000
O2 WILZ EHZ P 2024-02-03T05:14:51.244000
O2 WILZ EHZ P 2024-02-03T05:14:55.374000
O2 WILZ EHE S 2024-02-03T05:14:42.494000
O2 WILZ EHE S 2024-02-03T05:14:51.474000
O2 WILZ EHE S 2024-02-03T05:14:56.194000
O2 WILZ EHZ P 2024-02-03T05:14:30.564000
O2 WILZ EHZ P 2024-02-03T05:14:39.834000
O2 WILZ EHE S 2024-02-03T05:14:40.704000
O2 WILZ EHZ P 2024-02-03T05:14:39.884000
O2 WILZ EHZ P 2024-02-03T05:14:54.564000
O2 WILZ EHE S 2024-02-03T05:14:40.854000
O2 WILZ EHZ P 2024-02-03T05:14:30.934000
O2 WILZ EHZ P 2024-02-03T05:14:36.254000
O2 WILZ EHZ P 2024-02-03T05:14:45.604000
O2 WILZ EHE S 2024-02-03T05:14:31.564000
O2 WILZ EHE S 2024-02-03T05:14:37.144000
O2 WILZ EHE S 2024-02-03T05:14:46.404000
O2 WILZ EHZ P 2024-02-03T05:14:35.934000
O2 WILZ EHE S 2024-02-03T05:14:36.754000
O2 WILZ EHZ P 2024-02-03T05:14:30.784000
O2 WILZ EHZ P 2024-02-03T05:14:46.484000
O2 WILZ EHE S 2024-02-03T05:14:31.574000
O2 WILZ EHE S 2024-02-03T05:14:47.324000
O2 WILZ EHZ P 2024-02-03T05:14:41.644000
O2 WILZ EHZ P 2024-02-03T05:14:44.883999
O2 WILZ EHE S 2024-02-03T05:14:42.594000
O2 WILZ EHE S 2024-02-03T05:14:45.764000
O2 WILZ EHZ P 2024-02-03T05:14:36.844000
O2 WILZ EHZ P 2024-02-03T05:14:54.824000
O2 WILZ EHE S 2024-02-03T05:14:37.574000
O2 WILZ EHE S 2024-02-03T05:14:52.474000
O2 WILZ EHE S 2024-02-03T05:14:55.584000
O2 WILZ EHZ P 2024-02-03T05:14:30.354000
O2 WILZ EHZ P 2024-02-03T05:14:37.644000
O2 WILZ EHE S 2024-02-03T05:14:31.394000
O2 WILZ EHE S 2024-02-03T05:14:38.384000
O2 WILZ EHZ P 2024-02-03T05:14:48.354000
O2 WILZ EHE S 2024-02-03T05:14:30.214000
O2 WILZ EHE S 2024-02-03T05:14:49.234000
O2 WILZ EHZ P 2024-02-03T05:14:50.404000
O2 WILZ EHE S 2024-02-03T05:14:51.384000
O2 WILZ EHZ P 2024-02-03T05:14:31.324000
O2 WILZ EHE S 2024-02-03T05:14:32.344000
O2 WILZ EHZ P 2024-02-03T05:14:45.234000
O2 WILZ EHE S 2024-02-03T05:14:45.974000
O2 WILZ EHZ P 2024-02-03T05:14:32.864000
O2 WILZ EHE S 2024-02-03T05:14:33.634000
O2 WILZ EHZ P 2024-02-03T05:14:48.814000
O2 WILZ EHZ P 2024-02-03T05:14:56.214000
O2 WILZ EHE S 2024-02-03T05:14:49.594000
O2 WILZ EHZ P 2024-02-03T05:14:51.864000
O2 WILZ EHZ P 2024-02-03T05:14:55.754000
O2 WILZ EHE S 2024-02-03T05:14:56.644000
O2 WILZ EHZ P 2024-02-03T05:14:43.644000
O2 WILZ EHZ P 2024-02-03T05:14:48.304000
O2 WILZ EHZ P 2024-02-03T05:14:56.204000
O2 WILZ EHE S 2024-02-03T05:14:44.424000
O2 WILZ EHE S 2024-02-03T05:14:49.194000
O2 WILZ EHE S 2024-02-03T05:14:57.174000
O2 WILZ EHZ P 2024-02-03T05:14:44.504000
O2 WILZ EHE S 2024-02-03T05:14:45.504000
O2 WILZ EHZ P 2024-02-03T05:14:36.924000
O2 WILZ EHZ P 2024-02-03T05:14:47.044000
O2 WILZ EHZ P 2024-02-03T05:14:56.684000
O2 WILZ EHE S 2024-02-03T05:14:38.174000
O2 WILZ EHE S 2024-02-03T05:14:48.094000
O2 WILZ EHE S 2024-02-03T05:14:57.674000
O2 WILZ EHZ P 2024-02-03T05:14:30.424000
O2 WILZ EHZ P 2024-02-03T05:14:38.884000
O2 WILZ EHZ P 2024-02-03T05:14:43.484000
O2 WILZ EHZ P 2024-02-03T05:14:47.684000
O2 WILZ EHZ P 2024-02-03T05:14:57.194000
O2 WILZ EHE S 2024-02-03T05:14:31.274000
O2 WILZ EHE S 2024-02-03T05:14:39.634000
O2 WILZ EHE S 2024-02-03T05:14:48.404000
O2 WILZ EHE S 2024-02-03T05:14:53.634000
O2 WILZ EHZ P 2024-02-03T05:14:49.634000
O2 WILZ EHE S 2024-02-03T05:14:50.594000
O2 WILZ EHZ P 2024-02-03T05:14:40.634000
O2 WILZ EHZ P 2024-02-03T05:14:45.924000
O2 WILZ EHE S 2024-02-03T05:14:41.604000
O2 WILZ EHE S 2024-02-03T05:14:46.444000
O2 WILZ EHZ P 2024-02-03T05:14:35.834000
O2 WILZ EHE S 2024-02-03T05:14:36.914000
O2 WILZ EHZ P 2024-02-03T05:14:29.134000
O2 WILZ EHZ P 2024-02-03T05:14:46.324000
O2 WILZ EHE S 2024-02-03T05:14:29.974000
O2 WILZ EHE S 2024-02-03T05:14:47.034000
O2 WILZ EHZ P 2024-02-03T05:14:31.074000
O2 WILZ EHZ P 2024-02-03T05:14:45.604000
O2 WILZ EHZ P 2024-02-03T05:14:53.714000
O2 WILZ EHE S 2024-02-03T05:14:31.924000
O2 WILZ EHE S 2024-02-03T05:14:46.324000
O2 WILZ EHE S 2024-02-03T05:14:54.484000
O2 WILZ EHZ P 2024-02-03T05:14:30.324000
O2 WILZ EHZ P 2024-02-03T05:14:43.164000
O2 WILZ EHZ P 2024-02-03T05:14:47.754000
O2 WILZ EHZ P 2024-02-03T05:14:55.884000
O2 WILZ EHE S 2024-02-03T05:14:31.284000
O2 WILZ EHE S 2024-02-03T05:14:44.153999
O2 WILZ EHE S 2024-02-03T05:14:56.824000
O2 WILZ EHZ P 2024-02-03T05:14:28.494000
O2 WILZ EHE S 2024-02-03T05:14:29.234000
O2 WILZ EHZ P 2024-02-03T05:14:34.044000
O2 WILZ EHZ P 2024-02-03T05:14:55.994000
O2 WILZ EHE S 2024-02-03T05:14:35.034000
O2 WILZ EHE S 2024-02-03T05:14:56.754000
O2 WILZ EHZ P 2024-02-03T05:14:36.094000
O2 WILZ EHZ P 2024-02-03T05:14:48.724000
O2 WILZ EHE S 2024-02-03T05:14:37.054000
O2 WILZ EHE S 2024-02-03T05:14:49.634000
O2 WILZ EHZ P 2024-02-03T05:14:30.964000
O2 WILZ EHZ P 2024-02-03T05:14:41.824000
O2 WILZ EHE S 2024-02-03T05:14:31.844000
O2 WILZ EHE S 2024-02-03T05:14:42.714000
O2 WILZ EHZ P 2024-02-03T05:14:34.384000
O2 WILZ EHZ P 2024-02-03T05:14:45.754000
O2 WILZ EHE S 2024-02-03T05:14:35.194000
O2 WILZ EHE S 2024-02-03T05:14:46.524000
O2 WILZ EHZ P 2024-02-03T05:14:39.264000
O2 WILZ EHE S 2024-02-03T05:14:33.044000
O2 WILZ EHE S 2024-02-03T05:14:40.004000
O2 WILZ EHZ P 2024-02-03T05:14:33.324000
O2 WILZ EHE S 2024-02-03T05:14:34.144000
O2 WILZ EHZ P 2024-02-03T05:14:47.754000
O2 WILZ EHE S 2024-02-03T05:14:48.654000
O2 WILZ EHZ P 2024-02-03T05:14:34.404000
O2 WILZ EHZ P 2024-02-03T05:14:55.844000
O2 WILZ EHE S 2024-02-03T05:14:35.324000
O2 WILZ EHE S 2024-02-03T05:14:56.584000
O2 WILZ EHZ P 2024-02-03T05:14:40.894000
O2 WILZ EHE S 2024-02-03T05:14:41.534000
O2 WILZ EHZ P 2024-02-03T05:14:41.494000
O2 WILZ EHZ P 2024-02-03T05:14:46.884000
O2 WILZ EHE S 2024-02-03T05:14:42.794000
O2 WILZ EHE S 2024-02-03T05:14:47.974000
O2 WILZ EHE S 2024-02-03T05:14:54.564000
O2 WILZ EHZ P 2024-02-03T05:14:28.624000
O2 WILZ EHE S 2024-02-03T05:14:29.814000
O2 WILZ EHZ P 2024-02-03T05:14:35.694000
O2 WILZ EHZ P 2024-02-03T05:14:50.094000
O2 WILZ EHE S 2024-02-03T05:14:36.494000
O2 WILZ EHE S 2024-02-03T05:14:50.854000
O2 WILZ EHZ P 2024-02-03T05:14:32.324000
O2 WILZ EHZ P 2024-02-03T05:14:44.284000
O2 WILZ EHE S 2024-02-03T05:14:33.354000
O2 WILZ EHE S 2024-02-03T05:14:45.044000
O2 WILZ EHZ P 2024-02-03T05:14:39.674000
O2 WILZ EHE S 2024-02-03T05:14:40.414000
O2 WILZ EHZ P 2024-02-03T05:14:31.144000
O2 WILZ EHZ P 2024-02-03T05:14:52.364000
O2 WILZ EHE S 2024-02-03T05:14:32.143999
O2 WILZ EHE S 2024-02-03T05:14:53.134000
O2 WILZ EHZ P 2024-02-03T05:14:46.064000
O2 WILZ EHZ P 2024-02-03T05:14:55.694000
O2 WILZ EHE S 2024-02-03T05:14:47.104000
O2 WILZ EHE S 2024-02-03T05:14:56.484000
O2 WILZ EHZ P 2024-02-03T05:14:37.014000
O2 WILZ EHE S 2024-02-03T05:14:38.114000
O2 WILZ EHZ P 2024-02-03T05:14:42.114000
O2 WILZ EHE S 2024-02-03T05:14:42.894000
O2 WILZ EHZ P 2024-02-03T05:14:53.314000
O2 WILZ EHE S 2024-02-03T05:14:54.074000
O2 WILZ EHZ P 2024-02-03T05:14:44.084000
O2 WILZ EHZ P 2024-02-03T05:14:51.944000
O2 WILZ EHE S 2024-02-03T05:14:44.903999
O2 WILZ EHE S 2024-02-03T05:14:52.864000
O2 WILZ EHZ P 2024-02-03T05:14:29.884000
O2 WILZ EHZ P 2024-02-03T05:14:39.464000
O2 WILZ EHZ P 2024-02-03T05:14:53.234000
O2 WILZ EHE S 2024-02-03T05:14:30.824000
O2 WILZ EHE S 2024-02-03T05:14:40.244000
O2 WILZ EHE S 2024-02-03T05:14:54.184000
O2 WILZ EHZ P 2024-02-03T05:14:46.324000
O2 WILZ EHZ P 2024-02-03T05:14:50.944000
O2 WILZ EHE S 2024-02-03T05:14:28.974000
O2 WILZ EHE S 2024-02-03T05:14:47.214000
O2 WILZ EHE S 2024-02-03T05:14:51.954000
O2 WILZ EHZ P 2024-02-03T05:14:30.104000
O2 WILZ EHZ P 2024-02-03T05:14:38.384000
O2 WILZ EHZ P 2024-02-03T05:14:50.834000
O2 WILZ EHE S 2024-02-03T05:14:30.844000
O2 WILZ EHE S 2024-02-03T05:14:51.594000
O2 WILZ EHZ P 2024-02-03T05:14:31.044000
O2 WILZ EHZ P 2024-02-03T05:14:52.514000
O2 WILZ EHE S 2024-02-03T05:14:31.794000
O2 WILZ EHE S 2024-02-03T05:14:53.294000
O2 WILZ EHZ P 2024-02-03T05:14:38.824000
O2 WILZ EHZ P 2024-02-03T05:14:40.374000
O2 WILZ EHZ P 2024-02-03T05:14:53.024000
O2 WILZ EHE S 2024-02-03T05:14:39.764000
O2 WILZ EHE S 2024-02-03T05:14:41.134000
O2 WILZ EHE S 2024-02-03T05:14:53.864000
O2 WILZ EHZ P 2024-02-03T05:14:28.114000
O2 WILZ EHZ P 2024-02-03T05:14:42.044000
O2 WILZ EHZ P 2024-02-03T05:14:56.474000
O2 WILZ EHE S 2024-02-03T05:14:29.074000
O2 WILZ EHE S 2024-02-03T05:14:42.904000
O2 WILZ EHE S 2024-02-03T05:14:57.244000
O2 WILZ EHZ P 2024-02-03T05:14:36.844000
O2 WILZ EHE S 2024-02-03T05:14:37.594000
O2 WILZ EHZ P 2024-02-03T05:14:39.834000
O2 WILZ EHE S 2024-02-03T05:14:40.914000
O2 WILZ EHZ P 2024-02-03T05:14:31.924000
O2 WILZ EHE S 2024-02-03T05:14:32.804000
O2 WILZ EHZ P 2024-02-03T05:14:40.554000
O2 WILZ EHE S 2024-02-03T05:14:41.334000
O2 WILZ EHZ P 2024-02-03T05:14:40.784000
O2 WILZ EHE S 2024-02-03T05:14:41.694000
O2 WILZ EHZ P 2024-02-03T05:14:32.884000
O2 WILZ EHE S 2024-02-03T05:14:33.804000
O2 WILZ EHZ P 2024-02-03T05:14:34.334000
O2 WILZ EHE S 2024-02-03T05:14:36.033999
O2 WILZ EHZ P 2024-02-03T05:14:30.364000
O2 WILZ EHE S 2024-02-03T05:14:31.354000
O2 WILZ EHZ P 2024-02-03T05:14:44.204000
O2 WILZ EHE S 2024-02-03T05:14:44.914000
O2 WILZ EHZ P 2024-02-03T05:14:31.834000
O2 WILZ EHE S 2024-02-03T05:14:32.934000
O2 WILZ EHE S 2024-02-03T05:14:44.633999
O2 WILZ EHE S 2024-02-03T05:14:39.284000
O2 WILZ EHZ P 2024-02-03T05:14:36.094000
O2 WILZ EHZ P 2024-02-03T05:14:56.644000
O2 WILZ EHE S 2024-02-03T05:14:37.114000
O2 WILZ EHE S 2024-02-03T05:14:57.424000
O2 WILZ EHZ P 2024-02-03T05:14:46.414000
O2 WILZ EHE S 2024-02-03T05:14:47.194000
O2 WILZ EHZ P 2024-02-03T05:14:28.444000
O2 WILZ EHE S 2024-02-03T05:14:29.224000
O2 WILZ EHZ P 2024-02-03T05:14:31.434000
O2 WILZ EHZ P 2024-02-03T05:14:57.314000
O2 WILZ EHE S 2024-02-03T05:14:32.474000
O2 WILZ EHZ P 2024-02-03T05:14:31.204000
O2 WILZ EHZ P 2024-02-03T05:14:54.224000
O2 WILZ EHE S 2024-02-03T05:14:32.114000
O2 WILZ EHE S 2024-02-03T05:14:55.284000
O2 WILZ EHZ P 2024-02-03T05:14:33.134000
O2 WILZ EHE S 2024-02-03T05:14:33.894000
O2 WILZ EHZ P 2024-02-03T05:14:41.094000
O2 WILZ EHE S 2024-02-03T05:14:41.914000
O2 WILZ EHZ P 2024-02-03T05:14:40.604000
O2 WILZ EHE S 2024-02-03T05:14:41.384000
O2 WILZ EHE S 2024-02-03T05:14:51.404000
O2 WILZ EHZ P 2024-02-03T05:14:32.544000
O2 WILZ EHE S 2024-02-03T05:14:33.694000
O2 WILZ EHZ P 2024-02-03T05:14:37.604000
O2 WILZ EHZ P 2024-02-03T05:14:49.304000
O2 WILZ EHZ P 2024-02-03T05:14:56.684000
O2 WILZ EHE S 2024-02-03T05:14:38.614000
O2 WILZ EHE S 2024-02-03T05:14:39.364000
O2 WILZ EHE S 2024-02-03T05:14:50.074000
O2 WILZ EHE S 2024-02-03T05:14:57.534000
O2 WILZ EHZ P 2024-02-03T05:14:53.714000
O2 WILZ EHE S 2024-02-03T05:14:54.694000
O2 WILZ EHZ P 2024-02-03T05:14:41.254000
O2 WILZ EHE S 2024-02-03T05:14:42.254000
O2 WILZ EHZ P 2024-02-03T05:14:57.294000
O2 WILZ EHZ P 2024-02-03T05:14:32.864000
O2 WILZ EHZ P 2024-02-03T05:14:38.584000
O2 WILZ EHE S 2024-02-03T05:14:28.314000
O2 WILZ EHE S 2024-02-03T05:14:33.624000
O2 WILZ EHE S 2024-02-03T05:14:39.524000
O2 WILZ EHZ P 2024-02-03T05:14:29.974000
O2 WILZ EHZ P 2024-02-03T05:14:36.684000
O2 WILZ EHZ P 2024-02-03T05:14:41.124000
O2 WILZ EHZ P 2024-02-03T05:14:56.164000
O2 WILZ EHE S 2024-02-03T05:14:31.044000
O2 WILZ EHE S 2024-02-03T05:14:37.734000
O2 WILZ EHE S 2024-02-03T05:14:42.234000
O2 WILZ EHE S 2024-02-03T05:14:56.954000
O2 WILZ EHZ P 2024-02-03T05:14:34.564000
O2 WILZ EHZ P 2024-02-03T05:14:47.844000
O2 WILZ EHZ P 2024-02-03T05:14:55.064000
O2 WILZ EHE S 2024-02-03T05:14:30.324000
O2 WILZ EHE S 2024-02-03T05:14:32.924000
O2 WILZ EHE S 2024-02-03T05:14:35.514000
O2 WILZ EHE S 2024-02-03T05:14:48.744000
O2 WILZ EHE S 2024-02-03T05:14:56.044000
O2 WILZ EHZ P 2024-02-03T05:14:34.704000
O2 WILZ EHE S 2024-02-03T05:14:35.594000
O2 WILZ EHZ P 2024-02-03T05:14:39.764000
O2 WILZ EHE S 2024-02-03T05:14:40.714000
O2 WILZ EHZ P 2024-02-03T05:14:52.904000
O2 WILZ EHE S 2024-02-03T05:14:53.674000
O2 WILZ EHZ P 2024-02-03T05:14:52.934000
O2 WILZ EHE S 2024-02-03T05:14:53.744000
O2 WILZ EHZ P 2024-02-03T05:14:31.614000
O2 WILZ EHZ P 2024-02-03T05:14:42.674000
O2 WILZ EHE S 2024-02-03T05:14:32.514000
O2 WILZ EHE S 2024-02-03T05:14:43.464000
O2 WILZ EHZ P 2024-02-03T05:14:30.264000
O2 WILZ EHZ P 2024-02-03T05:14:40.314000
O2 WILZ EHZ P 2024-02-03T05:14:50.964000
O2 WILZ EHE S 2024-02-03T05:14:30.894000
O2 WILZ EHE S 2024-02-03T05:14:35.454000
O2 WILZ EHE S 2024-02-03T05:14:41.334000
O2 WILZ EHE S 2024-02-03T05:14:51.674000
O2 WILZ EHZ P 2024-02-03T05:14:37.104000
O2 WILZ EHE S 2024-02-03T05:14:37.844000
O2 WILZ EHZ P 2024-02-03T05:14:29.444000
O2 WILZ EHZ P 2024-02-03T05:14:34.764000
O2 WILZ EHZ P 2024-02-03T05:14:41.914000
O2 WILZ EHE S 2024-02-03T05:14:30.484000
O2 WILZ EHE S 2024-02-03T05:14:35.514000
O2 WILZ EHE S 2024-02-03T05:14:42.714000
