O2 WILZ EHZ P 2024-02-03T05:14:41.534
O2 WILZ EHZ P 2024-02-03T05:14:53.634
O2 WILZ EHE S 2024-02-03T05:14:54.004
O2 WILZ EHZ P 2024-02-03T05:14:50.064
O2 WILZ EHZ P 2024-02-03T05:14:55.764
O2 WILZ EHE S 2024-02-03T05:14:51.074
O2 WILZ EHE S 2024-02-03T05:14:56.764
O2 WILZ EHZ P 2024-02-03T05:14:46.244
O2 WILZ EHE S 2024-02-03T05:14:54.544
O2 WILZ EHZ P 2024-02-03T05:14:43.044
O2 WILZ EHZ P 2024-02-03T05:14:55.554
O2 WILZ EHE S 2024-02-03T05:14:44.063
O2 WILZ EHE S 2024-02-03T05:14:56.564
O2 WILZ EHZ P 2024-02-03T05:14:29.784
O2 WILZ EHZ P 2024-02-03T05:14:55.364
O2 WILZ EHZ P 2024-02-03T05:14:40.134
O2 WILZ EHE S 2024-02-03T05:14:28.754
O2 WILZ EHE S 2024-02-03T05:14:41.124
O2 WILZ EHZ P 2024-02-03T05:14:39.434
O2 WILZ EHZ P 2024-02-03T05:14:54.014
O2 WILZ EHZ P 2024-02-03T05:14:42.394
O2 WILZ EHE S 2024-02-03T05:14:43.274
O2 WILZ EHZ P 2024-02-03T05:14:47.044
O2 WILZ EHE S 2024-02-03T05:14:39.834
O2 WILZ EHE S 2024-02-03T05:14:48.154
O2 WILZ EHZ P 2024-02-03T05:14:44.914
O2 WILZ EHE S 2024-02-03T05:14:45.974
O2 WILZ EHZ P 2024-02-03T05:14:39.094
O2 WILZ EHZ P 2024-02-03T05:14:56.664
O2 WILZ EHE S 2024-02-03T05:14:40.384
O2 WILZ EHE S 2024-02-03T05:14:57.554
O2 WILZ EHZ P 2024-02-03T05:14:33.094
O2 WILZ EHZ P 2024-02-03T05:14:40.324
O2 WILZ EHZ P 2024-02-03T05:14:48.554
O2 WILZ EHZ P 2024-02-03T05:14:57.124
O2 WILZ EHE S 2024-02-03T05:14:33.984
O2 WILZ EHE S 2024-02-03T05:14:49.374
O2 WILZ EHZ P 2024-02-03T05:14:56.404
O2 WILZ EHE S 2024-02-03T05:14:57.234
O2 WILZ EHZ P 2024-02-03T05:14:43.124
O2 WILZ EHE S 2024-02-03T05:14:44.054
O2 WILZ EHE S 2024-02-03T05:14:48.474
O2 WILZ EHE S 2024-02-03T05:14:57.834
O2 WILZ EHZ P 2024-02-03T05:14:30.804
O2 WILZ EHZ P 2024-02-03T05:14:42.964
O2 WILZ EHE S 2024-02-03T05:14:31.764
O2 WILZ EHE S 2024-02-03T05:14:43.864
O2 WILZ EHZ P 2024-02-03T05:14:30.684
O2 WILZ EHZ P 2024-02-03T05:14:50.654
O2 WILZ EHE S 2024-02-03T05:14:31.454
O2 WILZ EHE S 2024-02-03T05:14:51.624
O2 WILZ EHZ P 2024-02-03T05:14:37.404
O2 WILZ EHZ P 2024-02-03T05:14:55.484
O2 WILZ EHE S 2024-02-03T05:14:38.274
O2 WILZ EHE S 2024-02-03T05:14:56.434
O2 WILZ EHZ P 2024-02-03T05:14:45.174
O2 WILZ EHE S 2024-02-03T05:14:46.324
O2 WILZ EHZ P 2024-02-03T05:14:40.604
O2 WILZ EHZ P 2024-02-03T05:14:45.604
O2 WILZ EHZ P 2024-02-03T05:14:57.224
O2 WILZ EHE S 2024-02-03T05:14:41.974
O2 WILZ EHE S 2024-02-03T05:14:46.444
O2 WILZ EHZ P 2024-02-03T05:14:42.884
O2 WILZ EHZ P 2024-02-03T05:14:55.874
O2 WILZ EHE S 2024-02-03T05:14:43.664
O2 WILZ EHE S 2024-02-03T05:14:56.784
O2 WILZ EHZ P 2024-02-03T05:14:28.754
O2 WILZ EHZ P 2024-02-03T05:14:40.034
O2 WILZ EHE S 2024-02-03T05:14:29.674
O2 WILZ EHE S 2024-02-03T05:14:41.014
O2 WILZ EHZ P 2024-02-03T05:14:29.284
O2 WILZ EHZ P 2024-02-03T05:14:57.524
O2 WILZ EHE S 2024-02-03T05:14:30.234
O2 WILZ EHE S 2024-02-03T05:14:52.594
O2 WILZ EHZ P 2024-02-03T05:14:45.734
O2 WILZ EHZ P 2024-02-03T05:14:52.894
O2 WILZ EHZ P 2024-02-03T05:14:57.584
O2 WILZ EHE S 2024-02-03T05:14:46.644
O2 WILZ EHE S 2024-02-03T05:14:53.864
O2 WILZ EHE S 2024-02-03T05:14:57.974
O2 WILZ EHZ P 2024-02-03T05:14:49.254
O2 WILZ EHZ P 2024-02-03T05:14:55.504
O2 WILZ EHE S 2024-02-03T05:14:28.494
O2 WILZ EHE S 2024-02-03T05:14:50.354
O2 WILZ EHE S 2024-02-03T05:14:56.584
O2 WILZ EHZ P 2024-02-03T05:14:28.504
O2 WILZ EHZ P 2024-02-03T05:14:46.594
O2 WILZ EHE S 2024-02-03T05:14:29.574
O2 WILZ EHE S 2024-02-03T05:14:47.514
O2 WILZ EHZ P 2024-02-03T05:14:32.344
O2 WILZ EHZ P 2024-02-03T05:14:39.874
O2 WILZ EHZ P 2024-02-03T05:14:47.384
O2 WILZ EHZ P 2024-02-03T05:14:56.604
O2 WILZ EHE S 2024-02-03T05:14:33.574
O2 WILZ EHE S 2024-02-03T05:14:40.784
O2 WILZ EHE S 2024-02-03T05:14:48.014
O2 WILZ EHZ P 2024-02-03T05:14:30.564
O2 WILZ EHZ P 2024-02-03T05:14:53.444
O2 WILZ EHE S 2024-02-03T05:14:31.554
O2 WILZ EHE S 2024-02-03T05:14:54.534
O2 WILZ EHZ P 2024-02-03T05:14:33.254
O2 WILZ EHZ P 2024-02-03T05:14:42.684
O2 WILZ EHZ P 2024-02-03T05:14:49.204
O2 WILZ EHE S 2024-02-03T05:14:34.134
O2 WILZ EHE S 2024-02-03T05:14:36.894
O2 WILZ EHE S 2024-02-03T05:14:44.364
O2 WILZ EHZ P 2024-02-03T05:14:40.164
O2 WILZ EHZ P 2024-02-03T05:14:52.204
O2 WILZ EHE S 2024-02-03T05:14:28.444
O2 WILZ EHE S 2024-02-03T05:14:52.834
O2 WILZ EHZ P 2024-02-03T05:14:34.514
O2 WILZ EHE S 2024-02-03T05:14:35.434
O2 WILZ EHZ P 2024-02-03T05:14:33.274
O2 WILZ EHZ P 2024-02-03T05:14:55.444
O2 WILZ EHE S 2024-02-03T05:14:34.144
O2 WILZ EHE S 2024-02-03T05:14:40.164
O2 WILZ EHZ P 2024-02-03T05:14:29.154
O2 WILZ EHZ P 2024-02-03T05:14:54.134
O2 WILZ EHE S 2024-02-03T05:14:30.064
O2 WILZ EHE S 2024-02-03T05:14:55.194
O2 WILZ EHZ P 2024-02-03T05:14:29.204
O2 WILZ EHZ P 2024-02-03T05:14:32.954
O2 WILZ EHZ P 2024-02-03T05:14:47.384
O2 WILZ EHE S 2024-02-03T05:14:34.104
O2 WILZ EHE S 2024-02-03T05:14:48.274
O2 WILZ EHZ P 2024-02-03T05:14:33.614
O2 WILZ EHZ P 2024-02-03T05:14:52.964
O2 WILZ EHE S 2024-02-03T05:14:34.534
O2 WILZ EHE S 2024-02-03T05:14:53.754
O2 WILZ EHZ P 2024-02-03T05:14:56.754
O2 WILZ EHE S 2024-02-03T05:14:57.614
O2 WILZ EHZ P 2024-02-03T05:14:35.514
O2 WILZ EHZ P 2024-02-03T05:14:57.644
O2 WILZ EHE S 2024-02-03T05:14:36.474
O2 WILZ EHZ P 2024-02-03T05:14:36.094
O2 WILZ EHE S 2024-02-03T05:14:28.434
O2 WILZ EHE S 2024-02-03T05:14:36.994
O2 WILZ EHZ P 2024-02-03T05:14:32.044
O2 WILZ EHE S 2024-02-03T05:14:32.934
O2 WILZ EHE S 2024-02-03T05:14:55.084
O2 WILZ EHZ P 2024-02-03T05:14:31.694
O2 WILZ EHZ P 2024-02-03T05:14:42.304
O2 WILZ EHE S 2024-02-03T05:14:32.594
O2 WILZ EHE S 2024-02-03T05:14:43.234
O2 WILZ EHZ P 2024-02-03T05:14:31.614
O2 WILZ EHZ P 2024-02-03T05:14:50.784
O2 WILZ EHE S 2024-02-03T05:14:32.354
O2 WILZ EHE S 2024-02-03T05:14:51.584
O2 WILZ EHZ P 2024-02-03T05:14:40.404
O2 WILZ EHZ P 2024-02-03T05:14:52.854
O2 WILZ EHE S 2024-02-03T05:14:41.364
O2 WILZ EHE S 2024-02-03T05:14:53.614
O2 WILZ EHZ P 2024-02-03T05:14:34.084
O2 WILZ EHZ P 2024-02-03T05:14:39.204
O2 WILZ EHZ P 2024-02-03T05:14:43.484
O2 WILZ EHZ P 2024-02-03T05:14:48.104
O2 WILZ EHZ P 2024-02-03T05:14:54.954
O2 WILZ EHE S 2024-02-03T05:14:28.844
O2 WILZ EHE S 2024-02-03T05:14:35.104
O2 WILZ EHE S 2024-02-03T05:14:40.214
O2 WILZ EHE S 2024-02-03T05:14:44.304
O2 WILZ EHE S 2024-02-03T05:14:48.984
O2 WILZ EHE S 2024-02-03T05:14:55.804
O2 WILZ EHZ P 2024-02-03T05:14:43.424
O2 WILZ EHE S 2024-02-03T05:14:44.324
O2 WILZ EHZ P 2024-02-03T05:14:41.494
O2 WILZ EHZ P 2024-02-03T05:14:49.244
O2 WILZ EHE S 2024-02-03T05:14:42.394
O2 WILZ EHE S 2024-02-03T05:14:50.124
O2 WILZ EHZ P 2024-02-03T05:14:50.454
O2 WILZ EHE S 2024-02-03T05:14:51.234
O2 WILZ EHZ P 2024-02-03T05:14:38.284
O2 WILZ EHZ P 2024-02-03T05:14:43.074
O2 WILZ EHE S 2024-02-03T05:14:39.134
O2 WILZ EHE S 2024-02-03T05:14:44.063
O2 WILZ EHZ P 2024-02-03T05:14:28.324
O2 WILZ EHZ P 2024-02-03T05:14:42.254
O2 WILZ EHZ P 2024-02-03T05:14:55.124
O2 WILZ EHE S 2024-02-03T05:14:43.304
O2 WILZ EHE S 2024-02-03T05:14:55.884
O2 WILZ EHZ P 2024-02-03T05:14:41.094
O2 WILZ EHZ P 2024-02-03T05:14:54.524
O2 WILZ EHE S 2024-02-03T05:14:28.394
O2 WILZ EHE S 2024-02-03T05:14:32.274
O2 WILZ EHE S 2024-02-03T05:14:34.794
O2 WILZ EHE S 2024-02-03T05:14:42.114
O2 WILZ EHE S 2024-02-03T05:14:44.274
O2 WILZ EHE S 2024-02-03T05:14:55.544
O2 WILZ EHZ P 2024-02-03T05:14:29.204
O2 WILZ EHZ P 2024-02-03T05:14:36.084
O2 WILZ EHZ P 2024-02-03T05:14:52.364
O2 WILZ EHE S 2024-02-03T05:14:30.113
O2 WILZ EHE S 2024-02-03T05:14:34.874
O2 WILZ EHE S 2024-02-03T05:14:53.114
O2 WILZ EHZ P 2024-02-03T05:14:41.864
O2 WILZ EHE S 2024-02-03T05:14:42.634
O2 WILZ EHZ P 2024-02-03T05:14:48.914
O2 WILZ EHE S 2024-02-03T05:14:49.914
O2 WILZ EHZ P 2024-02-03T05:14:28.094
O2 WILZ EHZ P 2024-02-03T05:14:47.604
O2 WILZ EHE S 2024-02-03T05:14:28.734
O2 WILZ EHE S 2024-02-03T05:14:48.614
O2 WILZ EHZ P 2024-02-03T05:14:38.934
O2 WILZ EHZ P 2024-02-03T05:14:50.694
O2 WILZ EHE S 2024-02-03T05:14:39.684
O2 WILZ EHE S 2024-02-03T05:14:51.754
O2 WILZ EHE S 2024-02-03T05:14:55.864
O2 WILZ EHZ P 2024-02-03T05:14:38.024
O2 WILZ EHE S 2024-02-03T05:14:39.054
O2 WILZ EHZ P 2024-02-03T05:14:37.234
O2 WILZ EHZ P 2024-02-03T05:14:51.394
O2 WILZ EHE S 2024-02-03T05:14:38.384
O2 WILZ EHE S 2024-02-03T05:14:52.204
O2 WILZ EHZ P 2024-02-03T05:14:29.614
O2 WILZ EHZ P 2024-02-03T05:14:39.914
O2 WILZ EHZ P 2024-02-03T05:14:55.164
O2 WILZ EHE S 2024-02-03T05:14:30.664
O2 WILZ EHE S 2024-02-03T05:14:40.674
O2 WILZ EHE S 2024-02-03T05:14:56.124
O2 WILZ EHZ P 2024-02-03T05:14:28.644
O2 WILZ EHZ P 2024-02-03T05:14:39.474
O2 WILZ EHZ P 2024-02-03T05:14:45.364
O2 WILZ EHE S 2024-02-03T05:14:31.034
O2 WILZ EHE S 2024-02-03T05:14:40.534
O2 WILZ EHE S 2024-02-03T05:14:46.274
O2 WILZ EHZ P 2024-02-03T05:14:52.254
O2 WILZ EHE S 2024-02-03T05:14:53.114
O2 WILZ EHZ P 2024-02-03T05:14:45.734
O2 WILZ EHE S 2024-02-03T05:14:46.864
O2 WILZ EHZ P 2024-02-03T05:14:41.594
O2 WILZ EHZ P 2024-02-03T05:14:56.724
O2 WILZ EHE S 2024-02-03T05:14:34.564
O2 WILZ EHE S 2024-02-03T05:14:42.304
O2 WILZ EHE S 2024-02-03T05:14:57.604
O2 WILZ EHZ P 2024-02-03T05:14:47.674
O2 WILZ EHE S 2024-02-03T05:14:48.744
O2 WILZ EHZ P 2024-02-03T05:14:42.814
O2 WILZ EHE S 2024-02-03T05:14:43.714
O2 WILZ EHZ P 2024-02-03T05:14:41.094
O2 WILZ EHE S 2024-02-03T05:14:41.874
O2 WILZ EHZ P 2024-02-03T05:14:29.444
O2 WILZ EHZ P 2024-02-03T05:14:52.904
O2 WILZ EHE S 2024-02-03T05:14:30.034
O2 WILZ EHE S 2024-02-03T05:14:53.714
O2 WILZ EHZ P 2024-02-03T05:14:37.654
O2 WILZ EHZ P 2024-02-03T05:14:45.364
O2 WILZ EHE S 2024-02-03T05:14:38.814
O2 WILZ EHE S 2024-02-03T05:14:46.254
O2 WILZ EHZ P 2024-02-03T05:14:38.554
O2 WILZ EHZ P 2024-02-03T05:14:55.284
O2 WILZ EHE S 2024-02-03T05:14:39.514
O2 WILZ EHE S 2024-02-03T05:14:56.194
O2 WILZ EHZ P 2024-02-03T05:14:38.964
O2 WILZ EHZ P 2024-02-03T05:14:57.684
O2 WILZ EHE S 2024-02-03T05:14:39.954
O2 WILZ EHZ P 2024-02-03T05:14:55.174
O2 WILZ EHE S 2024-02-03T05:14:28.434
O2 WILZ EHE S 2024-02-03T05:14:56.264
O2 WILZ EHZ P 2024-02-03T05:14:38.794
O2 WILZ EHZ P 2024-02-03T05:14:52.564
O2 WILZ EHE S 2024-02-03T05:14:39.894
O2 WILZ EHE S 2024-02-03T05:14:53.644
O2 WILZ EHZ P 2024-02-03T05:14:28.364
O2 WILZ EHZ P 2024-02-03T05:14:55.984
O2 WILZ EHE S 2024-02-03T05:14:29.384
O2 WILZ EHE S 2024-02-03T05:14:56.734
O2 WILZ EHZ P 2024-02-03T05:14:43.494
O2 WILZ EHE S 2024-02-03T05:14:44.473
O2 WILZ EHZ P 2024-02-03T05:14:34.164
O2 WILZ EHZ P 2024-02-03T05:14:40.704
O2 WILZ EHE S 2024-02-03T05:14:35.164
O2 WILZ EHE S 2024-02-03T05:14:41.984
O2 WILZ EHZ P 2024-02-03T05:14:41.204
O2 WILZ EHZ P 2024-02-03T05:14:51.714
O2 WILZ EHE S 2024-02-03T05:14:42.254
O2 WILZ EHE S 2024-02-03T05:14:52.434
O2 WILZ EHZ P 2024-02-03T05:14:35.694
O2 WILZ EHZ P 2024-02-03T05:14:51.824
O2 WILZ EHE S 2024-02-03T05:14:36.434
O2 WILZ EHE S 2024-02-03T05:14:52.844
O2 WILZ EHZ P 2024-02-03T05:14:29.564
O2 WILZ EHZ P 2024-02-03T05:14:55.534
O2 WILZ EHE S 2024-02-03T05:14:28.634
O2 WILZ EHE S 2024-02-03T05:14:56.584
O2 WILZ EHZ P 2024-02-03T05:14:28.324
O2 WILZ EHE S 2024-02-03T05:14:29.064
O2 WILZ EHZ P 2024-02-03T05:14:28.324
O2 WILZ EHZ P 2024-02-03T05:14:50.104
O2 WILZ EHZ P 2024-02-03T05:14:54.984
O2 WILZ EHE S 2024-02-03T05:14:29.114
O2 WILZ EHE S 2024-02-03T05:14:50.844
O2 WILZ EHE S 2024-02-03T05:14:55.924
O2 WILZ EHZ P 2024-02-03T05:14:32.284
O2 WILZ EHZ P 2024-02-03T05:14:42.474
O2 WILZ EHE S 2024-02-03T05:14:33.284
O2 WILZ EHE S 2024-02-03T05:14:43.194
O2 WILZ EHZ P 2024-02-03T05:14:39.684
O2 WILZ EHZ P 2024-02-03T05:14:47.994
O2 WILZ EHZ P 2024-02-03T05:14:54.294
O2 WILZ EHE S 2024-02-03T05:14:41.444
O2 WILZ EHE S 2024-02-03T05:14:48.804
O2 WILZ EHZ P 2024-02-03T05:14:47.724
O2 WILZ EHE S 2024-02-03T05:14:48.554
O2 WILZ EHZ P 2024-02-03T05:14:35.524
O2 WILZ EHZ P 2024-02-03T05:14:43.204
O2 WILZ EHZ P 2024-02-03T05:14:47.884
O2 WILZ EHZ P 2024-02-03T05:14:56.994
O2 WILZ EHE S 2024-02-03T05:14:36.604
O2 WILZ EHE S 2024-02-03T05:14:43.964
O2 WILZ EHE S 2024-02-03T05:14:48.924
O2 WILZ EHE S 2024-02-03T05:14:57.924
O2 WILZ EHZ P 2024-02-03T05:14:31.684
O2 WILZ EHZ P 2024-02-03T05:14:37.084
O2 WILZ EHE S 2024-02-03T05:14:32.454
O2 WILZ EHE S 2024-02-03T05:14:37.944
O2 WILZ EHZ P 2024-02-03T05:14:28.924
O2 WILZ EHE S 2024-02-03T05:14:29.694
O2 WILZ EHZ P 2024-02-03T05:14:29.034
O2 WILZ EHZ P 2024-02-03T05:14:55.844
O2 WILZ EHE S 2024-02-03T05:14:29.904
O2 WILZ EHE S 2024-02-03T05:14:56.634
O2 WILZ EHZ P 2024-02-03T05:14:48.924
O2 WILZ EHE S 2024-02-03T05:14:49.804
O2 WILZ EHZ P 2024-02-03T05:14:49.044
O2 WILZ EHZ P 2024-02-03T05:14:55.414
O2 WILZ EHE S 2024-02-03T05:14:49.954
O2 WILZ EHE S 2024-02-03T05:14:56.464
O2 WILZ EHZ P 2024-02-03T05:14:30.614
O2 WILZ EHZ P 2024-02-03T05:14:44.004
O2 WILZ EHZ P 2024-02-03T05:14:50.944
O2 WILZ EHE S 2024-02-03T05:14:31.514
O2 WILZ EHE S 2024-02-03T05:14:44.764
O2 WILZ EHE S 2024-02-03T05:14:51.714
O2 WILZ EHZ P 2024-02-03T05:14:40.114
O2 WILZ EHZ P 2024-02-03T05:14:56.004
O2 WILZ EHE S 2024-02-03T05:14:41.324
O2 WILZ EHE S 2024-02-03T05:14:54.004
O2 WILZ EHE S 2024-02-03T05:14:56.954
O2 WILZ EHZ P 2024-02-03T05:14:28.084
O2 WILZ EHZ P 2024-02-03T05:14:38.804
O2 WILZ EHZ P 2024-02-03T05:14:49.794
O2 WILZ EHE S 2024-02-03T05:14:28.884
O2 WILZ EHE S 2024-02-03T05:14:39.604
O2 WILZ EHE S 2024-02-03T05:14:50.554
O2 WILZ EHZ P 2024-02-03T05:14:34.754
O2 WILZ EHZ P 2024-02-03T05:14:41.204
O2 WILZ EHZ P 2024-02-03T05:14:52.854
O2 WILZ EHE S 2024-02-03T05:14:35.814
O2 WILZ EHE S 2024-02-03T05:14:42.144
O2 WILZ EHE S 2024-02-03T05:14:53.844
O2 WILZ EHZ P 2024-02-03T05:14:32.684
O2 WILZ EHZ P 2024-02-03T05:14:42.404
O2 WILZ EHZ P 2024-02-03T05:14:57.054
O2 WILZ EHE S 2024-02-03T05:14:33.424
O2 WILZ EHE S 2024-02-03T05:14:43.374
O2 WILZ EHE S 2024-02-03T05:14:57.884
O2 WILZ EHZ P 2024-02-03T05:14:40.344
O2 WILZ EHZ P 2024-02-03T05:14:52.374
O2 WILZ EHE S 2024-02-03T05:14:33.684
O2 WILZ EHE S 2024-02-03T05:14:41.164
O2 WILZ EHE S 2024-02-03T05:14:53.274
O2 WILZ EHZ P 2024-02-03T05:14:37.204
O2 WILZ EHZ P 2024-02-03T05:14:56.844
O2 WILZ EHE S 2024-02-03T05:14:38.474
O2 WILZ EHE S 2024-02-03T05:14:57.594
O2 WILZ EHZ P 2024-02-03T05:14:35.214
O2 WILZ EHE S 2024-02-03T05:14:36.113
O2 WILZ EHZ P 2024-02-03T05:14:40.634
O2 WILZ EHE S 2024-02-03T05:14:41.554
O2 WILZ EHZ P 2024-02-03T05:14:50.104
O2 WILZ EHZ P 2024-02-03T05:14:57.114
O2 WILZ EHE S 2024-02-03T05:14:50.934
O2 WILZ EHE S 2024-02-03T05:14:57.914
O2 WILZ EHE S 2024-02-03T05:14:28.404
O2 WILZ EHZ P 2024-02-03T05:14:35.174
O2 WILZ EHZ P 2024-02-03T05:14:53.404
O2 WILZ EHE S 2024-02-03T05:14:36.033
O2 WILZ EHE S 2024-02-03T05:14:54.334
O2 WILZ EHZ P 2024-02-03T05:14:45.084
O2 WILZ EHZ P 2024-02-03T05:14:55.624
O2 WILZ EHE S 2024-02-03T05:14:45.824
O2 WILZ EHE S 2024-02-03T05:14:56.384
O2 WILZ EHZ P 2024-02-03T05:14:34.044
O2 WILZ EHZ P 2024-02-03T05:14:54.884
O2 WILZ EHE S 2024-02-03T05:14:34.954
O2 WILZ EHE S 2024-02-03T05:14:55.714
O2 WILZ EHZ P 2024-02-03T05:14:39.684
O2 WILZ EHZ P 2024-02-03T05:14:51.554
O2 WILZ EHE S 2024-02-03T05:14:40.614
O2 WILZ EHE S 2024-02-03T05:14:52.394
O2 WILZ EHE S 2024-02-03T05:14:28.754
O2 WILZ EHZ P 2024-02-03T05:14:56.554
O2 WILZ EHE S 2024-02-03T05:14:57.474
O2 WILZ EHZ P 2024-02-03T05:14:47.354
O2 WILZ EHZ P 2024-02-03T05:14:52.764
O2 WILZ EHE S 2024-02-03T05:14:28.524
O2 WILZ EHZ P 2024-02-03T05:14:29.844
O2 WILZ EHZ P 2024-02-03T05:14:36.674
O2 WILZ EHE S 2024-02-03T05:14:37.474
O2 WILZ EHZ P 2024-02-03T05:14:36.264
O2 WILZ EHZ P 2024-02-03T05:14:54.514
O2 WILZ EHE S 2024-02-03T05:14:37.134
O2 WILZ EHE S 2024-02-03T05:14:55.474
O2 WILZ EHZ P 2024-02-03T05:14:54.744
O2 WILZ EHE S 2024-02-03T05:14:55.504
O2 WILZ EHZ P 2024-02-03T05:14:57.564
O2 WILZ EHZ P 2024-02-03T05:14:37.834
O2 WILZ EHZ P 2024-02-03T05:14:42.064
O2 WILZ EHZ P 2024-02-03T05:14:48.674
O2 WILZ EHZ P 2024-02-03T05:14:53.964
O2 WILZ EHE S 2024-02-03T05:14:42.844
O2 WILZ EHE S 2024-02-03T05:14:49.424
O2 WILZ EHE S 2024-02-03T05:14:54.894
O2 WILZ EHZ P 2024-02-03T05:14:36.193
O2 WILZ EHZ P 2024-02-03T05:14:55.074
O2 WILZ EHE S 2024-02-03T05:14:37.014
O2 WILZ EHE S 2024-02-03T05:14:57.164
O2 WILZ EHE S 2024-02-03T05:14:51.334
O2 WILZ EHZ P 2024-02-03T05:14:54.084
O2 WILZ EHE S 2024-02-03T05:14:55.034
O2 WILZ EHZ P 2024-02-03T05:14:46.764
O2 WILZ EHZ P 2024-02-03T05:14:54.014
O2 WILZ EHE S 2024-02-03T05:14:47.834
O2 WILZ EHE S 2024-02-03T05:14:54.914
O2 WILZ EHZ P 2024-02-03T05:14:31.404
O2 WILZ EHZ P 2024-02-03T05:14:56.564
O2 WILZ EHE S 2024-02-03T05:14:32.674
O2 WILZ EHE S 2024-02-03T05:14:57.584
O2 WILZ EHZ P 2024-02-03T05:14:35.944
O2 WILZ EHE S 2024-02-03T05:14:36.724
O2 WILZ EHZ P 2024-02-03T05:14:34.434
O2 WILZ EHE S 2024-02-03T05:14:35.174
O2 WILZ EHZ P 2024-02-03T05:14:55.974
O2 WILZ EHE S 2024-02-03T05:14:28.784
O2 WILZ EHE S 2024-02-03T05:14:56.664
O2 WILZ EHZ P 2024-02-03T05:14:33.214
O2 WILZ EHZ P 2024-02-03T05:14:47.764
O2 WILZ EHZ P 2024-02-03T05:14:55.394
O2 WILZ EHE S 2024-02-03T05:14:33.964
O2 WILZ EHE S 2024-02-03T05:14:48.554
O2 WILZ EHE S 2024-02-03T05:14:56.404
O2 WILZ EHZ P 2024-02-03T05:14:29.204
O2 WILZ EHZ P 2024-02-03T05:14:52.924
O2 WILZ EHE S 2024-02-03T05:14:29.794
O2 WILZ EHE S 2024-02-03T05:14:53.654
O2 WILZ EHZ P 2024-02-03T05:14:30.044
O2 WILZ EHZ P 2024-02-03T05:14:36.974
O2 WILZ EHZ P 2024-02-03T05:14:57.324
O2 WILZ EHE S 2024-02-03T05:14:31.034
O2 WILZ EHE S 2024-02-03T05:14:37.774
O2 WILZ EHZ P 2024-02-03T05:14:51.244
O2 WILZ EHZ P 2024-02-03T05:14:55.374
O2 WILZ EHE S 2024-02-03T05:14:42.494
O2 WILZ EHE S 2024-02-03T05:14:51.474
O2 WILZ EHE S 2024-02-03T05:14:56.194
O2 WILZ EHZ P 2024-02-03T05:14:30.564
O2 WILZ EHZ P 2024-02-03T05:14:39.834
O2 WILZ EHE S 2024-02-03T05:14:40.704
O2 WILZ EHZ P 2024-02-03T05:14:39.884
O2 WILZ EHZ P 2024-02-03T05:14:54.564
O2 WILZ EHE S 2024-02-03T05:14:40.854
O2 WILZ EHZ P 2024-02-03T05:14:30.934
O2 WILZ EHZ P 2024-02-03T05:14:36.254
O2 WILZ EHZ P 2024-02-03T05:14:45.604
O2 WILZ EHE S 2024-02-03T05:14:31.564
O2 WILZ EHE S 2024-02-03T05:14:37.144
O2 WILZ EHE S 2024-02-03T05:14:46.404
O2 WILZ EHZ P 2024-02-03T05:14:35.934
O2 WILZ EHE S 2024-02-03T05:14:36.754
O2 WILZ EHZ P 2024-02-03T05:14:30.774
O2 WILZ EHZ P 2024-02-03T05:14:46.484
O2 WILZ EHE S 2024-02-03T05:14:31.574
O2 WILZ EHE S 2024-02-03T05:14:47.324
O2 WILZ EHZ P 2024-02-03T05:14:41.644
O2 WILZ EHZ P 2024-02-03T05:14:44.883
O2 WILZ EHE S 2024-02-03T05:14:42.594
O2 WILZ EHE S 2024-02-03T05:14:45.764
O2 WILZ EHZ P 2024-02-03T05:14:36.844
O2 WILZ EHZ P 2024-02-03T05:14:54.824
O2 WILZ EHE S 2024-02-03T05:14:37.574
O2 WILZ EHE S 2024-02-03T05:14:52.474
O2 WILZ EHE S 2024-02-03T05:14:55.584
O2 WILZ EHZ P 2024-02-03T05:14:30.354
O2 WILZ EHZ P 2024-02-03T05:14:37.644
O2 WILZ EHE S 2024-02-03T05:14:31.394
O2 WILZ EHE S 2024-02-03T05:14:38.384
O2 WILZ EHZ P 2024-02-03T05:14:48.344
O2 WILZ EHE S 2024-02-03T05:14:30.214
O2 WILZ EHE S 2024-02-03T05:14:49.234
O2 WILZ EHZ P 2024-02-03T05:14:50.404
O2 WILZ EHE S 2024-02-03T05:14:51.374
O2 WILZ EHZ P 2024-02-03T05:14:31.324
O2 WILZ EHE S 2024-02-03T05:14:32.344
O2 WILZ EHZ P 2024-02-03T05:14:45.234
O2 WILZ EHE S 2024-02-03T05:14:45.974
O2 WILZ EHZ P 2024-02-03T05:14:32.864
O2 WILZ EHE S 2024-02-03T05:14:33.634
O2 WILZ EHZ P 2024-02-03T05:14:48.814
O2 WILZ EHZ P 2024-02-03T05:14:56.214
O2 WILZ EHE S 2024-02-03T05:14:49.594
O2 WILZ EHZ P 2024-02-03T05:14:51.864
O2 WILZ EHZ P 2024-02-03T05:14:55.754
O2 WILZ EHE S 2024-02-03T05:14:56.644
O2 WILZ EHZ P 2024-02-03T05:14:43.644
O2 WILZ EHZ P 2024-02-03T05:14:48.304
O2 WILZ EHZ P 2024-02-03T05:14:56.204
O2 WILZ EHE S 2024-02-03T05:14:44.424
O2 WILZ EHE S 2024-02-03T05:14:49.194
O2 WILZ EHE S 2024-02-03T05:14:57.174
O2 WILZ EHZ P 2024-02-03T05:14:44.504
O2 WILZ EHE S 2024-02-03T05:14:45.504
O2 WILZ EHZ P 2024-02-03T05:14:36.924
O2 WILZ EHZ P 2024-02-03T05:14:47.064
O2 WILZ EHZ P 2024-02-03T05:14:56.684
O2 WILZ EHE S 2024-02-03T05:14:38.174
O2 WILZ EHE S 2024-02-03T05:14:48.094
O2 WILZ EHE S 2024-02-03T05:14:57.674
O2 WILZ EHZ P 2024-02-03T05:14:30.424
O2 WILZ EHZ P 2024-02-03T05:14:38.884
O2 WILZ EHZ P 2024-02-03T05:14:43.484
O2 WILZ EHZ P 2024-02-03T05:14:47.704
O2 WILZ EHZ P 2024-02-03T05:14:57.194
O2 WILZ EHE S 2024-02-03T05:14:31.274
O2 WILZ EHE S 2024-02-03T05:14:39.634
O2 WILZ EHE S 2024-02-03T05:14:48.414
O2 WILZ EHE S 2024-02-03T05:14:53.634
O2 WILZ EHZ P 2024-02-03T05:14:49.634
O2 WILZ EHE S 2024-02-03T05:14:50.594
O2 WILZ EHZ P 2024-02-03T05:14:40.634
O2 WILZ EHZ P 2024-02-03T05:14:45.924
O2 WILZ EHE S 2024-02-03T05:14:41.604
O2 WILZ EHE S 2024-02-03T05:14:46.444
O2 WILZ EHZ P 2024-02-03T05:14:35.834
O2 WILZ EHE S 2024-02-03T05:14:36.904
O2 WILZ EHZ P 2024-02-03T05:14:29.134
O2 WILZ EHZ P 2024-02-03T05:14:46.324
O2 WILZ EHE S 2024-02-03T05:14:29.974
O2 WILZ EHE S 2024-02-03T05:14:47.034
O2 WILZ EHZ P 2024-02-03T05:14:31.074
O2 WILZ EHZ P 2024-02-03T05:14:45.604
O2 WILZ EHZ P 2024-02-03T05:14:53.714
O2 WILZ EHE S 2024-02-03T05:14:31.924
O2 WILZ EHE S 2024-02-03T05:14:46.324
O2 WILZ EHE S 2024-02-03T05:14:54.484
O2 WILZ EHZ P 2024-02-03T05:14:30.324
O2 WILZ EHZ P 2024-02-03T05:14:43.164
O2 WILZ EHZ P 2024-02-03T05:14:47.754
O2 WILZ EHZ P 2024-02-03T05:14:55.884
O2 WILZ EHE S 2024-02-03T05:14:31.284
O2 WILZ EHE S 2024-02-03T05:14:44.153
O2 WILZ EHE S 2024-02-03T05:14:56.824
O2 WILZ EHZ P 2024-02-03T05:14:28.494
O2 WILZ EHE S 2024-02-03T05:14:29.234
O2 WILZ EHZ P 2024-02-03T05:14:34.044
O2 WILZ EHZ P 2024-02-03T05:14:55.984
O2 WILZ EHE S 2024-02-03T05:14:35.034
O2 WILZ EHE S 2024-02-03T05:14:56.754
O2 WILZ EHZ P 2024-02-03T05:14:36.084
O2 WILZ EHZ P 2024-02-03T05:14:48.724
O2 WILZ EHE S 2024-02-03T05:14:37.054
O2 WILZ EHE S 2024-02-03T05:14:49.634
O2 WILZ EHZ P 2024-02-03T05:14:30.964
O2 WILZ EHZ P 2024-02-03T05:14:41.824
O2 WILZ EHE S 2024-02-03T05:14:31.844
O2 WILZ EHE S 2024-02-03T05:14:42.714
O2 WILZ EHZ P 2024-02-03T05:14:34.384
O2 WILZ EHZ P 2024-02-03T05:14:45.754
O2 WILZ EHE S 2024-02-03T05:14:35.194
O2 WILZ EHE S 2024-02-03T05:14:46.524
O2 WILZ EHZ P 2024-02-03T05:14:39.264
O2 WILZ EHE S 2024-02-03T05:14:33.044
O2 WILZ EHE S 2024-02-03T05:14:40.004
O2 WILZ EHZ P 2024-02-03T05:14:33.324
O2 WILZ EHE S 2024-02-03T05:14:34.144
O2 WILZ EHZ P 2024-02-03T05:14:47.754
O2 WILZ EHE S 2024-02-03T05:14:48.654
O2 WILZ EHZ P 2024-02-03T05:14:34.404
O2 WILZ EHZ P 2024-02-03T05:14:55.844
O2 WILZ EHE S 2024-02-03T05:14:35.324
O2 WILZ EHE S 2024-02-03T05:14:56.584
O2 WILZ EHZ P 2024-02-03T05:14:40.894
O2 WILZ EHE S 2024-02-03T05:14:41.534
O2 WILZ EHZ P 2024-02-03T05:14:41.494
O2 WILZ EHZ P 2024-02-03T05:14:46.884
O2 WILZ EHE S 2024-02-03T05:14:42.794
O2 WILZ EHE S 2024-02-03T05:14:47.974
O2 WILZ EHE S 2024-02-03T05:14:54.564
O2 WILZ EHZ P 2024-02-03T05:14:28.624
O2 WILZ EHE S 2024-02-03T05:14:29.814
O2 WILZ EHZ P 2024-02-03T05:14:35.694
O2 WILZ EHZ P 2024-02-03T05:14:50.094
O2 WILZ EHE S 2024-02-03T05:14:36.494
O2 WILZ EHE S 2024-02-03T05:14:50.854
O2 WILZ EHZ P 2024-02-03T05:14:32.324
O2 WILZ EHZ P 2024-02-03T05:14:44.284
O2 WILZ EHE S 2024-02-03T05:14:33.354
O2 WILZ EHE S 2024-02-03T05:14:45.044
O2 WILZ EHZ P 2024-02-03T05:14:39.674
O2 WILZ EHE S 2024-02-03T05:14:40.414
O2 WILZ EHZ P 2024-02-03T05:14:31.144
O2 WILZ EHZ P 2024-02-03T05:14:52.364
O2 WILZ EHE S 2024-02-03T05:14:32.143
O2 WILZ EHE S 2024-02-03T05:14:53.134
O2 WILZ EHZ P 2024-02-03T05:14:46.064
O2 WILZ EHZ P 2024-02-03T05:14:55.694
O2 WILZ EHE S 2024-02-03T05:14:47.104
O2 WILZ EHE S 2024-02-03T05:14:56.484
O2 WILZ EHZ P 2024-02-03T05:14:37.014
O2 WILZ EHE S 2024-02-03T05:14:38.114
O2 WILZ EHZ P 2024-02-03T05:14:42.114
O2 WILZ EHE S 2024-02-03T05:14:42.894
O2 WILZ EHZ P 2024-02-03T05:14:53.314
O2 WILZ EHE S 2024-02-03T05:14:54.074
O2 WILZ EHZ P 2024-02-03T05:14:44.084
O2 WILZ EHZ P 2024-02-03T05:14:51.944
O2 WILZ EHE S 2024-02-03T05:14:44.903
O2 WILZ EHE S 2024-02-03T05:14:52.864
O2 WILZ EHZ P 2024-02-03T05:14:29.884
O2 WILZ EHZ P 2024-02-03T05:14:39.464
O2 WILZ EHZ P 2024-02-03T05:14:53.234
O2 WILZ EHE S 2024-02-03T05:14:30.824
O2 WILZ EHE S 2024-02-03T05:14:40.244
O2 WILZ EHE S 2024-02-03T05:14:54.184
O2 WILZ EHZ P 2024-02-03T05:14:46.324
O2 WILZ EHZ P 2024-02-03T05:14:50.944
O2 WILZ EHE S 2024-02-03T05:14:28.974
O2 WILZ EHE S 2024-02-03T05:14:47.214
O2 WILZ EHE S 2024-02-03T05:14:51.954
O2 WILZ EHZ P 2024-02-03T05:14:30.104
O2 WILZ EHZ P 2024-02-03T05:14:38.384
O2 WILZ EHZ P 2024-02-03T05:14:50.834
O2 WILZ EHE S 2024-02-03T05:14:30.844
O2 WILZ EHE S 2024-02-03T05:14:51.594
O2 WILZ EHZ P 2024-02-03T05:14:31.044
O2 WILZ EHZ P 2024-02-03T05:14:52.514
O2 WILZ EHE S 2024-02-03T05:14:31.794
O2 WILZ EHE S 2024-02-03T05:14:53.294
O2 WILZ EHZ P 2024-02-03T05:14:38.824
O2 WILZ EHZ P 2024-02-03T05:14:40.374
O2 WILZ EHZ P 2024-02-03T05:14:53.024
O2 WILZ EHE S 2024-02-03T05:14:39.764
O2 WILZ EHE S 2024-02-03T05:14:41.134
O2 WILZ EHE S 2024-02-03T05:14:53.864
O2 WILZ EHZ P 2024-02-03T05:14:28.114
O2 WILZ EHZ P 2024-02-03T05:14:42.044
O2 WILZ EHZ P 2024-02-03T05:14:56.464
O2 WILZ EHE S 2024-02-03T05:14:29.074
O2 WILZ EHE S 2024-02-03T05:14:42.904
O2 WILZ EHE S 2024-02-03T05:14:57.244
O2 WILZ EHZ P 2024-02-03T05:14:36.844
O2 WILZ EHE S 2024-02-03T05:14:37.594
O2 WILZ EHZ P 2024-02-03T05:14:39.834
O2 WILZ EHE S 2024-02-03T05:14:40.914
O2 WILZ EHZ P 2024-02-03T05:14:31.924
O2 WILZ EHE S 2024-02-03T05:14:32.804
O2 WILZ EHZ P 2024-02-03T05:14:40.554
O2 WILZ EHE S 2024-02-03T05:14:41.334
O2 WILZ EHZ P 2024-02-03T05:14:40.784
O2 WILZ EHE S 2024-02-03T05:14:41.694
O2 WILZ EHZ P 2024-02-03T05:14:32.884
O2 WILZ EHE S 2024-02-03T05:14:33.804
O2 WILZ EHZ P 2024-02-03T05:14:34.334
O2 WILZ EHE S 2024-02-03T05:14:36.033
O2 WILZ EHZ P 2024-02-03T05:14:30.364
O2 WILZ EHE S 2024-02-03T05:14:31.354
O2 WILZ EHZ P 2024-02-03T05:14:44.204
O2 WILZ EHE S 2024-02-03T05:14:44.914
O2 WILZ EHZ P 2024-02-03T05:14:31.834
O2 WILZ EHE S 2024-02-03T05:14:32.934
O2 WILZ EHE S 2024-02-03T05:14:44.633
O2 WILZ EHE S 2024-02-03T05:14:39.284
O2 WILZ EHZ P 2024-02-03T05:14:36.094
O2 WILZ EHZ P 2024-02-03T05:14:56.644
O2 WILZ EHE S 2024-02-03T05:14:37.114
O2 WILZ EHE S 2024-02-03T05:14:57.424
O2 WILZ EHZ P 2024-02-03T05:14:46.414
O2 WILZ EHE S 2024-02-03T05:14:47.194
O2 WILZ EHZ P 2024-02-03T05:14:28.444
O2 WILZ EHE S 2024-02-03T05:14:29.224
O2 WILZ EHZ P 2024-02-03T05:14:31.434
O2 WILZ EHZ P 2024-02-03T05:14:57.314
O2 WILZ EHE S 2024-02-03T05:14:32.474
O2 WILZ EHZ P 2024-02-03T05:14:31.204
O2 WILZ EHZ P 2024-02-03T05:14:54.224
O2 WILZ EHE S 2024-02-03T05:14:32.114
O2 WILZ EHE S 2024-02-03T05:14:55.284
O2 WILZ EHZ P 2024-02-03T05:14:33.134
O2 WILZ EHE S 2024-02-03T05:14:33.894
O2 WILZ EHZ P 2024-02-03T05:14:41.094
O2 WILZ EHE S 2024-02-03T05:14:41.914
O2 WILZ EHZ P 2024-02-03T05:14:40.604
O2 WILZ EHE S 2024-02-03T05:14:41.384
O2 WILZ EHE S 2024-02-03T05:14:51.404
O2 WILZ EHZ P 2024-02-03T05:14:32.544
O2 WILZ EHE S 2024-02-03T05:14:33.694
O2 WILZ EHZ P 2024-02-03T05:14:37.604
O2 WILZ EHZ P 2024-02-03T05:14:49.304
O2 WILZ EHZ P 2024-02-03T05:14:56.684
O2 WILZ EHE S 2024-02-03T05:14:38.614
O2 WILZ EHE S 2024-02-03T05:14:39.364
O2 WILZ EHE S 2024-02-03T05:14:50.064
O2 WILZ EHE S 2024-02-03T05:14:57.534
O2 WILZ EHZ P 2024-02-03T05:14:53.714
O2 WILZ EHE S 2024-02-03T05:14:54.694
O2 WILZ EHZ P 2024-02-03T05:14:41.254
O2 WILZ EHE S 2024-02-03T05:14:42.254
O2 WILZ EHZ P 2024-02-03T05:14:57.294
O2 WILZ EHZ P 2024-02-03T05:14:32.864
O2 WILZ EHZ P 2024-02-03T05:14:38.584
O2 WILZ EHE S 2024-02-03T05:14:28.314
O2 WILZ EHE S 2024-02-03T05:14:33.624
O2 WILZ EHE S 2024-02-03T05:14:39.524
O2 WILZ EHZ P 2024-02-03T05:14:29.974
O2 WILZ EHZ P 2024-02-03T05:14:36.684
O2 WILZ EHZ P 2024-02-03T05:14:41.124
O2 WILZ EHZ P 2024-02-03T05:14:56.164
O2 WILZ EHE S 2024-02-03T05:14:31.044
O2 WILZ EHE S 2024-02-03T05:14:37.734
O2 WILZ EHE S 2024-02-03T05:14:42.234
O2 WILZ EHE S 2024-02-03T05:14:56.954
O2 WILZ EHZ P 2024-02-03T05:14:34.564
O2 WILZ EHZ P 2024-02-03T05:14:47.844
O2 WILZ EHZ P 2024-02-03T05:14:55.064
O2 WILZ EHE S 2024-02-03T05:14:30.324
O2 WILZ EHE S 2024-02-03T05:14:32.924
O2 WILZ EHE S 2024-02-03T05:14:35.514
O2 WILZ EHE S 2024-02-03T05:14:48.744
O2 WILZ EHE S 2024-02-03T05:14:56.044
O2 WILZ EHZ P 2024-02-03T05:14:34.704
O2 WILZ EHE S 2024-02-03T05:14:35.594
O2 WILZ EHZ P 2024-02-03T05:14:39.764
O2 WILZ EHE S 2024-02-03T05:14:40.714
O2 WILZ EHZ P 2024-02-03T05:14:52.904
O2 WILZ EHE S 2024-02-03T05:14:53.674
O2 WILZ EHZ P 2024-02-03T05:14:52.934
O2 WILZ EHE S 2024-02-03T05:14:53.744
O2 WILZ EHZ P 2024-02-03T05:14:31.614
O2 WILZ EHZ P 2024-02-03T05:14:42.674
O2 WILZ EHE S 2024-02-03T05:14:32.514
O2 WILZ EHE S 2024-02-03T05:14:43.464
O2 WILZ EHZ P 2024-02-03T05:14:30.264
O2 WILZ EHZ P 2024-02-03T05:14:40.314
O2 WILZ EHZ P 2024-02-03T05:14:50.964
O2 WILZ EHE S 2024-02-03T05:14:30.894
O2 WILZ EHE S 2024-02-03T05:14:35.454
O2 WILZ EHE S 2024-02-03T05:14:41.334
O2 WILZ EHE S 2024-02-03T05:14:51.674
O2 WILZ EHZ P 2024-02-03T05:14:37.104
O2 WILZ EHE S 2024-02-03T05:14:37.844
O2 WILZ EHZ P 2024-02-03T05:14:29.444
O2 WILZ EHZ P 2024-02-03T05:14:34.764
O2 WILZ EHZ P 2024-02-03T05:14:41.914
O2 WILZ EHE S 2024-02-03T05:14:30.484
O2 WILZ EHE S 2024-02-03T05:14:35.514
O2 WILZ EHE S 2024-02-03T05:14:42.714
