tf2_phasenet_sample_0 P 8.080 0.626
tf2_phasenet_sample_0 S 10.760 0.688
tf2_phasenet_sample_0 P 5.180 0.621
tf2_phasenet_sample_0 S 8.000 0.577
tf2_phasenet_sample_0 P 12.640 0.780
tf2_phasenet_sample_0 S 16.450 0.715
tf2_phasenet_sample_0 P 6.600 0.938
tf2_phasenet_sample_0 S 11.260 0.634
tf2_phasenet_sample_0 P 19.680 0.940
tf2_phasenet_sample_0 S 22.160 0.710
tf2_phasenet_sample_0 P 10.430 0.653
tf2_phasenet_sample_0 S 13.650 0.846
tf2_phasenet_sample_0 P 3.000 0.818
tf2_phasenet_sample_0 S 5.090 0.772
tf2_phasenet_sample_0 P 14.340 0.934
tf2_phasenet_sample_0 S 19.290 0.605
tf2_phasenet_sample_0 P 12.210 0.694
tf2_phasenet_sample_0 S 17.370 0.578
tf2_phasenet_sample_0 P 8.200 0.809
tf2_phasenet_sample_0 S 11.460 0.738
tf2_phasenet_sample_0 P 5.470 0.734
tf2_phasenet_sample_0 S 10.720 0.785
tf2_phasenet_sample_0 P 6.420 0.671
tf2_phasenet_sample_0 S 11.050 0.639
tf2_phasenet_sample_0 P 13.240 0.915
tf2_phasenet_sample_0 S 18.660 0.810
tf2_phasenet_sample_0 P 3.950 0.856
tf2_phasenet_sample_0 S 7.680 0.559
tf2_phasenet_sample_0 P 12.230 0.710
tf2_phasenet_sample_0 S 16.690 0.556
tf2_phasenet_sample_0 P 14.440 0.628
tf2_phasenet_sample_0 S 16.360 0.523
tf2_phasenet_sample_0 P 3.020 0.750
tf2_phasenet_sample_0 S 5.170 0.685
tf2_phasenet_sample_0 P 9.520 0.828
tf2_phasenet_sample_0 S 13.430 0.632
tf2_phasenet_sample_0 P 2.340 0.862
tf2_phasenet_sample_0 S 3.870 0.520
tf2_phasenet_sample_0 P 13.700 0.618
tf2_phasenet_sample_0 S 17.380 0.802
tf2_phasenet_sample_0 P 17.750 0.777
tf2_phasenet_sample_0 S 19.930 0.621
tf2_phasenet_sample_0 P 1.990 0.685
tf2_phasenet_sample_0 S 6.990 0.558
tf2_phasenet_sample_0 P 12.830 0.767
tf2_phasenet_sample_0 S 16.590 0.796
tf2_phasenet_sample_0 P 17.050 0.921
tf2_phasenet_sample_0 S 21.510 0.517
tf2_phasenet_sample_0 P 11.220 0.783
tf2_phasenet_sample_0 S 14.070 0.898
tf2_phasenet_sample_0 P 2.190 0.606
tf2_phasenet_sample_0 S 5.270 0.522
tf2_phasenet_sample_0 P 8.350 0.934
tf2_phasenet_sample_0 S 12.090 0.694
tf2_phasenet_sample_0 P 17.120 0.730
tf2_phasenet_sample_0 S 23.030 0.860
tf2_phasenet_sample_0 P 7.400 0.827
tf2_phasenet_sample_0 S 12.660 0.578
tf2_phasenet_sample_0 P 2.090 0.827
tf2_phasenet_sample_0 S 5.370 0.728
tf2_phasenet_sample_0 P 12.850 0.825
tf2_phasenet_sample_0 S 16.490 0.875
tf2_phasenet_sample_1 P 14.690 0.867
tf2_phasenet_sample_1 S 18.220 0.538
tf2_phasenet_sample_1 P 4.850 0.619
tf2_phasenet_sample_1 S 8.110 0.868
tf2_phasenet_sample_1 P 18.300 0.748
tf2_phasenet_sample_1 S 22.670 0.899
tf2_phasenet_sample_1 P 12.570 0.626
tf2_phasenet_sample_1 S 14.740 0.662
tf2_phasenet_sample_1 P 6.340 0.898
tf2_phasenet_sample_1 S 9.260 0.639
tf2_phasenet_sample_1 P 4.440 0.856
tf2_phasenet_sample_1 S 8.380 0.540
tf2_phasenet_sample_1 P 14.210 0.611
tf2_phasenet_sample_1 S 19.200 0.732
tf2_phasenet_sample_1 P 19.140 0.731
tf2_phasenet_sample_1 S 23.190 0.668
tf2_phasenet_sample_1 P 4.280 0.687
tf2_phasenet_sample_1 S 8.400 0.548
tf2_phasenet_sample_1 P 1.580 0.784
tf2_phasenet_sample_1 S 3.030 0.726
tf2_phasenet_sample_1 P 16.270 0.879
tf2_phasenet_sample_1 S 20.820 0.625
tf2_phasenet_sample_1 P 5.660 0.883
tf2_phasenet_sample_1 S 8.470 0.630
tf2_phasenet_sample_1 P 7.450 0.666
tf2_phasenet_sample_1 S 11.890 0.698
tf2_phasenet_sample_1 P 4.060 0.911
tf2_phasenet_sample_1 S 6.810 0.890
tf2_phasenet_sample_1 P 10.630 0.709
tf2_phasenet_sample_1 S 13.150 0.879
tf2_phasenet_sample_1 P 1.360 0.694
tf2_phasenet_sample_1 S 4.540 0.712
tf2_phasenet_sample_1 P 1.490 0.757
tf2_phasenet_sample_1 S 3.880 0.872
tf2_phasenet_sample_1 P 10.850 0.925
tf2_phasenet_sample_1 S 13.520 0.816
tf2_phasenet_sample_1 P 3.690 0.639
tf2_phasenet_sample_1 S 7.940 0.544
tf2_phasenet_sample_1 P 15.390 0.711
tf2_phasenet_sample_1 S 17.800 0.823
tf2_phasenet_sample_1 P 19.060 0.747
tf2_phasenet_sample_1 S 24.410 0.639
tf2_phasenet_sample_1 P 1.920 0.917
tf2_phasenet_sample_1 S 6.540 0.629
tf2_phasenet_sample_1 P 6.830 0.653
tf2_phasenet_sample_1 S 8.740 0.890
tf2_phasenet_sample_1 P 15.030 0.679
tf2_phasenet_sample_1 S 20.420 0.772
tf2_phasenet_sample_1 P 19.900 0.688
tf2_phasenet_sample_1 S 24.290 0.715
tf2_phasenet_sample_1 P 9.830 0.763
tf2_phasenet_sample_1 S 13.780 0.753
tf2_phasenet_sample_1 P 18.660 0.720
tf2_phasenet_sample_1 S 22.030 0.615
tf2_phasenet_sample_1 P 12.990 0.775
tf2_phasenet_sample_1 S 17.090 0.590
tf2_phasenet_sample_1 P 1.630 0.683
tf2_phasenet_sample_1 S 6.750 0.702
tf2_phasenet_sample_1 P 7.600 0.858
tf2_phasenet_sample_1 S 9.660 0.582
tf2_phasenet_sample_1 P 8.840 0.654
tf2_phasenet_sample_1 S 11.480 0.752
tf2_phasenet_sample_1 P 5.060 0.606
tf2_phasenet_sample_1 S 8.470 0.656
tf2_phasenet_sample_1 P 5.060 0.888
tf2_phasenet_sample_1 S 9.090 0.514
tf2_phasenet_sample_1 P 18.250 0.722
tf2_phasenet_sample_1 S 23.810 0.634
tf2_phasenet_sample_2 P 18.710 0.832
tf2_phasenet_sample_2 S 20.870 0.597
tf2_phasenet_sample_2 P 11.560 0.666
tf2_phasenet_sample_2 S 15.980 0.725
tf2_phasenet_sample_2 P 2.490 0.722
tf2_phasenet_sample_2 S 8.520 0.722
tf2_phasenet_sample_2 P 15.830 0.654
tf2_phasenet_sample_2 S 21.650 0.739
tf2_phasenet_sample_2 P 9.140 0.690
tf2_phasenet_sample_2 S 12.630 0.884
tf2_phasenet_sample_2 P 7.300 0.616
tf2_phasenet_sample_2 S 12.800 0.526
tf2_phasenet_sample_2 P 9.370 0.806
tf2_phasenet_sample_2 S 11.350 0.582
tf2_phasenet_sample_2 P 5.900 0.867
tf2_phasenet_sample_2 S 7.780 0.730
tf2_phasenet_sample_2 P 16.320 0.883
tf2_phasenet_sample_2 S 22.120 0.822
tf2_phasenet_sample_2 P 18.420 0.633
tf2_phasenet_sample_2 S 21.280 0.572
tf2_phasenet_sample_2 P 10.740 0.785
tf2_phasenet_sample_2 S 14.720 0.882
tf2_phasenet_sample_2 P 3.650 0.939
tf2_phasenet_sample_2 S 7.800 0.865
tf2_phasenet_sample_2 P 1.960 0.616
tf2_phasenet_sample_2 S 4.930 0.697
tf2_phasenet_sample_2 P 14.860 0.616
tf2_phasenet_sample_2 S 19.810 0.613
tf2_phasenet_sample_2 P 9.500 0.762
tf2_phasenet_sample_2 S 14.700 0.873
tf2_phasenet_sample_2 P 10.550 0.810
tf2_phasenet_sample_2 S 14.930 0.879
tf2_phasenet_sample_2 P 5.030 0.738
tf2_phasenet_sample_2 S 10.250 0.689
tf2_phasenet_sample_2 P 1.110 0.857
tf2_phasenet_sample_2 S 4.500 0.761
tf2_phasenet_sample_2 P 4.270 0.874
tf2_phasenet_sample_2 S 5.870 0.524
tf2_phasenet_sample_2 P 9.730 0.653
tf2_phasenet_sample_2 S 13.190 0.663
tf2_phasenet_sample_2 P 9.660 0.657
tf2_phasenet_sample_2 S 11.920 0.648
tf2_phasenet_sample_2 P 11.300 0.697
tf2_phasenet_sample_2 S 13.170 0.749
tf2_phasenet_sample_2 P 4.510 0.780
tf2_phasenet_sample_2 S 8.460 0.760
tf2_phasenet_sample_2 P 14.070 0.707
tf2_phasenet_sample_2 S 19.070 0.741
tf2_phasenet_sample_2 P 7.900 0.804
tf2_phasenet_sample_2 S 11.010 0.589
tf2_phasenet_sample_2 P 8.470 0.744
tf2_phasenet_sample_2 S 13.340 0.506
tf2_phasenet_sample_2 P 2.830 0.696
tf2_phasenet_sample_2 S 5.170 0.660
tf2_phasenet_sample_2 P 2.920 0.832
tf2_phasenet_sample_2 S 8.150 0.659
tf2_phasenet_sample_2 P 15.590 0.922
tf2_phasenet_sample_2 S 19.100 0.680
tf2_phasenet_sample_2 P 10.580 0.765
tf2_phasenet_sample_2 S 16.450 0.699
tf2_phasenet_sample_2 P 5.100 0.882
tf2_phasenet_sample_2 S 9.590 0.518
tf2_phasenet_sample_3 P 6.030 0.619
tf2_phasenet_sample_3 S 11.230 0.816
tf2_phasenet_sample_3 P 10.080 0.613
tf2_phasenet_sample_3 S 14.440 0.777
tf2_phasenet_sample_3 P 14.360 0.884
tf2_phasenet_sample_3 S 18.310 0.723
tf2_phasenet_sample_3 P 4.190 0.684
tf2_phasenet_sample_3 S 6.640 0.570
tf2_phasenet_sample_3 P 18.130 0.812
tf2_phasenet_sample_3 S 22.640 0.576
tf2_phasenet_sample_3 P 5.460 0.733
tf2_phasenet_sample_3 S 9.320 0.812
tf2_phasenet_sample_3 P 7.650 0.649
tf2_phasenet_sample_3 S 11.460 0.593
tf2_phasenet_sample_3 P 20.090 0.838
tf2_phasenet_sample_3 S 24.270 0.700
tf2_phasenet_sample_3 P 3.000 0.881
tf2_phasenet_sample_3 S 6.750 0.653
tf2_phasenet_sample_3 P 19.580 0.658
tf2_phasenet_sample_3 S 24.580 0.840
tf2_phasenet_sample_3 P 7.710 0.692
tf2_phasenet_sample_3 S 13.510 0.798
tf2_phasenet_sample_3 P 19.630 0.757
tf2_phasenet_sample_3 S 23.280 0.740
tf2_phasenet_sample_3 P 14.250 0.790
tf2_phasenet_sample_3 S 17.240 0.757
tf2_phasenet_sample_3 P 12.150 0.744
tf2_phasenet_sample_3 S 17.450 0.860
tf2_phasenet_sample_3 P 16.730 0.854
tf2_phasenet_sample_3 S 18.630 0.834
tf2_phasenet_sample_3 P 10.680 0.799
tf2_phasenet_sample_3 S 13.830 0.878
tf2_phasenet_sample_3 P 11.310 0.726
tf2_phasenet_sample_3 S 13.800 0.666
tf2_phasenet_sample_3 P 9.480 0.843
tf2_phasenet_sample_3 S 15.190 0.643
tf2_phasenet_sample_3 P 6.440 0.890
tf2_phasenet_sample_3 S 10.550 0.723
tf2_phasenet_sample_3 P 15.850 0.924
tf2_phasenet_sample_3 S 19.660 0.783
tf2_phasenet_sample_3 P 19.170 0.833
tf2_phasenet_sample_3 S 24.800 0.757
tf2_phasenet_sample_3 P 6.910 0.777
tf2_phasenet_sample_3 S 11.730 0.746
tf2_phasenet_sample_3 P 14.510 0.777
tf2_phasenet_sample_3 S 17.050 0.791
tf2_phasenet_sample_3 P 14.300 0.693
tf2_phasenet_sample_3 S 17.550 0.731
tf2_phasenet_sample_3 P 11.600 0.607
tf2_phasenet_sample_3 S 15.020 0.704
tf2_phasenet_sample_3 P 19.590 0.868
tf2_phasenet_sample_3 S 22.180 0.502
tf2_phasenet_sample_3 P 1.180 0.890
tf2_phasenet_sample_3 S 3.990 0.877
tf2_phasenet_sample_3 P 13.800 0.724
tf2_phasenet_sample_3 S 15.310 0.827
tf2_phasenet_sample_3 P 11.910 0.778
tf2_phasenet_sample_3 S 15.490 0.586
tf2_phasenet_sample_3 P 4.380 0.918
tf2_phasenet_sample_3 S 6.970 0.537
tf2_phasenet_sample_3 P 2.960 0.805
tf2_phasenet_sample_3 S 4.700 0.698
tf2_phasenet_sample_3 P 17.370 0.613
tf2_phasenet_sample_3 S 19.510 0.643
tf2_phasenet_sample_3 P 12.890 0.910
tf2_phasenet_sample_3 S 16.290 0.885
tf2_phasenet_sample_3 P 10.780 0.690
tf2_phasenet_sample_3 S 15.250 0.653
tf2_phasenet_sample_4 P 11.120 0.829
tf2_phasenet_sample_4 S 14.750 0.570
tf2_phasenet_sample_4 P 9.450 0.636
tf2_phasenet_sample_4 S 14.630 0.856
tf2_phasenet_sample_4 P 3.400 0.705
tf2_phasenet_sample_4 S 8.360 0.893
tf2_phasenet_sample_4 P 1.580 0.605
tf2_phasenet_sample_4 S 3.200 0.750
tf2_phasenet_sample_4 P 11.070 0.806
tf2_phasenet_sample_4 S 14.330 0.859
tf2_phasenet_sample_4 P 2.150 0.840
tf2_phasenet_sample_4 S 5.680 0.556
tf2_phasenet_sample_4 P 17.500 0.634
tf2_phasenet_sample_4 S 22.240 0.555
tf2_phasenet_sample_4 P 5.190 0.601
tf2_phasenet_sample_4 S 7.850 0.573
tf2_phasenet_sample_4 P 14.020 0.753
tf2_phasenet_sample_4 S 19.130 0.658
tf2_phasenet_sample_4 P 14.480 0.668
tf2_phasenet_sample_4 S 18.270 0.524
tf2_phasenet_sample_4 P 19.240 0.797
tf2_phasenet_sample_4 S 23.040 0.567
tf2_phasenet_sample_4 P 5.170 0.786
tf2_phasenet_sample_4 S 8.690 0.847
tf2_phasenet_sample_4 P 11.450 0.635
tf2_phasenet_sample_4 S 16.570 0.513
tf2_phasenet_sample_4 P 9.010 0.897
tf2_phasenet_sample_4 S 13.610 0.650
tf2_phasenet_sample_4 P 13.110 0.756
tf2_phasenet_sample_4 S 17.460 0.773
tf2_phasenet_sample_4 P 13.730 0.911
tf2_phasenet_sample_4 S 17.860 0.730
tf2_phasenet_sample_4 P 11.360 0.743
tf2_phasenet_sample_4 S 15.410 0.872
tf2_phasenet_sample_4 P 9.970 0.883
tf2_phasenet_sample_4 S 15.340 0.789
tf2_phasenet_sample_4 P 10.260 0.697
tf2_phasenet_sample_4 S 13.120 0.788
tf2_phasenet_sample_4 P 7.390 0.719
tf2_phasenet_sample_4 S 10.980 0.545
tf2_phasenet_sample_4 P 13.100 0.728
tf2_phasenet_sample_4 S 15.310 0.860
tf2_phasenet_sample_4 P 3.320 0.840
tf2_phasenet_sample_4 S 5.370 0.572
tf2_phasenet_sample_4 P 12.310 0.731
tf2_phasenet_sample_4 S 18.150 0.878
tf2_phasenet_sample_4 P 8.490 0.907
tf2_phasenet_sample_4 S 10.100 0.704
tf2_phasenet_sample_4 P 7.350 0.760
tf2_phasenet_sample_4 S 11.610 0.641
tf2_phasenet_sample_4 P 9.280 0.681
tf2_phasenet_sample_4 S 13.570 0.649
tf2_phasenet_sample_4 P 18.120 0.633
tf2_phasenet_sample_4 S 19.960 0.548
tf2_phasenet_sample_4 P 17.700 0.826
tf2_phasenet_sample_4 S 23.070 0.730
tf2_phasenet_sample_4 P 3.740 0.650
tf2_phasenet_sample_4 S 8.730 0.808
tf2_phasenet_sample_4 P 7.180 0.652
tf2_phasenet_sample_4 S 9.410 0.537
tf2_phasenet_sample_5 P 9.790 0.616
tf2_phasenet_sample_5 S 14.890 0.666
tf2_phasenet_sample_5 P 2.530 0.766
tf2_phasenet_sample_5 S 5.680 0.733
tf2_phasenet_sample_5 P 18.500 0.773
tf2_phasenet_sample_5 S 20.470 0.558
tf2_phasenet_sample_5 P 11.780 0.609
tf2_phasenet_sample_5 S 16.050 0.686
tf2_phasenet_sample_5 P 5.530 0.879
tf2_phasenet_sample_5 S 7.970 0.561
tf2_phasenet_sample_5 P 11.380 0.765
tf2_phasenet_sample_5 S 13.780 0.825
tf2_phasenet_sample_5 P 4.640 0.821
tf2_phasenet_sample_5 S 6.280 0.842
tf2_phasenet_sample_5 P 19.790 0.847
tf2_phasenet_sample_5 S 24.330 0.658
tf2_phasenet_sample_5 P 17.310 0.735
tf2_phasenet_sample_5 S 20.820 0.699
tf2_phasenet_sample_5 P 13.550 0.896
tf2_phasenet_sample_5 S 16.460 0.719
tf2_phasenet_sample_5 P 2.650 0.869
tf2_phasenet_sample_5 S 8.620 0.878
tf2_phasenet_sample_5 P 14.390 0.897
tf2_phasenet_sample_5 S 15.940 0.725
tf2_phasenet_sample_5 P 8.160 0.647
tf2_phasenet_sample_5 S 13.170 0.800
tf2_phasenet_sample_5 P 1.680 0.844
tf2_phasenet_sample_5 S 7.040 0.631
tf2_phasenet_sample_5 P 3.530 0.875
tf2_phasenet_sample_5 S 8.880 0.683
tf2_phasenet_sample_5 P 12.450 0.602
tf2_phasenet_sample_5 S 17.530 0.600
tf2_phasenet_sample_5 P 14.690 0.621
tf2_phasenet_sample_5 S 20.050 0.755
tf2_phasenet_sample_5 P 19.190 0.905
tf2_phasenet_sample_5 S 24.990 0.692
tf2_phasenet_sample_5 P 7.370 0.720
tf2_phasenet_sample_5 S 10.600 0.611
tf2_phasenet_sample_5 P 14.260 0.637
tf2_phasenet_sample_5 S 19.960 0.539
tf2_phasenet_sample_5 P 9.310 0.652
tf2_phasenet_sample_5 S 12.760 0.670
tf2_phasenet_sample_5 P 5.340 0.684
tf2_phasenet_sample_5 S 9.210 0.517
tf2_phasenet_sample_5 P 2.710 0.741
tf2_phasenet_sample_5 S 7.370 0.806
tf2_phasenet_sample_5 P 14.170 0.643
tf2_phasenet_sample_5 S 16.810 0.559
tf2_phasenet_sample_5 P 15.380 0.663
tf2_phasenet_sample_5 S 20.350 0.757
tf2_phasenet_sample_5 P 19.530 0.701
tf2_phasenet_sample_5 S 23.720 0.685
tf2_phasenet_sample_5 P 1.520 0.842
tf2_phasenet_sample_5 S 3.030 0.818
tf2_phasenet_sample_5 P 1.650 0.754
tf2_phasenet_sample_5 S 6.490 0.664
tf2_phasenet_sample_5 P 6.470 0.670
tf2_phasenet_sample_5 S 8.790 0.756
tf2_phasenet_sample_5 P 15.490 0.698
tf2_phasenet_sample_5 S 21.220 0.564
tf2_phasenet_sample_5 P 18.990 0.898
tf2_phasenet_sample_5 S 23.020 0.530
tf2_phasenet_sample_5 P 3.380 0.725
tf2_phasenet_sample_5 S 4.950 0.658
tf2_phasenet_sample_5 P 6.210 0.699
tf2_phasenet_sample_5 S 9.920 0.663
tf2_phasenet_sample_5 P 1.880 0.740
tf2_phasenet_sample_5 S 6.660 0.581
tf2_phasenet_sample_5 P 12.800 0.857
tf2_phasenet_sample_5 S 14.800 0.802
tf2_phasenet_sample_5 P 10.590 0.900
tf2_phasenet_sample_5 S 16.360 0.510
tf2_phasenet_sample_5 P 10.270 0.926
tf2_phasenet_sample_5 S 13.730 0.637
tf2_phasenet_sample_6 P 13.610 0.928
tf2_phasenet_sample_6 S 16.790 0.798
tf2_phasenet_sample_6 P 1.190 0.813
tf2_phasenet_sample_6 S 2.970 0.547
tf2_phasenet_sample_6 P 14.710 0.706
tf2_phasenet_sample_6 S 18.340 0.826
tf2_phasenet_sample_6 P 14.770 0.866
tf2_phasenet_sample_6 S 17.290 0.727
tf2_phasenet_sample_6 P 19.440 0.635
tf2_phasenet_sample_6 S 22.170 0.894
tf2_phasenet_sample_6 P 16.190 0.747
tf2_phasenet_sample_6 S 18.710 0.729
tf2_phasenet_sample_6 P 8.660 0.834
tf2_phasenet_sample_6 S 12.930 0.761
tf2_phasenet_sample_6 P 18.200 0.742
tf2_phasenet_sample_6 S 22.820 0.632
tf2_phasenet_sample_6 P 3.730 0.936
tf2_phasenet_sample_6 S 6.830 0.806
tf2_phasenet_sample_6 P 19.200 0.723
tf2_phasenet_sample_6 S 21.230 0.571
tf2_phasenet_sample_6 P 7.470 0.743
tf2_phasenet_sample_6 S 12.010 0.578
tf2_phasenet_sample_6 P 17.920 0.797
tf2_phasenet_sample_6 S 21.200 0.704
tf2_phasenet_sample_6 P 10.160 0.761
tf2_phasenet_sample_6 S 13.070 0.671
tf2_phasenet_sample_6 P 1.320 0.630
tf2_phasenet_sample_6 S 6.540 0.890
tf2_phasenet_sample_6 P 19.230 0.704
tf2_phasenet_sample_6 S 21.200 0.512
tf2_phasenet_sample_6 P 1.320 0.929
tf2_phasenet_sample_6 S 7.000 0.621
tf2_phasenet_sample_6 P 13.730 0.833
tf2_phasenet_sample_6 S 18.530 0.539
tf2_phasenet_sample_6 P 1.660 0.688
tf2_phasenet_sample_6 S 3.490 0.669
tf2_phasenet_sample_6 P 11.960 0.779
tf2_phasenet_sample_6 S 16.620 0.562
tf2_phasenet_sample_6 P 5.840 0.660
tf2_phasenet_sample_6 S 9.370 0.704
tf2_phasenet_sample_6 P 5.590 0.762
tf2_phasenet_sample_6 S 11.340 0.547
tf2_phasenet_sample_6 P 16.250 0.676
tf2_phasenet_sample_6 S 18.730 0.875
tf2_phasenet_sample_6 P 14.970 0.788
tf2_phasenet_sample_6 S 18.980 0.839
tf2_phasenet_sample_6 P 15.050 0.939
tf2_phasenet_sample_6 S 17.370 0.560
tf2_phasenet_sample_6 P 6.620 0.791
tf2_phasenet_sample_6 S 12.150 0.735
tf2_phasenet_sample_6 P 2.510 0.826
tf2_phasenet_sample_6 S 7.320 0.775
tf2_phasenet_sample_6 P 5.970 0.789
tf2_phasenet_sample_6 S 10.520 0.778
tf2_phasenet_sample_6 P 3.750 0.832
tf2_phasenet_sample_6 S 6.200 0.789
tf2_phasenet_sample_6 P 15.380 0.776
tf2_phasenet_sample_6 S 19.620 0.663
tf2_phasenet_sample_6 P 4.430 0.925
tf2_phasenet_sample_6 S 9.430 0.788
tf2_phasenet_sample_6 P 8.570 0.632
tf2_phasenet_sample_6 S 13.710 0.877
tf2_phasenet_sample_6 P 7.300 0.633
tf2_phasenet_sample_6 S 9.240 0.625
tf2_phasenet_sample_6 P 14.650 0.771
tf2_phasenet_sample_6 S 17.460 0.666
tf2_phasenet_sample_6 P 5.310 0.666
tf2_phasenet_sample_6 S 8.640 0.821
tf2_phasenet_sample_6 P 19.760 0.660
tf2_phasenet_sample_6 S 23.910 0.646
tf2_phasenet_sample_6 P 14.390 0.785
tf2_phasenet_sample_6 S 19.000 0.676
tf2_phasenet_sample_6 P 12.120 0.780
tf2_phasenet_sample_6 S 16.320 0.837
tf2_phasenet_sample_6 P 15.060 0.687
tf2_phasenet_sample_6 S 19.730 0.677
tf2_phasenet_sample_7 P 7.540 0.865
tf2_phasenet_sample_7 S 11.690 0.770
tf2_phasenet_sample_7 P 7.010 0.846
tf2_phasenet_sample_7 S 10.550 0.502
tf2_phasenet_sample_7 P 17.780 0.627
tf2_phasenet_sample_7 S 23.320 0.673
tf2_phasenet_sample_7 P 2.820 0.602
tf2_phasenet_sample_7 S 5.270 0.515
tf2_phasenet_sample_7 P 9.390 0.671
tf2_phasenet_sample_7 S 11.660 0.686
tf2_phasenet_sample_7 P 20.090 0.710
tf2_phasenet_sample_7 S 23.070 0.772
tf2_phasenet_sample_7 P 19.420 0.903
tf2_phasenet_sample_7 S 23.200 0.654
tf2_phasenet_sample_7 P 11.530 0.854
tf2_phasenet_sample_7 S 13.970 0.892
tf2_phasenet_sample_7 P 9.210 0.911
tf2_phasenet_sample_7 S 11.510 0.713
tf2_phasenet_sample_7 P 2.640 0.647
tf2_phasenet_sample_7 S 7.950 0.596
tf2_phasenet_sample_7 P 9.790 0.842
tf2_phasenet_sample_7 S 11.480 0.726
tf2_phasenet_sample_7 P 16.410 0.710
tf2_phasenet_sample_7 S 21.960 0.785
tf2_phasenet_sample_7 P 19.190 0.704
tf2_phasenet_sample_7 S 21.930 0.693
tf2_phasenet_sample_7 P 8.000 0.918
tf2_phasenet_sample_7 S 10.550 0.713
tf2_phasenet_sample_7 P 19.370 0.778
tf2_phasenet_sample_7 S 24.760 0.618
tf2_phasenet_sample_7 P 5.460 0.734
tf2_phasenet_sample_7 S 7.020 0.504
tf2_phasenet_sample_7 P 19.690 0.854
tf2_phasenet_sample_7 S 24.650 0.667
tf2_phasenet_sample_7 P 2.500 0.795
tf2_phasenet_sample_7 S 6.390 0.634
tf2_phasenet_sample_7 P 5.240 0.713
tf2_phasenet_sample_7 S 8.890 0.698
tf2_phasenet_sample_7 P 5.920 0.655
tf2_phasenet_sample_7 S 8.560 0.606
tf2_phasenet_sample_7 P 16.340 0.699
tf2_phasenet_sample_7 S 21.750 0.600
tf2_phasenet_sample_7 P 12.660 0.823
tf2_phasenet_sample_7 S 15.740 0.519
tf2_phasenet_sample_7 P 6.860 0.666
tf2_phasenet_sample_7 S 10.450 0.735
tf2_phasenet_sample_7 P 2.800 0.774
tf2_phasenet_sample_7 S 8.570 0.556
tf2_phasenet_sample_7 P 17.630 0.814
tf2_phasenet_sample_7 S 20.620 0.765
tf2_phasenet_sample_7 P 7.760 0.747
tf2_phasenet_sample_7 S 13.270 0.674
tf2_phasenet_sample_7 P 14.300 0.803
tf2_phasenet_sample_7 S 18.560 0.669
tf2_phasenet_sample_7 P 6.820 0.768
tf2_phasenet_sample_7 S 11.100 0.800
tf2_phasenet_sample_7 P 14.880 0.614
tf2_phasenet_sample_7 S 16.710 0.821
tf2_phasenet_sample_7 P 3.340 0.830
tf2_phasenet_sample_7 S 7.040 0.838
tf2_phasenet_sample_7 P 8.360 0.647
tf2_phasenet_sample_7 S 13.800 0.729
tf2_phasenet_sample_7 P 3.410 0.877
tf2_phasenet_sample_7 S 7.280 0.880
tf2_phasenet_sample_7 P 19.230 0.836
tf2_phasenet_sample_7 S 23.440 0.515
tf2_phasenet_sample_7 P 16.830 0.665
tf2_phasenet_sample_7 S 21.740 0.540
tf2_phasenet_sample_7 P 17.870 0.666
tf2_phasenet_sample_7 S 23.870 0.534
tf2_phasenet_sample_7 P 15.800 0.776
tf2_phasenet_sample_7 S 20.110 0.806
tf2_phasenet_sample_7 P 8.480 0.847
tf2_phasenet_sample_7 S 12.020 0.660
tf2_phasenet_sample_7 P 19.830 0.823
tf2_phasenet_sample_7 S 25.440 0.847
tf2_phasenet_sample_7 P 13.830 0.745
tf2_phasenet_sample_7 S 15.670 0.699
tf2_phasenet_sample_8 P 8.760 0.700
tf2_phasenet_sample_8 S 12.050 0.677
tf2_phasenet_sample_8 P 10.070 0.843
tf2_phasenet_sample_8 S 13.320 0.559
tf2_phasenet_sample_8 P 6.660 0.690
tf2_phasenet_sample_8 S 10.860 0.767
tf2_phasenet_sample_8 P 10.010 0.949
tf2_phasenet_sample_8 S 13.260 0.505
tf2_phasenet_sample_8 P 10.740 0.909
tf2_phasenet_sample_8 S 16.430 0.889
tf2_phasenet_sample_8 P 14.940 0.679
tf2_phasenet_sample_8 S 20.750 0.563
tf2_phasenet_sample_8 P 15.200 0.789
tf2_phasenet_sample_8 S 18.260 0.839
tf2_phasenet_sample_8 P 13.590 0.836
tf2_phasenet_sample_8 S 15.280 0.765
tf2_phasenet_sample_8 P 9.380 0.766
tf2_phasenet_sample_8 S 12.170 0.762
tf2_phasenet_sample_8 P 6.250 0.912
tf2_phasenet_sample_8 S 8.880 0.646
tf2_phasenet_sample_8 P 19.420 0.781
tf2_phasenet_sample_8 S 22.980 0.502
tf2_phasenet_sample_8 P 7.050 0.933
tf2_phasenet_sample_8 S 9.060 0.810
tf2_phasenet_sample_8 P 10.140 0.621
tf2_phasenet_sample_8 S 12.060 0.756
tf2_phasenet_sample_8 P 4.330 0.618
tf2_phasenet_sample_8 S 10.280 0.619
tf2_phasenet_sample_8 P 4.550 0.801
tf2_phasenet_sample_8 S 7.480 0.814
tf2_phasenet_sample_8 P 10.970 0.867
tf2_phasenet_sample_8 S 12.830 0.644
tf2_phasenet_sample_8 P 12.200 0.916
tf2_phasenet_sample_8 S 17.020 0.652
tf2_phasenet_sample_8 P 12.160 0.633
tf2_phasenet_sample_8 S 15.170 0.694
tf2_phasenet_sample_8 P 13.160 0.943
tf2_phasenet_sample_8 S 15.630 0.576
tf2_phasenet_sample_8 P 17.600 0.668
tf2_phasenet_sample_8 S 21.060 0.700
tf2_phasenet_sample_8 P 10.940 0.761
tf2_phasenet_sample_8 S 16.120 0.543
tf2_phasenet_sample_8 P 10.820 0.761
tf2_phasenet_sample_8 S 14.440 0.646
tf2_phasenet_sample_8 P 18.030 0.803
tf2_phasenet_sample_8 S 23.510 0.723
tf2_phasenet_sample_8 P 9.660 0.936
tf2_phasenet_sample_8 S 15.010 0.881
tf2_phasenet_sample_8 P 2.680 0.691
tf2_phasenet_sample_8 S 5.650 0.844
tf2_phasenet_sample_8 P 11.470 0.649
tf2_phasenet_sample_8 S 13.660 0.861
tf2_phasenet_sample_8 P 16.160 0.775
tf2_phasenet_sample_8 S 17.980 0.872
tf2_phasenet_sample_9 P 3.190 0.649
tf2_phasenet_sample_9 S 7.940 0.550
tf2_phasenet_sample_9 P 19.400 0.863
tf2_phasenet_sample_9 S 24.600 0.893
tf2_phasenet_sample_9 P 4.860 0.830
tf2_phasenet_sample_9 S 10.480 0.671
tf2_phasenet_sample_9 P 3.310 0.943
tf2_phasenet_sample_9 S 6.250 0.838
tf2_phasenet_sample_9 P 9.020 0.640
tf2_phasenet_sample_9 S 11.730 0.591
tf2_phasenet_sample_9 P 7.920 0.805
tf2_phasenet_sample_9 S 9.450 0.707
tf2_phasenet_sample_9 P 2.220 0.949
tf2_phasenet_sample_9 S 7.230 0.659
tf2_phasenet_sample_9 P 6.610 0.699
tf2_phasenet_sample_9 S 9.300 0.713
tf2_phasenet_sample_9 P 1.830 0.931
tf2_phasenet_sample_9 S 6.940 0.678
tf2_phasenet_sample_9 P 12.950 0.783
tf2_phasenet_sample_9 S 16.610 0.563
tf2_phasenet_sample_9 P 5.390 0.780
tf2_phasenet_sample_9 S 8.670 0.733
tf2_phasenet_sample_9 P 11.430 0.662
tf2_phasenet_sample_9 S 15.710 0.650
tf2_phasenet_sample_9 P 16.400 0.656
tf2_phasenet_sample_9 S 21.590 0.534
tf2_phasenet_sample_9 P 14.640 0.687
tf2_phasenet_sample_9 S 18.350 0.515
tf2_phasenet_sample_9 P 1.310 0.788
tf2_phasenet_sample_9 S 5.200 0.647
tf2_phasenet_sample_9 P 13.780 0.861
tf2_phasenet_sample_9 S 17.380 0.566
tf2_phasenet_sample_9 P 8.200 0.935
tf2_phasenet_sample_9 S 13.040 0.666
tf2_phasenet_sample_9 P 16.860 0.689
tf2_phasenet_sample_9 S 20.370 0.670
tf2_phasenet_sample_9 P 17.190 0.867
tf2_phasenet_sample_9 S 19.940 0.558
tf2_phasenet_sample_9 P 19.110 0.890
tf2_phasenet_sample_9 S 23.080 0.799
tf2_phasenet_sample_9 P 4.090 0.672
tf2_phasenet_sample_9 S 6.460 0.649
tf2_phasenet_sample_9 P 17.750 0.613
tf2_phasenet_sample_9 S 22.570 0.550
tf2_phasenet_sample_9 P 12.290 0.685
tf2_phasenet_sample_9 S 18.020 0.592
tf2_phasenet_sample_9 P 16.950 0.836
tf2_phasenet_sample_9 S 19.180 0.526
tf2_phasenet_sample_9 P 7.940 0.892
tf2_phasenet_sample_9 S 10.590 0.611
tf2_phasenet_sample_9 P 2.980 0.904
tf2_phasenet_sample_9 S 4.650 0.680
tf2_phasenet_sample_9 P 19.030 0.869
tf2_phasenet_sample_9 S 24.260 0.845
tf2_phasenet_sample_9 P 13.700 0.840
tf2_phasenet_sample_9 S 17.620 0.734
tf2_phasenet_sample_9 P 5.170 0.923
tf2_phasenet_sample_9 S 10.550 0.881
