O2 WILZ EHZ P 2024-02-03T05:24:29.605000
O2 WILZ EHZ P 2024-02-03T05:27:51.705000
O2 WILZ EHZ P 2024-02-03T05:29:08.305000
O2 WILZ EHZ P 2024-02-03T05:32:37.305000
O2 WILZ EHZ P 2024-02-03T05:33:38.805000
O2 WILZ EHZ P 2024-02-03T05:37:30.505000
O2 WILZ EHZ P 2024-02-03T05:39:39.205000
O2 WILZ EHZ P 2024-02-03T05:39:59.105000
O2 WILZ EHZ P 2024-02-03T05:42:26.605000
O2 WILZ EHZ P 2024-02-03T05:42:35.505000
O2 WILZ EHZ P 2024-02-03T05:43:41.305000
O2 WILZ EHZ P 2024-02-03T05:43:52.505000
O2 WILZ EHZ P 2024-02-03T05:44:31.505000
O2 WILZ EHZ P 2024-02-03T05:46:13.405000
O2 WILZ EHZ P 2024-02-03T05:57:38.405000
O2 WILZ EHZ P 2024-02-03T05:57:54.005000
O2 WILZ EHZ P 2024-02-03T06:02:53.605000
O2 WILZ EHZ P 2024-02-03T06:03:24.905000
O2 WILZ EHZ P 2024-02-03T06:04:09.605000
O2 WILZ EHZ P 2024-02-03T06:09:08.805000
O2 WILZ EHZ P 2024-02-03T06:13:27.005000
O2 WILZ EHZ P 2024-02-03T06:13:35.405000
O2 WILZ EHZ P 2024-02-03T06:20:49.705000
O2 WILZ EHZ P 2024-02-03T06:26:27.305000
O2 WILZ EHZ P 2024-02-03T06:27:39.905000
O2 WILZ EHZ P 2024-02-03T06:28:35.905000
O2 WILZ EHZ P 2024-02-03T06:29:00.705000
O2 WILZ EHZ P 2024-02-03T06:32:02.705000
O2 WILZ EHZ P 2024-02-03T06:42:00.905000
O2 WILZ EHZ P 2024-02-03T06:52:20.905000
O2 WILZ EHZ P 2024-02-03T06:53:38.805000
O2 WILZ EHZ P 2024-02-03T06:56:20.405000
O2 WILZ EHZ P 2024-02-03T06:57:40.705000
O2 WILZ EHZ P 2024-02-03T07:01:28.905000
O2 WILZ EHZ P 2024-02-03T07:02:56.805000
O2 WILZ EHZ P 2024-02-03T07:03:57.305000
O2 WILZ EHZ P 2024-02-03T07:04:33.105000
O2 WILZ EHE S 2024-02-03T05:15:50.905000
O2 WILZ EHE S 2024-02-03T05:19:07.905000
O2 WILZ EHE S 2024-02-03T05:19:53.705000
O2 WILZ EHE S 2024-02-03T05:21:51.005000
O2 WILZ EHE S 2024-02-03T05:21:56.705000
O2 WILZ EHE S 2024-02-03T05:22:54.505000
O2 WILZ EHE S 2024-02-03T05:23:44.005000
O2 WILZ EHE S 2024-02-03T05:23:56.505000
O2 WILZ EHE S 2024-02-03T05:27:43.205000
O2 WILZ EHE S 2024-02-03T05:28:46.005000
O2 WILZ EHE S 2024-02-03T05:29:49.405000
O2 WILZ EHE S 2024-02-03T05:30:27.205000
O2 WILZ EHE S 2024-02-03T05:30:44.005000
O2 WILZ EHE S 2024-02-03T05:30:56.105000
O2 WILZ EHE S 2024-02-03T05:31:27.805000
O2 WILZ EHE S 2024-02-03T05:31:43.805000
O2 WILZ EHE S 2024-02-03T05:31:55.005000
O2 WILZ EHE S 2024-02-03T05:32:01.405000
O2 WILZ EHE S 2024-02-03T05:32:12.905000
O2 WILZ EHE S 2024-02-03T05:32:21.605000
O2 WILZ EHE S 2024-02-03T05:32:38.305000
O2 WILZ EHE S 2024-02-03T05:32:48.105000
O2 WILZ EHE S 2024-02-03T05:33:16.305000
O2 WILZ EHE S 2024-02-03T05:33:25.005000
O2 WILZ EHE S 2024-02-03T05:33:41.905000
O2 WILZ EHE S 2024-02-03T05:33:58.105000
O2 WILZ EHE S 2024-02-03T05:34:26.705000
O2 WILZ EHE S 2024-02-03T05:34:29.705000
O2 WILZ EHE S 2024-02-03T05:34:41.005000
O2 WILZ EHE S 2024-02-03T05:34:56.005000
O2 WILZ EHE S 2024-02-03T05:35:00.205000
O2 WILZ EHE S 2024-02-03T05:35:28.305000
O2 WILZ EHE S 2024-02-03T05:35:38.605000
O2 WILZ EHE S 2024-02-03T05:35:42.505000
O2 WILZ EHE S 2024-02-03T05:35:46.605000
O2 WILZ EHE S 2024-02-03T05:35:53.805000
O2 WILZ EHE S 2024-02-03T05:35:58.405000
O2 WILZ EHE S 2024-02-03T05:36:06.205000
O2 WILZ EHE S 2024-02-03T05:36:20.305000
O2 WILZ EHE S 2024-02-03T05:36:26.505000
O2 WILZ EHE S 2024-02-03T05:36:47.505000
O2 WILZ EHE S 2024-02-03T05:37:03.505000
O2 WILZ EHE S 2024-02-03T05:37:10.705000
O2 WILZ EHE S 2024-02-03T05:37:54.505000
O2 WILZ EHE S 2024-02-03T05:38:28.405000
O2 WILZ EHE S 2024-02-03T05:38:41.205000
O2 WILZ EHE S 2024-02-03T05:38:48.905000
O2 WILZ EHE S 2024-02-03T05:38:52.705000
O2 WILZ EHE S 2024-02-03T05:38:59.605000
O2 WILZ EHE S 2024-02-03T05:39:05.405000
O2 WILZ EHE S 2024-02-03T05:39:17.705000
O2 WILZ EHE S 2024-02-03T05:39:34.005000
O2 WILZ EHE S 2024-02-03T05:39:40.105000
O2 WILZ EHE S 2024-02-03T05:39:46.505000
O2 WILZ EHE S 2024-02-03T05:39:49.805000
O2 WILZ EHE S 2024-02-03T05:39:56.305000
O2 WILZ EHE S 2024-02-03T05:40:00.005000
O2 WILZ EHE S 2024-02-03T05:40:10.905000
O2 WILZ EHE S 2024-02-03T05:40:25.105000
O2 WILZ EHE S 2024-02-03T05:40:41.905000
O2 WILZ EHE S 2024-02-03T05:41:04.105000
O2 WILZ EHE S 2024-02-03T05:41:18.205000
O2 WILZ EHE S 2024-02-03T05:41:53.705000
O2 WILZ EHE S 2024-02-03T05:42:02.505000
O2 WILZ EHE S 2024-02-03T05:42:09.105000
O2 WILZ EHE S 2024-02-03T05:42:27.505000
O2 WILZ EHE S 2024-02-03T05:42:36.505000
O2 WILZ EHE S 2024-02-03T05:42:58.405000
O2 WILZ EHE S 2024-02-03T05:43:06.905000
O2 WILZ EHE S 2024-02-03T05:43:32.905000
O2 WILZ EHE S 2024-02-03T05:43:41.705000
O2 WILZ EHE S 2024-02-03T05:43:47.805000
O2 WILZ EHE S 2024-02-03T05:43:55.005000
O2 WILZ EHE S 2024-02-03T05:44:02.605000
O2 WILZ EHE S 2024-02-03T05:44:13.205000
O2 WILZ EHE S 2024-02-03T05:44:17.805000
O2 WILZ EHE S 2024-02-03T05:44:32.305000
O2 WILZ EHE S 2024-02-03T05:44:44.205000
O2 WILZ EHE S 2024-02-03T05:44:51.505000
O2 WILZ EHE S 2024-02-03T05:44:57.905000
O2 WILZ EHE S 2024-02-03T05:45:28.805000
O2 WILZ EHE S 2024-02-03T05:45:35.105000
O2 WILZ EHE S 2024-02-03T05:45:40.205000
O2 WILZ EHE S 2024-02-03T05:45:49.005000
O2 WILZ EHE S 2024-02-03T05:46:00.005000
O2 WILZ EHE S 2024-02-03T05:46:04.505000
O2 WILZ EHE S 2024-02-03T05:46:16.105000
O2 WILZ EHE S 2024-02-03T05:46:33.905000
O2 WILZ EHE S 2024-02-03T05:46:42.405000
O2 WILZ EHE S 2024-02-03T05:46:50.105000
O2 WILZ EHE S 2024-02-03T05:47:01.405000
O2 WILZ EHE S 2024-02-03T05:47:12.105000
O2 WILZ EHE S 2024-02-03T05:47:15.105000
O2 WILZ EHE S 2024-02-03T05:47:24.105000
O2 WILZ EHE S 2024-02-03T05:47:39.105000
O2 WILZ EHE S 2024-02-03T05:47:44.005000
O2 WILZ EHE S 2024-02-03T05:48:09.105000
O2 WILZ EHE S 2024-02-03T05:48:13.305000
O2 WILZ EHE S 2024-02-03T05:48:25.805000
O2 WILZ EHE S 2024-02-03T05:48:32.305000
O2 WILZ EHE S 2024-02-03T05:48:44.205000
O2 WILZ EHE S 2024-02-03T05:48:51.605000
O2 WILZ EHE S 2024-02-03T05:48:55.505000
O2 WILZ EHE S 2024-02-03T05:49:00.105000
O2 WILZ EHE S 2024-02-03T05:49:14.505000
O2 WILZ EHE S 2024-02-03T05:49:19.305000
O2 WILZ EHE S 2024-02-03T05:49:23.105000
O2 WILZ EHE S 2024-02-03T05:49:42.605000
O2 WILZ EHE S 2024-02-03T05:49:50.805000
O2 WILZ EHE S 2024-02-03T05:49:59.005000
O2 WILZ EHE S 2024-02-03T05:50:13.605000
O2 WILZ EHE S 2024-02-03T05:50:19.805000
O2 WILZ EHE S 2024-02-03T05:50:28.705000
O2 WILZ EHE S 2024-02-03T05:50:48.505000
O2 WILZ EHE S 2024-02-03T05:51:09.605000
O2 WILZ EHE S 2024-02-03T05:51:21.705000
O2 WILZ EHE S 2024-02-03T05:51:25.805000
O2 WILZ EHE S 2024-02-03T05:51:39.005000
O2 WILZ EHE S 2024-02-03T05:52:08.305000
O2 WILZ EHE S 2024-02-03T05:52:19.405000
O2 WILZ EHE S 2024-02-03T05:52:22.205000
O2 WILZ EHE S 2024-02-03T05:52:30.605000
O2 WILZ EHE S 2024-02-03T05:52:40.505000
O2 WILZ EHE S 2024-02-03T05:52:51.105000
O2 WILZ EHE S 2024-02-03T05:52:56.105000
O2 WILZ EHE S 2024-02-03T05:53:01.005000
O2 WILZ EHE S 2024-02-03T05:53:10.505000
O2 WILZ EHE S 2024-02-03T05:53:16.205000
O2 WILZ EHE S 2024-02-03T05:53:30.805000
O2 WILZ EHE S 2024-02-03T05:53:43.005000
O2 WILZ EHE S 2024-02-03T05:53:46.005000
O2 WILZ EHE S 2024-02-03T05:54:05.305000
O2 WILZ EHE S 2024-02-03T05:54:16.805000
O2 WILZ EHE S 2024-02-03T05:54:34.505000
O2 WILZ EHE S 2024-02-03T05:54:42.305000
O2 WILZ EHE S 2024-02-03T05:55:18.705000
O2 WILZ EHE S 2024-02-03T05:55:43.605000
O2 WILZ EHE S 2024-02-03T05:56:11.805000
O2 WILZ EHE S 2024-02-03T05:56:19.505000
O2 WILZ EHE S 2024-02-03T05:56:23.605000
O2 WILZ EHE S 2024-02-03T05:56:30.005000
O2 WILZ EHE S 2024-02-03T05:56:36.905000
O2 WILZ EHE S 2024-02-03T05:56:40.705000
O2 WILZ EHE S 2024-02-03T05:56:43.905000
O2 WILZ EHE S 2024-02-03T05:57:08.705000
O2 WILZ EHE S 2024-02-03T05:57:16.205000
O2 WILZ EHE S 2024-02-03T05:57:29.505000
O2 WILZ EHE S 2024-02-03T05:57:33.305000
O2 WILZ EHE S 2024-02-03T05:57:39.505000
O2 WILZ EHE S 2024-02-03T05:57:56.105000
O2 WILZ EHE S 2024-02-03T05:58:24.205000
O2 WILZ EHE S 2024-02-03T05:58:28.405000
O2 WILZ EHE S 2024-02-03T05:58:37.205000
O2 WILZ EHE S 2024-02-03T05:58:41.605000
O2 WILZ EHE S 2024-02-03T05:58:56.205000
O2 WILZ EHE S 2024-02-03T05:59:09.805000
O2 WILZ EHE S 2024-02-03T05:59:23.605000
O2 WILZ EHE S 2024-02-03T05:59:29.405000
O2 WILZ EHE S 2024-02-03T05:59:56.705000
O2 WILZ EHE S 2024-02-03T06:00:14.405000
O2 WILZ EHE S 2024-02-03T06:00:26.305000
O2 WILZ EHE S 2024-02-03T06:00:35.105000
O2 WILZ EHE S 2024-02-03T06:00:42.005000
O2 WILZ EHE S 2024-02-03T06:01:22.405000
O2 WILZ EHE S 2024-02-03T06:01:28.505000
O2 WILZ EHE S 2024-02-03T06:01:36.405000
O2 WILZ EHE S 2024-02-03T06:01:52.805000
O2 WILZ EHE S 2024-02-03T06:02:00.305000
O2 WILZ EHE S 2024-02-03T06:02:13.405000
O2 WILZ EHE S 2024-02-03T06:02:17.805000
O2 WILZ EHE S 2024-02-03T06:02:29.005000
O2 WILZ EHE S 2024-02-03T06:02:47.705000
O2 WILZ EHE S 2024-02-03T06:02:54.505000
O2 WILZ EHE S 2024-02-03T06:02:59.105000
O2 WILZ EHE S 2024-02-03T06:03:20.705000
O2 WILZ EHE S 2024-02-03T06:03:25.905000
O2 WILZ EHE S 2024-02-03T06:03:33.305000
O2 WILZ EHE S 2024-02-03T06:03:59.405000
O2 WILZ EHE S 2024-02-03T06:04:02.805000
O2 WILZ EHE S 2024-02-03T06:04:03.705000
O2 WILZ EHE S 2024-02-03T06:04:11.405000
O2 WILZ EHE S 2024-02-03T06:04:18.705000
O2 WILZ EHE S 2024-02-03T06:04:34.905000
O2 WILZ EHE S 2024-02-03T06:04:48.605000
O2 WILZ EHE S 2024-02-03T06:04:58.605000
O2 WILZ EHE S 2024-02-03T06:05:13.905000
O2 WILZ EHE S 2024-02-03T06:05:27.905000
O2 WILZ EHE S 2024-02-03T06:05:32.405000
O2 WILZ EHE S 2024-02-03T06:05:37.905000
O2 WILZ EHE S 2024-02-03T06:05:51.805000
O2 WILZ EHE S 2024-02-03T06:05:59.705000
O2 WILZ EHE S 2024-02-03T06:06:29.805000
O2 WILZ EHE S 2024-02-03T06:06:47.405000
O2 WILZ EHE S 2024-02-03T06:06:52.505000
O2 WILZ EHE S 2024-02-03T06:06:56.505000
O2 WILZ EHE S 2024-02-03T06:07:08.005000
O2 WILZ EHE S 2024-02-03T06:07:19.705000
O2 WILZ EHE S 2024-02-03T06:07:41.005000
O2 WILZ EHE S 2024-02-03T06:07:45.005000
O2 WILZ EHE S 2024-02-03T06:07:49.905000
O2 WILZ EHE S 2024-02-03T06:07:56.405000
O2 WILZ EHE S 2024-02-03T06:08:01.405000
O2 WILZ EHE S 2024-02-03T06:08:14.705000
O2 WILZ EHE S 2024-02-03T06:08:21.705000
O2 WILZ EHE S 2024-02-03T06:08:30.905000
O2 WILZ EHE S 2024-02-03T06:08:33.105000
O2 WILZ EHE S 2024-02-03T06:08:37.605000
O2 WILZ EHE S 2024-02-03T06:08:41.305000
O2 WILZ EHE S 2024-02-03T06:08:54.005000
O2 WILZ EHE S 2024-02-03T06:09:09.605000
O2 WILZ EHE S 2024-02-03T06:09:14.805000
O2 WILZ EHE S 2024-02-03T06:09:20.505000
O2 WILZ EHE S 2024-02-03T06:09:35.805000
O2 WILZ EHE S 2024-02-03T06:09:42.105000
O2 WILZ EHE S 2024-02-03T06:09:53.805000
O2 WILZ EHE S 2024-02-03T06:10:03.405000
O2 WILZ EHE S 2024-02-03T06:10:22.105000
O2 WILZ EHE S 2024-02-03T06:11:23.205000
O2 WILZ EHE S 2024-02-03T06:11:50.905000
O2 WILZ EHE S 2024-02-03T06:11:57.605000
O2 WILZ EHE S 2024-02-03T06:12:06.105000
O2 WILZ EHE S 2024-02-03T06:12:41.505000
O2 WILZ EHE S 2024-02-03T06:13:20.905000
O2 WILZ EHE S 2024-02-03T06:13:27.905000
O2 WILZ EHE S 2024-02-03T06:13:36.405000
O2 WILZ EHE S 2024-02-03T06:14:06.005000
O2 WILZ EHE S 2024-02-03T06:14:24.305000
O2 WILZ EHE S 2024-02-03T06:14:45.805000
O2 WILZ EHE S 2024-02-03T06:14:56.305000
O2 WILZ EHE S 2024-02-03T06:15:04.905000
O2 WILZ EHE S 2024-02-03T06:15:25.705000
O2 WILZ EHE S 2024-02-03T06:15:40.605000
O2 WILZ EHE S 2024-02-03T06:15:52.405000
O2 WILZ EHE S 2024-02-03T06:15:58.705000
O2 WILZ EHE S 2024-02-03T06:16:52.605000
O2 WILZ EHE S 2024-02-03T06:16:57.405000
O2 WILZ EHE S 2024-02-03T06:17:18.305000
O2 WILZ EHE S 2024-02-03T06:17:23.605000
O2 WILZ EHE S 2024-02-03T06:17:30.605000
O2 WILZ EHE S 2024-02-03T06:17:37.405000
O2 WILZ EHE S 2024-02-03T06:18:03.605000
O2 WILZ EHE S 2024-02-03T06:18:07.105000
O2 WILZ EHE S 2024-02-03T06:18:25.405000
O2 WILZ EHE S 2024-02-03T06:18:55.405000
O2 WILZ EHE S 2024-02-03T06:19:35.705000
O2 WILZ EHE S 2024-02-03T06:20:12.805000
O2 WILZ EHE S 2024-02-03T06:20:19.405000
O2 WILZ EHE S 2024-02-03T06:20:47.705000
O2 WILZ EHE S 2024-02-03T06:20:51.105000
O2 WILZ EHE S 2024-02-03T06:20:58.105000
O2 WILZ EHE S 2024-02-03T06:21:06.905000
O2 WILZ EHE S 2024-02-03T06:22:25.005000
O2 WILZ EHE S 2024-02-03T06:22:38.905000
O2 WILZ EHE S 2024-02-03T06:22:47.805000
O2 WILZ EHE S 2024-02-03T06:22:54.805000
O2 WILZ EHE S 2024-02-03T06:23:02.405000
O2 WILZ EHE S 2024-02-03T06:23:36.705000
O2 WILZ EHE S 2024-02-03T06:23:57.805000
O2 WILZ EHE S 2024-02-03T06:24:05.105000
O2 WILZ EHE S 2024-02-03T06:24:19.705000
O2 WILZ EHE S 2024-02-03T06:24:28.805000
O2 WILZ EHE S 2024-02-03T06:24:56.605000
O2 WILZ EHE S 2024-02-03T06:25:03.905000
O2 WILZ EHE S 2024-02-03T06:25:18.205000
O2 WILZ EHE S 2024-02-03T06:25:26.405000
O2 WILZ EHE S 2024-02-03T06:25:29.805000
O2 WILZ EHE S 2024-02-03T06:25:53.605000
O2 WILZ EHE S 2024-02-03T06:26:01.005000
O2 WILZ EHE S 2024-02-03T06:26:07.705000
O2 WILZ EHE S 2024-02-03T06:26:22.805000
O2 WILZ EHE S 2024-02-03T06:26:42.405000
O2 WILZ EHE S 2024-02-03T06:26:51.405000
O2 WILZ EHE S 2024-02-03T06:26:56.105000
O2 WILZ EHE S 2024-02-03T06:27:10.605000
O2 WILZ EHE S 2024-02-03T06:27:25.505000
O2 WILZ EHE S 2024-02-03T06:28:07.105000
O2 WILZ EHE S 2024-02-03T06:28:23.105000
O2 WILZ EHE S 2024-02-03T06:28:36.705000
O2 WILZ EHE S 2024-02-03T06:28:42.705000
O2 WILZ EHE S 2024-02-03T06:28:46.705000
O2 WILZ EHE S 2024-02-03T06:28:51.105000
O2 WILZ EHE S 2024-02-03T06:29:01.505000
O2 WILZ EHE S 2024-02-03T06:29:08.605000
O2 WILZ EHE S 2024-02-03T06:29:17.305000
O2 WILZ EHE S 2024-02-03T06:29:30.505000
O2 WILZ EHE S 2024-02-03T06:29:42.605000
O2 WILZ EHE S 2024-02-03T06:29:45.705000
O2 WILZ EHE S 2024-02-03T06:29:56.205000
O2 WILZ EHE S 2024-02-03T06:30:07.505000
O2 WILZ EHE S 2024-02-03T06:30:18.705000
O2 WILZ EHE S 2024-02-03T06:30:22.405000
O2 WILZ EHE S 2024-02-03T06:30:25.605000
O2 WILZ EHE S 2024-02-03T06:30:31.405000
O2 WILZ EHE S 2024-02-03T06:31:00.205000
O2 WILZ EHE S 2024-02-03T06:31:19.205000
O2 WILZ EHE S 2024-02-03T06:31:52.605000
O2 WILZ EHE S 2024-02-03T06:32:03.605000
O2 WILZ EHE S 2024-02-03T06:32:10.805000
O2 WILZ EHE S 2024-02-03T06:32:21.305000
O2 WILZ EHE S 2024-02-03T06:33:02.205000
O2 WILZ EHE S 2024-02-03T06:33:45.905000
O2 WILZ EHE S 2024-02-03T06:34:03.505000
O2 WILZ EHE S 2024-02-03T06:35:40.305000
O2 WILZ EHE S 2024-02-03T06:37:50.605000
O2 WILZ EHE S 2024-02-03T06:38:04.205000
O2 WILZ EHE S 2024-02-03T06:38:11.605000
O2 WILZ EHE S 2024-02-03T06:38:36.905000
O2 WILZ EHE S 2024-02-03T06:38:59.905000
O2 WILZ EHE S 2024-02-03T06:39:14.205000
O2 WILZ EHE S 2024-02-03T06:39:17.005000
O2 WILZ EHE S 2024-02-03T06:39:31.905000
O2 WILZ EHE S 2024-02-03T06:39:54.405000
O2 WILZ EHE S 2024-02-03T06:40:05.505000
O2 WILZ EHE S 2024-02-03T06:40:14.105000
O2 WILZ EHE S 2024-02-03T06:40:43.705000
O2 WILZ EHE S 2024-02-03T06:41:00.905000
O2 WILZ EHE S 2024-02-03T06:41:04.905000
O2 WILZ EHE S 2024-02-03T06:41:26.705000
O2 WILZ EHE S 2024-02-03T06:41:37.005000
O2 WILZ EHE S 2024-02-03T06:41:49.605000
O2 WILZ EHE S 2024-02-03T06:41:57.305000
O2 WILZ EHE S 2024-02-03T06:42:01.805000
O2 WILZ EHE S 2024-02-03T06:42:12.605000
O2 WILZ EHE S 2024-02-03T06:42:22.905000
O2 WILZ EHE S 2024-02-03T06:42:35.105000
O2 WILZ EHE S 2024-02-03T06:42:46.505000
O2 WILZ EHE S 2024-02-03T06:43:03.005000
O2 WILZ EHE S 2024-02-03T06:43:10.005000
O2 WILZ EHE S 2024-02-03T06:43:34.105000
O2 WILZ EHE S 2024-02-03T06:43:47.205000
O2 WILZ EHE S 2024-02-03T06:43:50.905000
O2 WILZ EHE S 2024-02-03T06:44:18.605000
O2 WILZ EHE S 2024-02-03T06:44:35.305000
O2 WILZ EHE S 2024-02-03T06:44:49.605000
O2 WILZ EHE S 2024-02-03T06:44:56.505000
O2 WILZ EHE S 2024-02-03T06:45:11.505000
O2 WILZ EHE S 2024-02-03T06:45:21.905000
O2 WILZ EHE S 2024-02-03T06:45:29.805000
O2 WILZ EHE S 2024-02-03T06:45:59.805000
O2 WILZ EHE S 2024-02-03T06:46:21.505000
O2 WILZ EHE S 2024-02-03T06:46:36.405000
O2 WILZ EHE S 2024-02-03T06:46:47.305000
O2 WILZ EHE S 2024-02-03T06:46:50.805000
O2 WILZ EHE S 2024-02-03T06:47:03.305000
O2 WILZ EHE S 2024-02-03T06:47:15.005000
O2 WILZ EHE S 2024-02-03T06:47:24.105000
O2 WILZ EHE S 2024-02-03T06:47:35.405000
O2 WILZ EHE S 2024-02-03T06:47:40.305000
O2 WILZ EHE S 2024-02-03T06:48:02.105000
O2 WILZ EHE S 2024-02-03T06:48:17.005000
O2 WILZ EHE S 2024-02-03T06:48:23.105000
O2 WILZ EHE S 2024-02-03T06:48:40.405000
O2 WILZ EHE S 2024-02-03T06:48:47.005000
O2 WILZ EHE S 2024-02-03T06:48:56.405000
O2 WILZ EHE S 2024-02-03T06:49:08.105000
O2 WILZ EHE S 2024-02-03T06:49:26.405000
O2 WILZ EHE S 2024-02-03T06:49:34.405000
O2 WILZ EHE S 2024-02-03T06:49:42.805000
O2 WILZ EHE S 2024-02-03T06:50:54.005000
O2 WILZ EHE S 2024-02-03T06:51:22.805000
O2 WILZ EHE S 2024-02-03T06:52:21.905000
O2 WILZ EHE S 2024-02-03T06:52:30.805000
O2 WILZ EHE S 2024-02-03T06:52:51.605000
