O2 WILZ EHE S 2024-02-03T05:21:51.105000
O2 WILZ EHE S 2024-02-03T05:21:56.855000
O2 WILZ EHE S 2024-02-03T05:22:54.605000
O2 WILZ EHE S 2024-02-03T05:23:44.095000
O2 WILZ EHE S 2024-02-03T05:23:56.605000
O2 WILZ EHE S 2024-02-03T05:24:29.795000
O2 WILZ EHE S 2024-02-03T05:27:43.355000
O2 WILZ EHE S 2024-02-03T05:28:09.935000
O2 WILZ EHE S 2024-02-03T05:28:17.405000
O2 WILZ EHE S 2024-02-03T05:28:18.265000
O2 WILZ EHE S 2024-02-03T05:28:46.025000
O2 WILZ EHE S 2024-02-03T05:29:10.455000
O2 WILZ EHE S 2024-02-03T05:29:34.065000
O2 WILZ EHE S 2024-02-03T05:29:49.505000
O2 WILZ EHE S 2024-02-03T05:30:27.265000
O2 WILZ EHE S 2024-02-03T05:30:44.105000
O2 WILZ EHE S 2024-02-03T05:30:56.245000
O2 WILZ EHE S 2024-02-03T05:31:18.625000
O2 WILZ EHE S 2024-02-03T05:31:27.895000
O2 WILZ EHE S 2024-02-03T05:31:31.895000
O2 WILZ EHE S 2024-02-03T05:31:43.925000
O2 WILZ EHE S 2024-02-03T05:32:01.315000
O2 WILZ EHE S 2024-02-03T05:32:13.105000
O2 WILZ EHE S 2024-02-03T05:32:21.665000
O2 WILZ EHE S 2024-02-03T05:32:38.315000
O2 WILZ EHE S 2024-02-03T05:33:16.435000
O2 WILZ EHE S 2024-02-03T05:33:28.385000
O2 WILZ EHE S 2024-02-03T05:33:41.935000
O2 WILZ EHE S 2024-02-03T05:33:46.565000
O2 WILZ EHE S 2024-02-03T05:33:58.245000
O2 WILZ EHE S 2024-02-03T05:34:26.845000
O2 WILZ EHE S 2024-02-03T05:34:29.775000
O2 WILZ EHE S 2024-02-03T05:34:41.095000
O2 WILZ EHE S 2024-02-03T05:34:59.975000
O2 WILZ EHE S 2024-02-03T05:35:28.365000
O2 WILZ EHE S 2024-02-03T05:35:36.915000
O2 WILZ EHE S 2024-02-03T05:35:38.715000
O2 WILZ EHE S 2024-02-03T05:35:46.695000
O2 WILZ EHE S 2024-02-03T05:35:53.965000
O2 WILZ EHE S 2024-02-03T05:35:58.545000
O2 WILZ EHE S 2024-02-03T05:36:06.365000
O2 WILZ EHE S 2024-02-03T05:36:17.495000
O2 WILZ EHE S 2024-02-03T05:36:20.245000
O2 WILZ EHE S 2024-02-03T05:36:26.695000
O2 WILZ EHE S 2024-02-03T05:36:29.695000
O2 WILZ EHE S 2024-02-03T05:36:47.565000
O2 WILZ EHE S 2024-02-03T05:37:03.615000
O2 WILZ EHE S 2024-02-03T05:37:10.845000
O2 WILZ EHE S 2024-02-03T05:37:51.665000
O2 WILZ EHE S 2024-02-03T05:37:54.625000
O2 WILZ EHE S 2024-02-03T05:38:04.255000
O2 WILZ EHE S 2024-02-03T05:38:07.005000
O2 WILZ EHE S 2024-02-03T05:38:14.455000
O2 WILZ EHE S 2024-02-03T05:38:28.525000
O2 WILZ EHE S 2024-02-03T05:38:33.825000
O2 WILZ EHE S 2024-02-03T05:38:41.305000
O2 WILZ EHE S 2024-02-03T05:38:49.055000
O2 WILZ EHE S 2024-02-03T05:38:52.885000
O2 WILZ EHE S 2024-02-03T05:39:05.475000
O2 WILZ EHE S 2024-02-03T05:39:30.765000
O2 WILZ EHE S 2024-02-03T05:39:34.185000
O2 WILZ EHE S 2024-02-03T05:39:49.905000
O2 WILZ EHE S 2024-02-03T05:39:56.415000
O2 WILZ EHE S 2024-02-03T05:40:00.105000
O2 WILZ EHE S 2024-02-03T05:40:21.765000
O2 WILZ EHE S 2024-02-03T05:40:25.285000
O2 WILZ EHE S 2024-02-03T05:40:45.955000
O2 WILZ EHE S 2024-02-03T05:41:03.065000
O2 WILZ EHE S 2024-02-03T05:41:18.325000
O2 WILZ EHE S 2024-02-03T05:41:34.555000
O2 WILZ EHE S 2024-02-03T05:41:53.835000
O2 WILZ EHE S 2024-02-03T05:42:00.055000
O2 WILZ EHE S 2024-02-03T05:42:26.895000
O2 WILZ EHE S 2024-02-03T05:42:36.565000
O2 WILZ EHE S 2024-02-03T05:42:56.275000
O2 WILZ EHE S 2024-02-03T05:42:58.475000
O2 WILZ EHE S 2024-02-03T05:43:07.075000
O2 WILZ EHE S 2024-02-03T05:43:21.025000
O2 WILZ EHE S 2024-02-03T05:43:31.055000
O2 WILZ EHE S 2024-02-03T05:43:41.865000
O2 WILZ EHE S 2024-02-03T05:43:47.935000
O2 WILZ EHE S 2024-02-03T05:43:53.505000
O2 WILZ EHE S 2024-02-03T05:43:55.165000
O2 WILZ EHE S 2024-02-03T05:44:02.635000
O2 WILZ EHE S 2024-02-03T05:44:10.835000
O2 WILZ EHE S 2024-02-03T05:44:13.305000
O2 WILZ EHE S 2024-02-03T05:44:32.185000
O2 WILZ EHE S 2024-02-03T05:44:49.935000
O2 WILZ EHE S 2024-02-03T05:44:51.625000
O2 WILZ EHE S 2024-02-03T05:45:09.415000
O2 WILZ EHE S 2024-02-03T05:45:11.455000
O2 WILZ EHE S 2024-02-03T05:45:23.705000
O2 WILZ EHE S 2024-02-03T05:45:28.915000
O2 WILZ EHE S 2024-02-03T05:45:35.195000
O2 WILZ EHE S 2024-02-03T05:45:40.315000
O2 WILZ EHE S 2024-02-03T05:46:00.155000
O2 WILZ EHE S 2024-02-03T05:46:04.625000
O2 WILZ EHE S 2024-02-03T05:46:13.535000
O2 WILZ EHE S 2024-02-03T05:46:16.185000
O2 WILZ EHE S 2024-02-03T05:46:42.455000
O2 WILZ EHE S 2024-02-03T05:46:50.255000
O2 WILZ EHE S 2024-02-03T05:47:01.615000
O2 WILZ EHE S 2024-02-03T05:47:04.755000
O2 WILZ EHE S 2024-02-03T05:47:05.285000
O2 WILZ EHE S 2024-02-03T05:47:21.315000
O2 WILZ EHE S 2024-02-03T05:47:31.595000
O2 WILZ EHE S 2024-02-03T05:47:39.065000
O2 WILZ EHE S 2024-02-03T05:47:44.105000
O2 WILZ EHE S 2024-02-03T05:48:02.685000
O2 WILZ EHE S 2024-02-03T05:48:09.475000
O2 WILZ EHE S 2024-02-03T05:48:13.355000
O2 WILZ EHE S 2024-02-03T05:48:25.955000
O2 WILZ EHE S 2024-02-03T05:48:32.425000
O2 WILZ EHE S 2024-02-03T05:48:42.185000
O2 WILZ EHE S 2024-02-03T05:48:55.655000
O2 WILZ EHE S 2024-02-03T05:49:00.205000
O2 WILZ EHE S 2024-02-03T05:49:04.955000
O2 WILZ EHE S 2024-02-03T05:49:14.685000
O2 WILZ EHE S 2024-02-03T05:49:19.425000
O2 WILZ EHE S 2024-02-03T05:49:23.175000
O2 WILZ EHE S 2024-02-03T05:49:41.965000
O2 WILZ EHE S 2024-02-03T05:49:51.025000
O2 WILZ EHE S 2024-02-03T05:50:13.725000
O2 WILZ EHE S 2024-02-03T05:50:18.975000
O2 WILZ EHE S 2024-02-03T05:50:28.845000
O2 WILZ EHE S 2024-02-03T05:50:48.645000
O2 WILZ EHE S 2024-02-03T05:51:09.745000
O2 WILZ EHE S 2024-02-03T05:51:21.815000
O2 WILZ EHE S 2024-02-03T05:51:25.965000
O2 WILZ EHE S 2024-02-03T05:51:39.035000
O2 WILZ EHE S 2024-02-03T05:52:07.405000
O2 WILZ EHE S 2024-02-03T05:52:22.275000
O2 WILZ EHE S 2024-02-03T05:52:30.755000
O2 WILZ EHE S 2024-02-03T05:52:40.735000
O2 WILZ EHE S 2024-02-03T05:52:51.215000
O2 WILZ EHE S 2024-02-03T05:52:56.195000
O2 WILZ EHE S 2024-02-03T05:53:01.135000
O2 WILZ EHE S 2024-02-03T05:53:10.605000
O2 WILZ EHE S 2024-02-03T05:53:16.345000
O2 WILZ EHE S 2024-02-03T05:53:54.465000
O2 WILZ EHE S 2024-02-03T05:54:04.015000
O2 WILZ EHE S 2024-02-03T05:54:05.465000
O2 WILZ EHE S 2024-02-03T05:54:15.585000
O2 WILZ EHE S 2024-02-03T05:54:16.895000
O2 WILZ EHE S 2024-02-03T05:54:34.665000
O2 WILZ EHE S 2024-02-03T05:54:42.385000
O2 WILZ EHE S 2024-02-03T05:55:12.265000
O2 WILZ EHE S 2024-02-03T05:55:17.915000
O2 WILZ EHE S 2024-02-03T05:55:43.765000
O2 WILZ EHE S 2024-02-03T05:55:57.425000
O2 WILZ EHE S 2024-02-03T05:56:11.195000
O2 WILZ EHE S 2024-02-03T05:56:30.125000
O2 WILZ EHE S 2024-02-03T05:56:53.795000
O2 WILZ EHE S 2024-02-03T05:56:55.655000
O2 WILZ EHE S 2024-02-03T05:57:08.755000
O2 WILZ EHE S 2024-02-03T05:57:16.325000
O2 WILZ EHE S 2024-02-03T05:57:29.645000
O2 WILZ EHE S 2024-02-03T05:57:33.445000
O2 WILZ EHE S 2024-02-03T05:57:39.575000
O2 WILZ EHE S 2024-02-03T05:57:55.025000
O2 WILZ EHE S 2024-02-03T05:57:56.245000
O2 WILZ EHE S 2024-02-03T05:58:09.995000
O2 WILZ EHE S 2024-02-03T05:58:24.395000
O2 WILZ EHE S 2024-02-03T05:58:28.475000
O2 WILZ EHE S 2024-02-03T05:58:41.725000
O2 WILZ EHE S 2024-02-03T05:58:55.385000
O2 WILZ EHE S 2024-02-03T05:59:09.965000
O2 WILZ EHE S 2024-02-03T05:59:29.445000
O2 WILZ EHE S 2024-02-03T05:59:50.765000
O2 WILZ EHE S 2024-02-03T05:59:56.615000
O2 WILZ EHE S 2024-02-03T06:00:12.215000
O2 WILZ EHE S 2024-02-03T06:00:14.525000
O2 WILZ EHE S 2024-02-03T06:00:35.195000
O2 WILZ EHE S 2024-02-03T06:00:42.065000
O2 WILZ EHE S 2024-02-03T06:01:12.305000
O2 WILZ EHE S 2024-02-03T06:01:22.495000
O2 WILZ EHE S 2024-02-03T06:01:36.495000
O2 WILZ EHE S 2024-02-03T06:01:52.895000
O2 WILZ EHE S 2024-02-03T06:01:58.735000
O2 WILZ EHE S 2024-02-03T06:02:13.565000
O2 WILZ EHE S 2024-02-03T06:02:26.655000
O2 WILZ EHE S 2024-02-03T06:02:29.185000
O2 WILZ EHE S 2024-02-03T06:02:38.315000
O2 WILZ EHE S 2024-02-03T06:02:47.905000
O2 WILZ EHE S 2024-02-03T06:02:54.645000
O2 WILZ EHE S 2024-02-03T06:02:58.915000
O2 WILZ EHE S 2024-02-03T06:03:20.875000
O2 WILZ EHE S 2024-02-03T06:03:33.405000
O2 WILZ EHE S 2024-02-03T06:03:43.285000
O2 WILZ EHE S 2024-02-03T06:03:59.485000
O2 WILZ EHE S 2024-02-03T06:04:10.565000
O2 WILZ EHE S 2024-02-03T06:04:11.515000
O2 WILZ EHE S 2024-02-03T06:04:18.885000
O2 WILZ EHE S 2024-02-03T06:04:23.185000
O2 WILZ EHE S 2024-02-03T06:04:35.545000
O2 WILZ EHE S 2024-02-03T06:04:39.375000
O2 WILZ EHE S 2024-02-03T06:04:46.195000
O2 WILZ EHE S 2024-02-03T06:04:48.635000
O2 WILZ EHE S 2024-02-03T06:04:58.765000
O2 WILZ EHE S 2024-02-03T06:05:06.685000
O2 WILZ EHE S 2024-02-03T06:05:14.055000
O2 WILZ EHE S 2024-02-03T06:05:19.055000
O2 WILZ EHE S 2024-02-03T06:05:28.015000
O2 WILZ EHE S 2024-02-03T06:05:32.515000
O2 WILZ EHE S 2024-02-03T06:05:38.025000
O2 WILZ EHE S 2024-02-03T06:05:41.505000
O2 WILZ EHE S 2024-02-03T06:05:48.675000
O2 WILZ EHE S 2024-02-03T06:05:51.865000
O2 WILZ EHE S 2024-02-03T06:05:59.055000
O2 WILZ EHE S 2024-02-03T06:06:29.955000
O2 WILZ EHE S 2024-02-03T06:06:47.475000
O2 WILZ EHE S 2024-02-03T06:06:52.685000
O2 WILZ EHE S 2024-02-03T06:06:56.655000
O2 WILZ EHE S 2024-02-03T06:07:08.155000
O2 WILZ EHE S 2024-02-03T06:07:11.825000
O2 WILZ EHE S 2024-02-03T06:07:19.535000
O2 WILZ EHE S 2024-02-03T06:07:39.005000
O2 WILZ EHE S 2024-02-03T06:07:41.135000
O2 WILZ EHE S 2024-02-03T06:07:49.995000
O2 WILZ EHE S 2024-02-03T06:08:01.935000
O2 WILZ EHE S 2024-02-03T06:08:14.855000
O2 WILZ EHE S 2024-02-03T06:08:21.785000
O2 WILZ EHE S 2024-02-03T06:08:41.415000
O2 WILZ EHE S 2024-02-03T06:08:57.055000
O2 WILZ EHE S 2024-02-03T06:09:11.725000
O2 WILZ EHE S 2024-02-03T06:09:20.615000
O2 WILZ EHE S 2024-02-03T06:09:34.355000
O2 WILZ EHE S 2024-02-03T06:09:35.885000
O2 WILZ EHE S 2024-02-03T06:09:42.235000
O2 WILZ EHE S 2024-02-03T06:09:53.905000
O2 WILZ EHE S 2024-02-03T06:10:03.505000
O2 WILZ EHE S 2024-02-03T06:10:13.475000
O2 WILZ EHE S 2024-02-03T06:10:27.975000
O2 WILZ EHE S 2024-02-03T06:11:03.805000
O2 WILZ EHE S 2024-02-03T06:11:11.245000
O2 WILZ EHE S 2024-02-03T06:11:18.845000
O2 WILZ EHE S 2024-02-03T06:11:23.335000
O2 WILZ EHE S 2024-02-03T06:11:38.035000
O2 WILZ EHE S 2024-02-03T06:11:57.665000
O2 WILZ EHE S 2024-02-03T06:12:05.365000
O2 WILZ EHE S 2024-02-03T06:12:40.975000
O2 WILZ EHE S 2024-02-03T06:13:12.435000
O2 WILZ EHE S 2024-02-03T06:13:20.955000
O2 WILZ EHE S 2024-02-03T06:13:28.465000
O2 WILZ EHE S 2024-02-03T06:13:55.665000
O2 WILZ EHE S 2024-02-03T06:14:06.065000
O2 WILZ EHE S 2024-02-03T06:14:24.395000
O2 WILZ EHE S 2024-02-03T06:14:40.805000
O2 WILZ EHE S 2024-02-03T06:14:43.765000
O2 WILZ EHE S 2024-02-03T06:14:56.425000
O2 WILZ EHE S 2024-02-03T06:15:05.025000
O2 WILZ EHE S 2024-02-03T06:15:14.955000
O2 WILZ EHE S 2024-02-03T06:15:23.235000
O2 WILZ EHE S 2024-02-03T06:15:25.785000
O2 WILZ EHE S 2024-02-03T06:15:40.665000
O2 WILZ EHE S 2024-02-03T06:15:52.485000
O2 WILZ EHE S 2024-02-03T06:15:58.795000
O2 WILZ EHE S 2024-02-03T06:16:31.455000
O2 WILZ EHE S 2024-02-03T06:16:33.405000
O2 WILZ EHE S 2024-02-03T06:16:52.665000
O2 WILZ EHE S 2024-02-03T06:16:56.595000
O2 WILZ EHE S 2024-02-03T06:17:18.405000
O2 WILZ EHE S 2024-02-03T06:17:23.845000
O2 WILZ EHE S 2024-02-03T06:17:30.705000
O2 WILZ EHE S 2024-02-03T06:17:37.515000
O2 WILZ EHE S 2024-02-03T06:18:02.385000
O2 WILZ EHE S 2024-02-03T06:18:03.725000
O2 WILZ EHE S 2024-02-03T06:18:07.175000
O2 WILZ EHE S 2024-02-03T06:18:25.525000
O2 WILZ EHE S 2024-02-03T06:18:54.775000
O2 WILZ EHE S 2024-02-03T06:19:58.445000
O2 WILZ EHE S 2024-02-03T06:20:08.955000
O2 WILZ EHE S 2024-02-03T06:20:12.935000
O2 WILZ EHE S 2024-02-03T06:20:19.505000
O2 WILZ EHE S 2024-02-03T06:20:36.845000
O2 WILZ EHE S 2024-02-03T06:20:41.935000
O2 WILZ EHE S 2024-02-03T06:20:47.905000
O2 WILZ EHE S 2024-02-03T06:20:50.685000
O2 WILZ EHE S 2024-02-03T06:20:58.265000
O2 WILZ EHE S 2024-02-03T06:21:06.245000
O2 WILZ EHE S 2024-02-03T06:21:51.435000
O2 WILZ EHE S 2024-02-03T06:22:12.335000
O2 WILZ EHE S 2024-02-03T06:22:24.715000
O2 WILZ EHE S 2024-02-03T06:22:39.045000
O2 WILZ EHE S 2024-02-03T06:22:47.895000
O2 WILZ EHE S 2024-02-03T06:22:54.935000
O2 WILZ EHE S 2024-02-03T06:23:02.745000
O2 WILZ EHE S 2024-02-03T06:23:27.705000
O2 WILZ EHE S 2024-02-03T06:23:36.825000
O2 WILZ EHE S 2024-02-03T06:23:46.725000
O2 WILZ EHE S 2024-02-03T06:23:57.875000
O2 WILZ EHE S 2024-02-03T06:24:04.765000
O2 WILZ EHE S 2024-02-03T06:24:28.855000
O2 WILZ EHE S 2024-02-03T06:24:51.455000
O2 WILZ EHE S 2024-02-03T06:24:56.075000
O2 WILZ EHE S 2024-02-03T06:24:56.735000
O2 WILZ EHE S 2024-02-03T06:25:18.325000
O2 WILZ EHE S 2024-02-03T06:25:26.465000
O2 WILZ EHE S 2024-02-03T06:25:29.875000
O2 WILZ EHE S 2024-02-03T06:25:51.255000
O2 WILZ EHE S 2024-02-03T06:25:53.715000
O2 WILZ EHE S 2024-02-03T06:26:01.095000
O2 WILZ EHE S 2024-02-03T06:26:07.835000
O2 WILZ EHE S 2024-02-03T06:26:30.855000
O2 WILZ EHE S 2024-02-03T06:26:42.585000
O2 WILZ EHE S 2024-02-03T06:26:51.515000
O2 WILZ EHE S 2024-02-03T06:26:56.255000
O2 WILZ EHE S 2024-02-03T06:27:09.235000
O2 WILZ EHE S 2024-02-03T06:27:10.795000
O2 WILZ EHE S 2024-02-03T06:27:25.605000
O2 WILZ EHE S 2024-02-03T06:27:40.915000
O2 WILZ EHE S 2024-02-03T06:28:01.685000
O2 WILZ EHE S 2024-02-03T06:28:07.225000
O2 WILZ EHE S 2024-02-03T06:28:16.505000
O2 WILZ EHE S 2024-02-03T06:28:36.775000
O2 WILZ EHE S 2024-02-03T06:28:46.845000
O2 WILZ EHE S 2024-02-03T06:29:01.175000
O2 WILZ EHE S 2024-02-03T06:29:17.385000
O2 WILZ EHE S 2024-02-03T06:29:38.175000
O2 WILZ EHE S 2024-02-03T06:29:42.375000
O2 WILZ EHE S 2024-02-03T06:29:45.855000
O2 WILZ EHE S 2024-02-03T06:30:06.315000
O2 WILZ EHE S 2024-02-03T06:30:07.625000
O2 WILZ EHE S 2024-02-03T06:30:22.495000
O2 WILZ EHE S 2024-02-03T06:30:25.655000
O2 WILZ EHE S 2024-02-03T06:30:31.475000
O2 WILZ EHE S 2024-02-03T06:30:59.725000
O2 WILZ EHE S 2024-02-03T06:31:17.285000
O2 WILZ EHE S 2024-02-03T06:31:19.035000
O2 WILZ EHE S 2024-02-03T06:32:03.355000
O2 WILZ EHE S 2024-02-03T06:32:04.395000
O2 WILZ EHE S 2024-02-03T06:32:20.515000
O2 WILZ EHE S 2024-02-03T06:32:56.305000
O2 WILZ EHE S 2024-02-03T06:33:01.415000
O2 WILZ EHE S 2024-02-03T06:33:45.785000
O2 WILZ EHE S 2024-02-03T06:34:03.695000
O2 WILZ EHE S 2024-02-03T06:34:49.645000
O2 WILZ EHE S 2024-02-03T06:35:26.785000
O2 WILZ EHE S 2024-02-03T06:35:44.525000
O2 WILZ EHE S 2024-02-03T06:35:49.285000
O2 WILZ EHE S 2024-02-03T06:35:57.255000
O2 WILZ EHE S 2024-02-03T06:36:15.545000
O2 WILZ EHE S 2024-02-03T06:36:38.295000
O2 WILZ EHE S 2024-02-03T06:37:01.355000
O2 WILZ EHE S 2024-02-03T06:37:09.745000
O2 WILZ EHE S 2024-02-03T06:37:49.545000
O2 WILZ EHE S 2024-02-03T06:38:11.695000
O2 WILZ EHE S 2024-02-03T06:38:36.985000
O2 WILZ EHE S 2024-02-03T06:38:59.365000
O2 WILZ EHE S 2024-02-03T06:39:14.305000
O2 WILZ EHE S 2024-02-03T06:39:17.115000
O2 WILZ EHE S 2024-02-03T06:39:31.995000
O2 WILZ EHE S 2024-02-03T06:39:46.415000
O2 WILZ EHE S 2024-02-03T06:39:54.555000
O2 WILZ EHE S 2024-02-03T06:40:01.385000
O2 WILZ EHE S 2024-02-03T06:40:14.245000
O2 WILZ EHE S 2024-02-03T06:40:17.985000
O2 WILZ EHE S 2024-02-03T06:40:26.945000
O2 WILZ EHE S 2024-02-03T06:40:29.315000
O2 WILZ EHE S 2024-02-03T06:40:43.865000
O2 WILZ EHE S 2024-02-03T06:41:01.045000
O2 WILZ EHE S 2024-02-03T06:41:03.125000
O2 WILZ EHE S 2024-02-03T06:41:04.715000
O2 WILZ EHE S 2024-02-03T06:41:26.805000
O2 WILZ EHE S 2024-02-03T06:41:37.155000
O2 WILZ EHE S 2024-02-03T06:41:49.685000
O2 WILZ EHE S 2024-02-03T06:42:01.915000
O2 WILZ EHE S 2024-02-03T06:42:12.365000
O2 WILZ EHE S 2024-02-03T06:42:22.985000
O2 WILZ EHE S 2024-02-03T06:42:34.325000
O2 WILZ EHE S 2024-02-03T06:42:46.585000
O2 WILZ EHE S 2024-02-03T06:43:03.105000
O2 WILZ EHE S 2024-02-03T06:43:10.095000
O2 WILZ EHE S 2024-02-03T06:43:25.495000
O2 WILZ EHE S 2024-02-03T06:43:33.525000
O2 WILZ EHE S 2024-02-03T06:44:02.365000
O2 WILZ EHE S 2024-02-03T06:44:17.905000
O2 WILZ EHE S 2024-02-03T06:44:35.395000
O2 WILZ EHE S 2024-02-03T06:44:47.705000
O2 WILZ EHE S 2024-02-03T06:44:54.775000
O2 WILZ EHE S 2024-02-03T06:44:56.645000
O2 WILZ EHE S 2024-02-03T06:45:11.555000
O2 WILZ EHE S 2024-02-03T06:45:48.095000
O2 WILZ EHE S 2024-02-03T06:45:54.655000
O2 WILZ EHE S 2024-02-03T06:45:59.855000
O2 WILZ EHE S 2024-02-03T06:46:21.595000
O2 WILZ EHE S 2024-02-03T06:46:36.285000
O2 WILZ EHE S 2024-02-03T06:46:50.895000
O2 WILZ EHE S 2024-02-03T06:47:03.415000
O2 WILZ EHE S 2024-02-03T06:47:15.135000
O2 WILZ EHE S 2024-02-03T06:47:35.785000
O2 WILZ EHE S 2024-02-03T06:47:39.845000
O2 WILZ EHE S 2024-02-03T06:48:01.805000
O2 WILZ EHE S 2024-02-03T06:48:17.135000
O2 WILZ EHE S 2024-02-03T06:48:22.995000
O2 WILZ EHE S 2024-02-03T06:48:47.185000
O2 WILZ EHE S 2024-02-03T06:48:56.565000
O2 WILZ EHE S 2024-02-03T06:49:08.185000
O2 WILZ EHE S 2024-02-03T06:49:23.895000
O2 WILZ EHE S 2024-02-03T06:49:30.285000
O2 WILZ EHE S 2024-02-03T06:49:34.535000
O2 WILZ EHE S 2024-02-03T06:49:42.145000
O2 WILZ EHE S 2024-02-03T06:50:54.105000
O2 WILZ EHE S 2024-02-03T06:51:15.005000
O2 WILZ EHE S 2024-02-03T06:51:22.935000
O2 WILZ EHE S 2024-02-03T06:51:40.315000
O2 WILZ EHE S 2024-02-03T06:51:54.245000
O2 WILZ EHE S 2024-02-03T06:51:57.015000
O2 WILZ EHE S 2024-02-03T06:51:59.075000
O2 WILZ EHE S 2024-02-03T06:52:17.295000
O2 WILZ EHE S 2024-02-03T06:52:22.025000
O2 WILZ EHE S 2024-02-03T06:52:30.925000
O2 WILZ EHE S 2024-02-03T06:52:50.085000
O2 WILZ EHE S 2024-02-03T06:52:51.635000
O2 WILZ EHE S 2024-02-03T06:53:01.875000
O2 WILZ EHE S 2024-02-03T06:53:11.855000
O2 WILZ EHE S 2024-02-03T06:53:22.895000
O2 WILZ EHE S 2024-02-03T06:53:35.195000
O2 WILZ EHE S 2024-02-03T06:53:39.845000
O2 WILZ EHE S 2024-02-03T06:53:41.245000
O2 WILZ EHE S 2024-02-03T06:53:53.935000
O2 WILZ EHE S 2024-02-03T06:53:59.185000
O2 WILZ EHE S 2024-02-03T06:54:12.945000
O2 WILZ EHE S 2024-02-03T06:54:27.395000
O2 WILZ EHE S 2024-02-03T06:55:02.125000
O2 WILZ EHE S 2024-02-03T06:55:06.895000
O2 WILZ EHE S 2024-02-03T06:55:35.905000
O2 WILZ EHE S 2024-02-03T06:55:40.965000
O2 WILZ EHE S 2024-02-03T06:56:02.885000
O2 WILZ EHE S 2024-02-03T06:56:21.605000
O2 WILZ EHE S 2024-02-03T06:56:23.515000
O2 WILZ EHE S 2024-02-03T06:56:40.615000
O2 WILZ EHE S 2024-02-03T06:57:11.505000
O2 WILZ EHE S 2024-02-03T06:57:19.465000
O2 WILZ EHE S 2024-02-03T06:57:33.075000
O2 WILZ EHE S 2024-02-03T06:57:36.625000
O2 WILZ EHE S 2024-02-03T06:57:41.725000
O2 WILZ EHE S 2024-02-03T06:58:03.895000
O2 WILZ EHE S 2024-02-03T06:58:16.285000
O2 WILZ EHE S 2024-02-03T06:58:28.345000
O2 WILZ EHE S 2024-02-03T06:58:36.115000
O2 WILZ EHE S 2024-02-03T06:59:00.955000
O2 WILZ EHE S 2024-02-03T06:59:40.425000
O2 WILZ EHE S 2024-02-03T06:59:43.595000
O2 WILZ EHE S 2024-02-03T06:59:44.955000
O2 WILZ EHE S 2024-02-03T06:59:59.995000
O2 WILZ EHE S 2024-02-03T07:00:01.985000
O2 WILZ EHE S 2024-02-03T07:01:07.215000
O2 WILZ EHE S 2024-02-03T07:01:09.375000
O2 WILZ EHE S 2024-02-03T07:01:27.445000
O2 WILZ EHE S 2024-02-03T07:01:31.485000
O2 WILZ EHE S 2024-02-03T07:01:34.205000
O2 WILZ EHE S 2024-02-03T07:01:37.205000
O2 WILZ EHE S 2024-02-03T07:01:57.485000
O2 WILZ EHE S 2024-02-03T07:02:03.365000
O2 WILZ EHE S 2024-02-03T07:02:16.505000
O2 WILZ EHE S 2024-02-03T07:02:57.845000
O2 WILZ EHE S 2024-02-03T07:02:59.255000
O2 WILZ EHE S 2024-02-03T07:03:15.945000
O2 WILZ EHE S 2024-02-03T07:03:31.885000
O2 WILZ EHE S 2024-02-03T07:03:58.185000
O2 WILZ EHE S 2024-02-03T07:04:02.195000
O2 WILZ EHE S 2024-02-03T07:04:25.345000
O2 WILZ EHE S 2024-02-03T07:04:33.945000
O2 WILZ EHE S 2024-02-03T07:04:44.035000
O2 WILZ EHE S 2024-02-03T07:04:48.985000
O2 WILZ EHE S 2024-02-03T07:05:01.555000
O2 WILZ EHE S 2024-02-03T07:05:11.155000
O2 WILZ EHE S 2024-02-03T07:05:41.455000
O2 WILZ EHE S 2024-02-03T07:05:51.485000
O2 WILZ EHE S 2024-02-03T07:05:55.905000
O2 WILZ EHE S 2024-02-03T07:06:03.655000
O2 WILZ EHE S 2024-02-03T07:06:20.435000
O2 WILZ EHE S 2024-02-03T07:06:38.715000
O2 WILZ EHE S 2024-02-03T07:06:39.465000
O2 WILZ EHE S 2024-02-03T07:06:50.105000
O2 WILZ EHE S 2024-02-03T07:06:57.635000
O2 WILZ EHE S 2024-02-03T07:07:12.465000
O2 WILZ EHE S 2024-02-03T07:07:23.965000
O2 WILZ EHE S 2024-02-03T07:08:06.755000
O2 WILZ EHE S 2024-02-03T07:08:12.235000
O2 WILZ EHE S 2024-02-03T07:08:56.645000
O2 WILZ EHE S 2024-02-03T07:08:58.335000
O2 WILZ EHE S 2024-02-03T07:09:09.615000
O2 WILZ EHE S 2024-02-03T07:09:31.145000
O2 WILZ EHE S 2024-02-03T07:09:37.835000
O2 WILZ EHE S 2024-02-03T07:09:42.315000
O2 WILZ EHE S 2024-02-03T07:09:57.055000
O2 WILZ EHE S 2024-02-03T07:10:00.385000
O2 WILZ EHE S 2024-02-03T07:10:02.985000
O2 WILZ EHE S 2024-02-03T07:10:05.595000
O2 WILZ EHE S 2024-02-03T07:10:18.805000
O2 WILZ EHE S 2024-02-03T07:10:35.675000
O2 WILZ EHE S 2024-02-03T07:10:58.895000
O2 WILZ EHE S 2024-02-03T07:11:09.825000
O2 WILZ EHE S 2024-02-03T07:11:40.555000
O2 WILZ EHE S 2024-02-03T07:11:51.655000
O2 WILZ EHE S 2024-02-03T07:11:53.485000
O2 WILZ EHE S 2024-02-03T07:12:23.805000
O2 WILZ EHE S 2024-02-03T07:12:32.605000
O2 WILZ EHE S 2024-02-03T07:12:43.505000
O2 WILZ EHE S 2024-02-03T07:13:11.395000
O2 WILZ EHE S 2024-02-03T07:13:21.755000
O2 WILZ EHE S 2024-02-03T07:13:37.925000
O2 WILZ EHE S 2024-02-03T07:13:57.385000
O2 WILZ EHE S 2024-02-03T07:14:00.565000
O2 WILZ EHE S 2024-02-03T07:14:05.585000
O2 WILZ EHE S 2024-02-03T07:14:12.825000
O2 WILZ EHZ P 2024-02-03T05:24:29.624999
O2 WILZ EHZ P 2024-02-03T05:27:42.464999
O2 WILZ EHZ P 2024-02-03T05:30:26.454999
O2 WILZ EHZ P 2024-02-03T05:32:00.724999
O2 WILZ EHZ P 2024-02-03T05:32:37.434999
O2 WILZ EHZ P 2024-02-03T05:34:59.324999
O2 WILZ EHZ P 2024-02-03T05:36:19.304999
O2 WILZ EHZ P 2024-02-03T05:38:52.274999
O2 WILZ EHZ P 2024-02-03T05:39:04.564999
O2 WILZ EHZ P 2024-02-03T05:39:33.334999
O2 WILZ EHZ P 2024-02-03T05:39:59.194999
O2 WILZ EHZ P 2024-02-03T05:41:02.964999
O2 WILZ EHZ P 2024-02-03T05:42:26.514999
O2 WILZ EHZ P 2024-02-03T05:42:57.654999
O2 WILZ EHZ P 2024-02-03T05:44:01.734999
O2 WILZ EHZ P 2024-02-03T05:44:31.634999
O2 WILZ EHZ P 2024-02-03T05:46:13.474999
O2 WILZ EHZ P 2024-02-03T05:47:38.324999
O2 WILZ EHZ P 2024-02-03T05:47:43.104999
O2 WILZ EHZ P 2024-02-03T05:48:12.294999
O2 WILZ EHZ P 2024-02-03T05:49:22.434999
O2 WILZ EHZ P 2024-02-03T05:49:41.894999
O2 WILZ EHZ P 2024-02-03T05:50:18.934999
O2 WILZ EHZ P 2024-02-03T05:51:38.064999
O2 WILZ EHZ P 2024-02-03T05:52:07.274999
O2 WILZ EHZ P 2024-02-03T05:54:15.454999
O2 WILZ EHZ P 2024-02-03T05:55:17.694999
O2 WILZ EHZ P 2024-02-03T05:55:42.854999
O2 WILZ EHZ P 2024-02-03T05:56:11.124999
O2 WILZ EHZ P 2024-02-03T05:57:07.754999
O2 WILZ EHZ P 2024-02-03T05:57:38.584999
O2 WILZ EHZ P 2024-02-03T05:57:55.334999
O2 WILZ EHZ P 2024-02-03T05:58:27.734999
O2 WILZ EHZ P 2024-02-03T05:58:55.214999
O2 WILZ EHZ P 2024-02-03T05:59:56.034999
O2 WILZ EHZ P 2024-02-03T06:00:13.534999
O2 WILZ EHZ P 2024-02-03T06:00:34.214999
O2 WILZ EHZ P 2024-02-03T06:01:35.734999
O2 WILZ EHZ P 2024-02-03T06:02:25.594999
O2 WILZ EHZ P 2024-02-03T06:02:58.364999
O2 WILZ EHZ P 2024-02-03T06:03:20.164999
O2 WILZ EHZ P 2024-02-03T06:05:58.974999
O2 WILZ EHZ P 2024-02-03T06:06:55.884999
O2 WILZ EHZ P 2024-02-03T06:07:10.874999
O2 WILZ EHZ P 2024-02-03T06:07:18.974999
O2 WILZ EHZ P 2024-02-03T06:07:49.094999
O2 WILZ EHZ P 2024-02-03T06:12:05.244999
O2 WILZ EHZ P 2024-02-03T06:13:20.134999
O2 WILZ EHZ P 2024-02-03T06:15:24.914999
O2 WILZ EHZ P 2024-02-03T06:15:51.614999
O2 WILZ EHZ P 2024-02-03T06:16:56.584999
O2 WILZ EHZ P 2024-02-03T06:17:36.714999
O2 WILZ EHZ P 2024-02-03T06:18:54.754999
O2 WILZ EHZ P 2024-02-03T06:21:06.214999
O2 WILZ EHZ P 2024-02-03T06:22:24.134999
O2 WILZ EHZ P 2024-02-03T06:22:54.064999
O2 WILZ EHZ P 2024-02-03T06:24:04.464999
O2 WILZ EHZ P 2024-02-03T06:25:17.794999
O2 WILZ EHZ P 2024-02-03T06:27:39.944999
O2 WILZ EHZ P 2024-02-03T06:28:35.984999
O2 WILZ EHZ P 2024-02-03T06:29:00.824999
O2 WILZ EHZ P 2024-02-03T06:30:06.874999
O2 WILZ EHZ P 2024-02-03T06:30:24.874999
O2 WILZ EHZ P 2024-02-03T06:31:16.684999
O2 WILZ EHZ P 2024-02-03T06:31:18.384999
O2 WILZ EHZ P 2024-02-03T06:32:02.604999
O2 WILZ EHZ P 2024-02-03T06:32:20.454999
O2 WILZ EHZ P 2024-02-03T06:33:01.364999
O2 WILZ EHZ P 2024-02-03T06:33:45.274999
O2 WILZ EHZ P 2024-02-03T06:37:49.644999
O2 WILZ EHZ P 2024-02-03T06:38:58.924999
O2 WILZ EHZ P 2024-02-03T06:39:16.354999
O2 WILZ EHZ P 2024-02-03T06:41:04.084999
O2 WILZ EHZ P 2024-02-03T06:41:48.774999
O2 WILZ EHZ P 2024-02-03T06:42:11.864999
O2 WILZ EHZ P 2024-02-03T06:42:34.424999
O2 WILZ EHZ P 2024-02-03T06:42:45.804999
O2 WILZ EHZ P 2024-02-03T06:43:33.354999
O2 WILZ EHZ P 2024-02-03T06:44:17.794999
O2 WILZ EHZ P 2024-02-03T06:45:10.614999
O2 WILZ EHZ P 2024-02-03T06:45:58.664999
O2 WILZ EHZ P 2024-02-03T06:46:35.744999
O2 WILZ EHZ P 2024-02-03T06:46:50.134999
O2 WILZ EHZ P 2024-02-03T06:47:39.704999
O2 WILZ EHZ P 2024-02-03T06:48:01.184999
O2 WILZ EHZ P 2024-02-03T06:48:22.404999
O2 WILZ EHZ P 2024-02-03T06:49:42.134999
O2 WILZ EHZ P 2024-02-03T06:50:53.354999
O2 WILZ EHZ P 2024-02-03T06:53:22.554999
O2 WILZ EHZ P 2024-02-03T06:55:06.874999
O2 WILZ EHZ P 2024-02-03T06:55:39.864999
O2 WILZ EHZ P 2024-02-03T06:56:40.584999
O2 WILZ EHZ P 2024-02-03T06:57:35.844999
O2 WILZ EHZ P 2024-02-03T06:57:40.824999
O2 WILZ EHZ P 2024-02-03T06:59:00.534999
O2 WILZ EHZ P 2024-02-03T06:59:44.224999
O2 WILZ EHZ P 2024-02-03T07:00:01.864999
O2 WILZ EHZ P 2024-02-03T07:01:56.694999
O2 WILZ EHZ P 2024-02-03T07:02:16.454999
O2 WILZ EHZ P 2024-02-03T07:02:58.494999
O2 WILZ EHZ P 2024-02-03T07:03:31.464999
O2 WILZ EHZ P 2024-02-03T07:04:33.184999
O2 WILZ EHZ P 2024-02-03T07:05:11.134999
O2 WILZ EHZ P 2024-02-03T07:06:02.594999
O2 WILZ EHZ P 2024-02-03T07:06:49.364999
O2 WILZ EHZ P 2024-02-03T07:07:11.904999
O2 WILZ EHZ P 2024-02-03T07:07:23.754999
O2 WILZ EHZ P 2024-02-03T07:08:11.294999
O2 WILZ EHZ P 2024-02-03T07:11:09.814999
O2 WILZ EHZ P 2024-02-03T07:11:52.934999
O2 WILZ EHZ P 2024-02-03T07:12:22.994999
O2 WILZ EHZ P 2024-02-03T07:12:42.724999
