O2.WILZ.EHZ P 2024-02-03T05:14:55.104999 0.900
O2.WILZ.EHZ P 2024-02-03T05:14:55.774999 0.900
O2.WILZ.EHZ P 2024-02-03T05:14:58.454999 0.900
O2.WILZ.EHZ P 2024-02-03T05:15:50.644999 0.900
O2.WILZ.EHZ P 2024-02-03T05:16:10.554999 0.900
O2.WILZ.EHZ S 2024-02-03T05:14:54.894999 0.800
O2.WILZ.EHZ S 2024-02-03T05:14:58.414999 0.800
O2.WILZ.EHZ S 2024-02-03T05:15:10.964999 0.800
