O2 WILZ EHZ P 2024-02-03T05:21:50.145000
O2 WILZ EHE S 2024-02-03T05:21:51.065000
O2 WILZ EHZ P 2024-02-03T05:21:55.765000
O2 WILZ EHE S 2024-02-03T05:21:56.745000
O2 WILZ EHE S 2024-02-03T05:22:54.465000
O2 WILZ EHZ P 2024-02-03T05:23:43.005000
O2 WILZ EHE S 2024-02-03T05:23:44.125000
O2 WILZ EHZ P 2024-02-03T05:24:29.795000
O2 WILZ EHE S 2024-02-03T05:24:33.135000
O2 WILZ EHZ P 2024-02-03T05:27:42.425000
O2 WILZ EHE S 2024-02-03T05:27:43.295000
O2 WILZ EHZ P 2024-02-03T05:27:51.555000
O2 WILZ EHE S 2024-02-03T05:27:52.475000
O2 WILZ EHZ P 2024-02-03T05:28:44.955000
O2 WILZ EHE S 2024-02-03T05:28:45.995000
O2 WILZ EHZ P 2024-02-03T05:29:09.125000
O2 WILZ EHE S 2024-02-03T05:29:10.395000
O2 WILZ EHZ P 2024-02-03T05:30:26.405000
O2 WILZ EHE S 2024-02-03T05:30:27.235000
O2 WILZ EHZ P 2024-02-03T05:30:43.145000
O2 WILZ EHE S 2024-02-03T05:30:44.085000
O2 WILZ EHZ P 2024-02-03T05:30:55.245000
O2 WILZ EHE S 2024-02-03T05:30:56.155000
O2 WILZ EHZ P 2024-02-03T05:31:42.915000
O2 WILZ EHZ P 2024-02-03T05:32:00.705000
O2 WILZ EHE S 2024-02-03T05:32:01.455000
O2 WILZ EHE S 2024-02-03T05:32:13.005000
O2 WILZ EHZ P 2024-02-03T05:32:00.665000
O2 WILZ EHE S 2024-02-03T05:32:01.435000
O2 WILZ EHZ P 2024-02-03T05:32:20.725000
O2 WILZ EHE S 2024-02-03T05:32:21.625000
O2 WILZ EHZ P 2024-02-03T05:32:37.395000
O2 WILZ EHE S 2024-02-03T05:32:38.295000
O2 WILZ EHZ P 2024-02-03T05:33:40.575000
O2 WILZ EHE S 2024-02-03T05:33:41.935000
O2 WILZ EHZ P 2024-02-03T05:33:57.145000
O2 WILZ EHE S 2024-02-03T05:33:58.165000
O2 WILZ EHZ P 2024-02-03T05:34:59.295000
O2 WILZ EHE S 2024-02-03T05:35:00.275000
O2 WILZ EHZ P 2024-02-03T05:35:57.535000
O2 WILZ EHZ P 2024-02-03T05:36:19.275000
O2 WILZ EHE S 2024-02-03T05:36:20.425000
O2 WILZ EHZ P 2024-02-03T05:36:25.355000
O2 WILZ EHE S 2024-02-03T05:36:26.625000
O2 WILZ EHZ P 2024-02-03T05:36:19.285000
O2 WILZ EHE S 2024-02-03T05:36:20.355000
O2 WILZ EHZ P 2024-02-03T05:36:46.605000
O2 WILZ EHE S 2024-02-03T05:36:47.555000
O2 WILZ EHZ P 2024-02-03T05:37:02.555000
O2 WILZ EHE S 2024-02-03T05:37:03.565000
O2 WILZ EHZ P 2024-02-03T05:37:09.965000
O2 WILZ EHE S 2024-02-03T05:37:10.845000
O2 WILZ EHZ P 2024-02-03T05:38:52.115000
O2 WILZ EHE S 2024-02-03T05:38:52.855000
O2 WILZ EHZ P 2024-02-03T05:39:04.575000
O2 WILZ EHE S 2024-02-03T05:39:05.455000
O2 WILZ EHZ P 2024-02-03T05:39:33.325000
O2 WILZ EHE S 2024-02-03T05:39:34.195000
O2 WILZ EHZ P 2024-02-03T05:39:59.175000
O2 WILZ EHE S 2024-02-03T05:40:00.085000
O2 WILZ EHZ P 2024-02-03T05:41:02.975000
O2 WILZ EHE S 2024-02-03T05:41:04.135000
O2 WILZ EHZ P 2024-02-03T05:41:17.395000
O2 WILZ EHE S 2024-02-03T05:41:18.295000
O2 WILZ EHZ P 2024-02-03T05:41:33.605000
O2 WILZ EHE S 2024-02-03T05:41:34.555000
O2 WILZ EHZ P 2024-02-03T05:42:26.685000
O2 WILZ EHE S 2024-02-03T05:42:27.555000
O2 WILZ EHZ P 2024-02-03T05:42:35.555000
O2 WILZ EHE S 2024-02-03T05:42:36.485000
O2 WILZ EHZ P 2024-02-03T05:42:57.625000
O2 WILZ EHE S 2024-02-03T05:42:58.495000
O2 WILZ EHZ P 2024-02-03T05:43:06.125000
O2 WILZ EHE S 2024-02-03T05:43:07.015000
O2 WILZ EHZ P 2024-02-03T05:44:01.705000
O2 WILZ EHE S 2024-02-03T05:44:02.625000
O2 WILZ EHZ P 2024-02-03T05:44:12.715000
O2 WILZ EHE S 2024-02-03T05:44:13.265000
O2 WILZ EHZ P 2024-02-03T05:44:50.835000
O2 WILZ EHE S 2024-02-03T05:44:51.555000
O2 WILZ EHZ P 2024-02-03T05:46:13.415000
O2 WILZ EHE S 2024-02-03T05:46:14.345000
O2 WILZ EHZ P 2024-02-03T05:46:41.435000
O2 WILZ EHZ P 2024-02-03T05:47:43.045000
O2 WILZ EHE S 2024-02-03T05:47:44.045000
O2 WILZ EHZ P 2024-02-03T05:48:12.255000
O2 WILZ EHE S 2024-02-03T05:48:13.315000
O2 WILZ EHZ P 2024-02-03T05:49:22.365000
O2 WILZ EHE S 2024-02-03T05:49:23.205000
O2 WILZ EHZ P 2024-02-03T05:49:41.855000
O2 WILZ EHE S 2024-02-03T05:49:42.645000
O2 WILZ EHZ P 2024-02-03T05:50:18.905000
O2 WILZ EHE S 2024-02-03T05:50:19.885000
O2 WILZ EHZ P 2024-02-03T05:50:47.705000
O2 WILZ EHE S 2024-02-03T05:50:48.645000
O2 WILZ EHZ P 2024-02-03T05:51:08.985000
O2 WILZ EHZ P 2024-02-03T05:51:20.675000
O2 WILZ EHE S 2024-02-03T05:51:21.785000
O2 WILZ EHZ P 2024-02-03T05:51:38.045000
O2 WILZ EHE S 2024-02-03T05:51:39.085000
O2 WILZ EHZ P 2024-02-03T05:52:07.285000
O2 WILZ EHE S 2024-02-03T05:52:08.385000
O2 WILZ EHZ P 2024-02-03T05:52:21.455000
O2 WILZ EHE S 2024-02-03T05:52:22.255000
O2 WILZ EHZ P 2024-02-03T05:52:29.835000
O2 WILZ EHE S 2024-02-03T05:52:30.695000
O2 WILZ EHZ P 2024-02-03T05:52:21.385000
O2 WILZ EHE S 2024-02-03T05:52:22.225000
O2 WILZ EHZ P 2024-02-03T05:53:09.595000
O2 WILZ EHE S 2024-02-03T05:53:10.525000
O2 WILZ EHZ P 2024-02-03T05:53:15.605000
O2 WILZ EHE S 2024-02-03T05:53:16.295000
O2 WILZ EHZ P 2024-02-03T05:54:15.585000
O2 WILZ EHE S 2024-02-03T05:54:16.865000
O2 WILZ EHZ P 2024-02-03T05:54:33.705000
O2 WILZ EHE S 2024-02-03T05:54:34.555000
O2 WILZ EHZ P 2024-02-03T05:55:17.665000
O2 WILZ EHE S 2024-02-03T05:55:18.745000
O2 WILZ EHZ P 2024-02-03T05:55:42.775000
O2 WILZ EHE S 2024-02-03T05:55:43.715000
O2 WILZ EHZ P 2024-02-03T05:56:11.085000
O2 WILZ EHE S 2024-02-03T05:56:11.865000
O2 WILZ EHZ P 2024-02-03T05:56:29.365000
O2 WILZ EHE S 2024-02-03T05:56:30.005000
O2 WILZ EHZ P 2024-02-03T05:56:52.875000
O2 WILZ EHE S 2024-02-03T05:56:53.715000
O2 WILZ EHZ P 2024-02-03T05:57:07.745000
O2 WILZ EHE S 2024-02-03T05:57:08.835000
O2 WILZ EHZ P 2024-02-03T05:57:15.885000
O2 WILZ EHZ P 2024-02-03T05:57:38.545000
O2 WILZ EHE S 2024-02-03T05:57:39.555000
O2 WILZ EHZ P 2024-02-03T05:57:55.175000
O2 WILZ EHE S 2024-02-03T05:57:56.225000
O2 WILZ EHZ P 2024-02-03T05:58:08.965000
O2 WILZ EHE S 2024-02-03T05:58:09.675000
O2 WILZ EHZ P 2024-02-03T05:57:54.875000
O2 WILZ EHE S 2024-02-03T05:57:56.225000
O2 WILZ EHZ P 2024-02-03T05:58:27.695000
O2 WILZ EHE S 2024-02-03T05:58:28.445000
O2 WILZ EHZ P 2024-02-03T05:58:55.175000
O2 WILZ EHE S 2024-02-03T05:58:56.285000
O2 WILZ EHZ P 2024-02-03T05:59:08.825000
O2 WILZ EHE S 2024-02-03T05:59:09.915000
O2 WILZ EHZ P 2024-02-03T05:59:28.415000
O2 WILZ EHE S 2024-02-03T05:59:29.405000
O2 WILZ EHZ P 2024-02-03T05:59:55.995000
O2 WILZ EHE S 2024-02-03T05:59:56.745000
O2 WILZ EHZ P 2024-02-03T06:00:13.565000
O2 WILZ EHE S 2024-02-03T06:00:14.515000
O2 WILZ EHZ P 2024-02-03T06:00:34.245000
O2 WILZ EHE S 2024-02-03T06:00:35.105000
O2 WILZ EHZ P 2024-02-03T06:00:41.035000
O2 WILZ EHE S 2024-02-03T06:00:42.025000
O2 WILZ EHZ P 2024-02-03T06:01:35.685000
O2 WILZ EHE S 2024-02-03T06:01:36.485000
O2 WILZ EHZ P 2024-02-03T06:01:52.095000
O2 WILZ EHE S 2024-02-03T06:01:52.845000
O2 WILZ EHZ P 2024-02-03T06:02:58.345000
O2 WILZ EHE S 2024-02-03T06:02:59.115000
O2 WILZ EHZ P 2024-02-03T06:03:20.135000
O2 WILZ EHE S 2024-02-03T06:03:20.865000
O2 WILZ EHZ P 2024-02-03T06:03:32.225000
O2 WILZ EHE S 2024-02-03T06:03:33.305000
O2 WILZ EHZ P 2024-02-03T06:03:42.475000
O2 WILZ EHE S 2024-02-03T06:03:43.265000
O2 WILZ EHZ P 2024-02-03T06:04:17.995000
O2 WILZ EHZ P 2024-02-03T06:05:58.935000
O2 WILZ EHE S 2024-02-03T06:05:59.715000
O2 WILZ EHZ P 2024-02-03T06:06:29.055000
O2 WILZ EHE S 2024-02-03T06:06:29.895000
O2 WILZ EHZ P 2024-02-03T06:06:55.845000
O2 WILZ EHE S 2024-02-03T06:06:56.665000
O2 WILZ EHZ P 2024-02-03T06:07:10.835000
O2 WILZ EHE S 2024-02-03T06:07:11.815000
O2 WILZ EHZ P 2024-02-03T06:07:18.955000
O2 WILZ EHE S 2024-02-03T06:07:19.835000
O2 WILZ EHZ P 2024-02-03T06:07:49.135000
O2 WILZ EHE S 2024-02-03T06:07:49.965000
O2 WILZ EHE S 2024-02-03T06:07:56.515000
O2 WILZ EHZ P 2024-02-03T06:08:20.955000
O2 WILZ EHE S 2024-02-03T06:08:21.735000
O2 WILZ EHZ P 2024-02-03T06:08:40.175000
O2 WILZ EHE S 2024-02-03T06:08:41.385000
O2 WILZ EHZ P 2024-02-03T06:09:19.785000
O2 WILZ EHE S 2024-02-03T06:09:20.615000
O2 WILZ EHZ P 2024-02-03T06:09:08.725000
O2 WILZ EHZ P 2024-02-03T06:09:41.415000
O2 WILZ EHZ P 2024-02-03T06:09:52.915000
O2 WILZ EHZ P 2024-02-03T06:10:02.585000
O2 WILZ EHE S 2024-02-03T06:10:03.465000
O2 WILZ EHZ P 2024-02-03T06:11:37.175000
O2 WILZ EHE S 2024-02-03T06:11:38.485000
O2 WILZ EHZ P 2024-02-03T06:12:05.225000
O2 WILZ EHE S 2024-02-03T06:12:06.205000
O2 WILZ EHZ P 2024-02-03T06:12:40.675000
O2 WILZ EHE S 2024-02-03T06:12:41.575000
O2 WILZ EHZ P 2024-02-03T06:13:20.105000
O2 WILZ EHE S 2024-02-03T06:13:20.965000
O2 WILZ EHZ P 2024-02-03T06:13:27.235000
O2 WILZ EHE S 2024-02-03T06:13:28.395000
O2 WILZ EHZ P 2024-02-03T06:13:20.105000
O2 WILZ EHE S 2024-02-03T06:13:20.955000
O2 WILZ EHZ P 2024-02-03T06:14:05.225000
O2 WILZ EHE S 2024-02-03T06:14:06.035000
O2 WILZ EHZ P 2024-02-03T06:14:23.475000
O2 WILZ EHE S 2024-02-03T06:14:24.315000
O2 WILZ EHZ P 2024-02-03T06:15:24.875000
O2 WILZ EHE S 2024-02-03T06:15:25.755000
O2 WILZ EHZ P 2024-02-03T06:15:39.955000
O2 WILZ EHE S 2024-02-03T06:15:40.685000
O2 WILZ EHZ P 2024-02-03T06:15:57.945000
O2 WILZ EHE S 2024-02-03T06:15:58.805000
O2 WILZ EHZ P 2024-02-03T06:16:56.555000
O2 WILZ EHE S 2024-02-03T06:16:57.475000
O2 WILZ EHZ P 2024-02-03T06:17:36.655000
O2 WILZ EHE S 2024-02-03T06:17:37.475000
O2 WILZ EHZ P 2024-02-03T06:18:06.415000
O2 WILZ EHE S 2024-02-03T06:18:07.175000
O2 WILZ EHZ P 2024-02-03T06:18:24.565000
O2 WILZ EHE S 2024-02-03T06:18:25.505000
O2 WILZ EHZ P 2024-02-03T06:18:54.735000
O2 WILZ EHE S 2024-02-03T06:18:55.505000
O2 WILZ EHZ P 2024-02-03T06:21:06.195000
O2 WILZ EHE S 2024-02-03T06:21:07.035000
O2 WILZ EHZ P 2024-02-03T06:22:24.085000
O2 WILZ EHE S 2024-02-03T06:22:25.045000
O2 WILZ EHZ P 2024-02-03T06:22:37.755000
O2 WILZ EHE S 2024-02-03T06:22:38.805000
O2 WILZ EHZ P 2024-02-03T06:22:24.075000
O2 WILZ EHE S 2024-02-03T06:22:25.035000
O2 WILZ EHZ P 2024-02-03T06:22:54.035000
O2 WILZ EHE S 2024-02-03T06:22:54.935000
O2 WILZ EHZ P 2024-02-03T06:23:01.995000
O2 WILZ EHE S 2024-02-03T06:23:02.665000
O2 WILZ EHZ P 2024-02-03T06:24:04.445000
O2 WILZ EHE S 2024-02-03T06:24:05.195000
O2 WILZ EHZ P 2024-02-03T06:24:27.945000
O2 WILZ EHE S 2024-02-03T06:24:28.775000
O2 WILZ EHZ P 2024-02-03T06:25:25.445000
O2 WILZ EHE S 2024-02-03T06:25:26.475000
O2 WILZ EHZ P 2024-02-03T06:28:35.895000
O2 WILZ EHE S 2024-02-03T06:28:36.745000
O2 WILZ EHZ P 2024-02-03T06:28:46.065000
O2 WILZ EHE S 2024-02-03T06:28:46.805000
O2 WILZ EHZ P 2024-02-03T06:29:00.805000
O2 WILZ EHE S 2024-02-03T06:29:01.625000
O2 WILZ EHZ P 2024-02-03T06:29:16.775000
O2 WILZ EHE S 2024-02-03T06:29:17.415000
O2 WILZ EHZ P 2024-02-03T06:29:41.675000
O2 WILZ EHE S 2024-02-03T06:29:45.765000
O2 WILZ EHE S 2024-02-03T06:30:07.595000
O2 WILZ EHZ P 2024-02-03T06:30:24.955000
O2 WILZ EHE S 2024-02-03T06:30:25.625000
O2 WILZ EHZ P 2024-02-03T06:30:30.915000
O2 WILZ EHE S 2024-02-03T06:30:31.405000
O2 WILZ EHZ P 2024-02-03T06:30:59.475000
O2 WILZ EHE S 2024-02-03T06:31:00.225000
O2 WILZ EHZ P 2024-02-03T06:31:18.375000
O2 WILZ EHE S 2024-02-03T06:31:19.275000
O2 WILZ EHZ P 2024-02-03T06:32:20.405000
O2 WILZ EHE S 2024-02-03T06:32:21.385000
O2 WILZ EHZ P 2024-02-03T06:33:01.345000
O2 WILZ EHE S 2024-02-03T06:33:02.365000
O2 WILZ EHZ P 2024-02-03T06:33:45.185000
O2 WILZ EHE S 2024-02-03T06:33:45.965000
O2 WILZ EHZ P 2024-02-03T06:34:02.895000
O2 WILZ EHE S 2024-02-03T06:34:03.635000
O2 WILZ EHZ P 2024-02-03T06:36:14.525000
O2 WILZ EHE S 2024-02-03T06:36:15.535000
O2 WILZ EHZ P 2024-02-03T06:37:49.585000
O2 WILZ EHE S 2024-02-03T06:37:50.585000
O2 WILZ EHZ P 2024-02-03T06:38:59.135000
O2 WILZ EHE S 2024-02-03T06:39:00.005000
O2 WILZ EHZ P 2024-02-03T06:39:16.285000
O2 WILZ EHE S 2024-02-03T06:39:17.055000
O2 WILZ EHZ P 2024-02-03T06:39:31.125000
O2 WILZ EHE S 2024-02-03T06:39:31.945000
O2 WILZ EHZ P 2024-02-03T06:41:04.035000
O2 WILZ EHE S 2024-02-03T06:41:05.025000
O2 WILZ EHZ P 2024-02-03T06:41:25.965000
O2 WILZ EHE S 2024-02-03T06:41:26.755000
O2 WILZ EHZ P 2024-02-03T06:41:48.755000
O2 WILZ EHE S 2024-02-03T06:41:49.675000
O2 WILZ EHZ P 2024-02-03T06:42:11.835000
O2 WILZ EHE S 2024-02-03T06:42:12.715000
O2 WILZ EHZ P 2024-02-03T06:42:34.365000
O2 WILZ EHE S 2024-02-03T06:42:35.185000
O2 WILZ EHZ P 2024-02-03T06:42:45.795000
O2 WILZ EHE S 2024-02-03T06:42:46.565000
O2 WILZ EHZ P 2024-02-03T06:43:33.295000
O2 WILZ EHE S 2024-02-03T06:43:34.135000
O2 WILZ EHZ P 2024-02-03T06:44:17.765000
O2 WILZ EHE S 2024-02-03T06:44:18.635000
O2 WILZ EHZ P 2024-02-03T06:44:34.435000
O2 WILZ EHE S 2024-02-03T06:44:35.295000
O2 WILZ EHZ P 2024-02-03T06:44:55.865000
O2 WILZ EHE S 2024-02-03T06:44:56.605000
O2 WILZ EHZ P 2024-02-03T06:45:10.595000
O2 WILZ EHE S 2024-02-03T06:45:11.585000
O2 WILZ EHZ P 2024-02-03T06:45:58.605000
O2 WILZ EHE S 2024-02-03T06:45:59.845000
O2 WILZ EHZ P 2024-02-03T06:46:35.705000
O2 WILZ EHE S 2024-02-03T06:46:36.525000
O2 WILZ EHZ P 2024-02-03T06:46:50.135000
O2 WILZ EHE S 2024-02-03T06:46:50.885000
O2 WILZ EHZ P 2024-02-03T06:47:02.625000
O2 WILZ EHE S 2024-02-03T06:47:03.425000
O2 WILZ EHZ P 2024-02-03T06:47:39.675000
O2 WILZ EHE S 2024-02-03T06:47:40.455000
O2 WILZ EHZ P 2024-02-03T06:48:01.155000
O2 WILZ EHE S 2024-02-03T06:48:02.145000
O2 WILZ EHZ P 2024-02-03T06:48:22.365000
O2 WILZ EHE S 2024-02-03T06:48:23.145000
O2 WILZ EHZ P 2024-02-03T06:49:42.125000
O2 WILZ EHE S 2024-02-03T06:49:42.925000
O2 WILZ EHZ P 2024-02-03T06:50:53.325000
O2 WILZ EHE S 2024-02-03T06:50:54.115000
O2 WILZ EHZ P 2024-02-03T06:51:53.225000
O2 WILZ EHZ P 2024-02-03T06:52:20.915000
O2 WILZ EHZ P 2024-02-03T06:52:50.875000
O2 WILZ EHE S 2024-02-03T06:52:51.635000
O2 WILZ EHZ P 2024-02-03T06:53:22.515000
O2 WILZ EHE S 2024-02-03T06:53:23.335000
O2 WILZ EHZ P 2024-02-03T06:53:38.855000
O2 WILZ EHE S 2024-02-03T06:53:39.825000
O2 WILZ EHZ P 2024-02-03T06:54:12.065000
O2 WILZ EHZ P 2024-02-03T06:55:06.855000
O2 WILZ EHE S 2024-02-03T06:55:07.585000
O2 WILZ EHZ P 2024-02-03T06:55:39.815000
O2 WILZ EHE S 2024-02-03T06:55:40.905000
O2 WILZ EHZ P 2024-02-03T06:56:01.915000
O2 WILZ EHE S 2024-02-03T06:56:02.785000
O2 WILZ EHZ P 2024-02-03T06:56:40.565000
O2 WILZ EHE S 2024-02-03T06:56:41.365000
O2 WILZ EHZ P 2024-02-03T06:57:40.795000
O2 WILZ EHE S 2024-02-03T06:57:41.705000
O2 WILZ EHZ P 2024-02-03T06:57:46.055000
O2 WILZ EHE S 2024-02-03T06:57:46.795000
O2 WILZ EHZ P 2024-02-03T06:59:00.355000
O2 WILZ EHE S 2024-02-03T06:59:01.345000
O2 WILZ EHZ P 2024-02-03T06:59:44.175000
O2 WILZ EHE S 2024-02-03T06:59:44.935000
O2 WILZ EHZ P 2024-02-03T07:00:01.825000
O2 WILZ EHE S 2024-02-03T07:00:02.915000
O2 WILZ EHZ P 2024-02-03T07:02:16.425000
O2 WILZ EHE S 2024-02-03T07:02:17.205000
O2 WILZ EHZ P 2024-02-03T07:02:58.435000
O2 WILZ EHE S 2024-02-03T07:02:59.235000
O2 WILZ EHZ P 2024-02-03T07:03:31.445000
O2 WILZ EHE S 2024-02-03T07:03:32.495000
O2 WILZ EHZ P 2024-02-03T07:04:33.075000
O2 WILZ EHZ P 2024-02-03T07:05:11.115000
O2 WILZ EHE S 2024-02-03T07:05:11.935000
O2 WILZ EHZ P 2024-02-03T07:06:02.555000
O2 WILZ EHE S 2024-02-03T07:06:03.615000
