O2 WILZ EH2 S 2024-02-03T05:14:33.450000Z
O2 WILZ EHZ P 2024-02-03T05:14:43.170000Z
O2 WILZ EHZ P 2024-02-03T05:14:58.070000Z
O2 WILZ EHZ P 2024-02-03T05:15:13.310000Z
O2 WILZ EHZ P 2024-02-03T05:15:28.200000Z
O2 WILZ EHZ P 2024-02-03T05:15:43.270000Z
O2 WILZ EHZ P 2024-02-03T05:16:28.240000Z
O2 WILZ EHZ P 2024-02-03T05:16:43.180000Z
O2 WILZ EHZ P 2024-02-03T05:16:58.340000Z
O2 WILZ EHZ P 2024-02-03T05:17:28.140000Z
O2 WILZ EHZ P 2024-02-03T05:17:28.280000Z
O2 WILZ EHZ P 2024-02-03T05:17:43.160000Z
O2 WILZ EHZ P 2024-02-03T05:17:58.160000Z
O2 WILZ EHZ P 2024-02-03T05:18:13.220000Z
O2 WILZ EHZ P 2024-02-03T05:18:28.210000Z
O2 WILZ EHZ P 2024-02-03T05:18:43.250000Z
O2 WILZ EHZ P 2024-02-03T05:19:13.230000Z
O2 WILZ EHZ P 2024-02-03T05:19:43.350000Z
O2 WILZ EHZ P 2024-02-03T05:19:58.270000Z
O2 WILZ EHZ P 2024-02-03T05:20:13.360000Z
O2 WILZ EHZ P 2024-02-03T05:20:28.290000Z
O2 WILZ EHZ P 2024-02-03T05:20:43.300000Z
O2 WILZ EHZ P 2024-02-03T05:21:50.740000Z
O2 WILZ EHZ P 2024-02-03T05:22:13.380000Z
O2 WILZ EHZ P 2024-02-03T05:22:43.570000Z
O2 WILZ EHZ P 2024-02-03T05:22:58.360000Z
O2 WILZ EHZ P 2024-02-03T05:23:13.370000Z
O2 WILZ EHZ P 2024-02-03T05:23:43.670000Z
O2 WILZ EHZ P 2024-02-03T05:23:56.420000Z
O2 WILZ EHZ P 2024-02-03T05:24:43.690000Z
O2 WILZ EHZ P 2024-02-03T05:24:58.470000Z
O2 WILZ EHZ P 2024-02-03T05:25:13.460000Z
O2 WILZ EHZ P 2024-02-03T05:25:28.490000Z
O2 WILZ EHZ P 2024-02-03T05:25:43.500000Z
O2 WILZ EHZ P 2024-02-03T05:25:58.510000Z
O2 WILZ EHZ P 2024-02-03T05:26:13.490000Z
O2 WILZ EHZ P 2024-02-03T05:26:28.730000Z
O2 WILZ EHZ P 2024-02-03T05:26:58.550000Z
O2 WILZ EHZ P 2024-02-03T05:27:43.320000Z
O2 WILZ EHZ P 2024-02-03T05:27:43.560000Z
O2 WILZ EHZ P 2024-02-03T05:28:45.600000Z
O2 WILZ EHZ P 2024-02-03T05:29:10.220000Z
O2 WILZ EHZ P 2024-02-03T05:29:13.610000Z
O2 WILZ EHZ P 2024-02-03T05:29:33.160000Z
O2 WILZ EHZ P 2024-02-03T05:30:26.820000Z
O2 WILZ EHZ P 2024-02-03T05:30:29.750000Z
O2 WILZ EHZ P 2024-02-03T05:30:43.920000Z
O2 WILZ EHZ P 2024-02-03T05:30:46.600000Z
O2 WILZ EHZ P 2024-02-03T05:30:46.870000Z
O2 WILZ EHZ P 2024-02-03T05:30:47.000000Z
O2 WILZ EHZ P 2024-02-03T05:30:55.930000Z
O2 WILZ EHZ P 2024-02-03T05:31:04.680000Z
O2 WILZ EHZ P 2024-02-03T05:31:04.730000Z
O2 WILZ EHZ P 2024-02-03T05:31:43.700000Z
O2 WILZ EHZ P 2024-02-03T05:32:01.020000Z
O2 WILZ EHZ P 2024-02-03T05:32:04.400000Z
O2 WILZ EHZ P 2024-02-03T05:32:21.470000Z
O2 WILZ EHZ P 2024-02-03T05:32:24.520000Z
O2 WILZ EHZ P 2024-02-03T05:32:38.290000Z
O2 WILZ EHZ P 2024-02-03T05:32:58.900000Z
O2 WILZ EHZ P 2024-02-03T05:33:41.810000Z
O2 WILZ EHZ P 2024-02-03T05:33:48.760000Z
O2 WILZ EHZ P 2024-02-03T05:34:29.560000Z
O2 WILZ EHZ P 2024-02-03T05:34:59.530000Z
O2 WILZ EHZ P 2024-02-03T05:35:00.230000Z
O2 WILZ EHZ P 2024-02-03T05:35:46.400000Z
O2 WILZ EHZ P 2024-02-03T05:36:20.230000Z
O2 WILZ EHZ P 2024-02-03T05:36:29.440000Z
O2 WILZ EHZ P 2024-02-03T05:37:14.190000Z
O2 WILZ EHZ P 2024-02-03T05:37:57.150000Z
O2 WILZ EHZ P 2024-02-03T05:38:14.230000Z
O2 WILZ EHZ P 2024-02-03T05:38:33.560000Z
O2 WILZ EHZ P 2024-02-03T05:38:41.010000Z
O2 WILZ EHZ P 2024-02-03T05:38:52.400000Z
O2 WILZ EHZ P 2024-02-03T05:38:55.480000Z
O2 WILZ EHZ P 2024-02-03T05:38:55.550000Z
O2 WILZ EHZ P 2024-02-03T05:38:59.130000Z
O2 WILZ EHZ P 2024-02-03T05:39:07.670000Z
O2 WILZ EHZ P 2024-02-03T05:39:14.000000Z
O2 WILZ EHZ P 2024-02-03T05:39:17.590000Z
O2 WILZ EHZ P 2024-02-03T05:39:33.840000Z
O2 WILZ EHZ P 2024-02-03T05:39:59.130000Z
O2 WILZ EHZ P 2024-02-03T05:39:59.750000Z
O2 WILZ EHZ P 2024-02-03T05:40:03.050000Z
O2 WILZ EHZ P 2024-02-03T05:40:29.190000Z
O2 WILZ EHZ P 2024-02-03T05:41:03.950000Z
O2 WILZ EHZ P 2024-02-03T05:41:06.840000Z
O2 WILZ EHZ P 2024-02-03T05:41:18.030000Z
O2 WILZ EHZ P 2024-02-03T05:41:21.070000Z
O2 WILZ EHZ P 2024-02-03T05:41:32.060000Z
O2 WILZ EHZ P 2024-02-03T05:41:44.370000Z
O2 WILZ EHZ P 2024-02-03T05:41:59.980000Z
O2 WILZ EHZ P 2024-02-03T05:42:26.850000Z
O2 WILZ EHZ P 2024-02-03T05:42:58.320000Z
O2 WILZ EHZ P 2024-02-03T05:42:59.160000Z
O2 WILZ EHZ P 2024-02-03T05:42:59.210000Z
O2 WILZ EHZ P 2024-02-03T05:43:14.160000Z
O2 WILZ EHZ P 2024-02-03T05:43:30.950000Z
O2 WILZ EHZ P 2024-02-03T05:44:04.800000Z
O2 WILZ EHZ P 2024-02-03T05:44:14.440000Z
O2 WILZ EHZ P 2024-02-03T05:44:34.500000Z
O2 WILZ EHZ P 2024-02-03T05:45:09.100000Z
O2 WILZ EHZ P 2024-02-03T05:45:28.750000Z
O2 WILZ EHZ P 2024-02-03T05:45:44.320000Z
O2 WILZ EHZ P 2024-02-03T05:46:13.490000Z
O2 WILZ EHZ P 2024-02-03T05:46:15.980000Z
O2 WILZ EHZ P 2024-02-03T05:46:44.380000Z
O2 WILZ EHZ P 2024-02-03T05:47:04.980000Z
O2 WILZ EHZ P 2024-02-03T05:47:24.060000Z
O2 WILZ EHZ P 2024-02-03T05:47:43.960000Z
O2 WILZ EHZ P 2024-02-03T05:47:44.350000Z
O2 WILZ EHZ P 2024-02-03T05:47:44.400000Z
O2 WILZ EHZ P 2024-02-03T05:47:44.430000Z
O2 WILZ EHZ P 2024-02-03T05:48:14.440000Z
O2 WILZ EHZ P 2024-02-03T05:48:28.210000Z
O2 WILZ EHZ P 2024-02-03T05:48:30.790000Z
O2 WILZ EHZ P 2024-02-03T05:48:32.200000Z
O2 WILZ EHZ P 2024-02-03T05:48:59.940000Z
O2 WILZ EHZ P 2024-02-03T05:49:23.130000Z
O2 WILZ EHZ P 2024-02-03T05:49:25.260000Z
O2 WILZ EHZ P 2024-02-03T05:49:44.430000Z
O2 WILZ EHZ P 2024-02-03T05:50:29.490000Z
O2 WILZ EHZ P 2024-02-03T05:50:29.510000Z
O2 WILZ EHZ P 2024-02-03T05:51:09.460000Z
O2 WILZ EHZ P 2024-02-03T05:51:38.850000Z
O2 WILZ EHZ P 2024-02-03T05:51:41.950000Z
O2 WILZ EHZ P 2024-02-03T05:51:42.890000Z
O2 WILZ EHZ P 2024-02-03T05:52:08.270000Z
O2 WILZ EH2 S 2024-02-03T05:52:12.750000Z
O2 WILZ EHZ P 2024-02-03T05:52:29.760000Z
O2 WILZ EHZ P 2024-02-03T05:52:40.520000Z
O2 WILZ EHZ P 2024-02-03T05:52:44.770000Z
O2 WILZ EHZ P 2024-02-03T05:53:10.380000Z
O2 WILZ EHZ P 2024-02-03T05:53:16.120000Z
O2 WILZ EH2 S 2024-02-03T05:53:20.760000Z
O2 WILZ EHZ P 2024-02-03T05:53:29.620000Z
O2 WILZ EHZ P 2024-02-03T05:54:16.750000Z
O2 WILZ EHZ P 2024-02-03T05:54:41.890000Z
O2 WILZ EHZ P 2024-02-03T05:54:44.890000Z
O2 WILZ EHZ P 2024-02-03T05:55:18.600000Z
O2 WILZ EHZ P 2024-02-03T05:55:21.610000Z
O2 WILZ EHZ P 2024-02-03T05:55:22.700000Z
O2 WILZ EHZ P 2024-02-03T05:56:19.550000Z
O2 WILZ EHZ P 2024-02-03T05:57:15.230000Z
O2 WILZ EHZ P 2024-02-03T05:57:33.040000Z
O2 WILZ EHZ P 2024-02-03T05:58:09.550000Z
O2 WILZ EHZ P 2024-02-03T05:58:13.310000Z
O2 WILZ EHZ P 2024-02-03T05:58:56.130000Z
O2 WILZ EHZ P 2024-02-03T05:59:09.780000Z
O2 WILZ EHZ P 2024-02-03T05:59:29.270000Z
O2 WILZ EHZ P 2024-02-03T05:59:29.810000Z
O2 WILZ EHZ P 2024-02-03T05:59:29.930000Z
O2 WILZ EHZ P 2024-02-03T05:59:56.300000Z
O2 WILZ EHZ P 2024-02-03T06:00:14.350000Z
O2 WILZ EHZ P 2024-02-03T06:00:15.080000Z
O2 WILZ EHZ P 2024-02-03T06:00:41.960000Z
O2 WILZ EHZ P 2024-02-03T06:00:44.870000Z
O2 WILZ EHZ P 2024-02-03T06:00:45.130000Z
O2 WILZ EHZ P 2024-02-03T06:01:12.120000Z
O2 WILZ EHZ P 2024-02-03T06:01:25.710000Z
O2 WILZ EHZ P 2024-02-03T06:01:39.140000Z
O2 WILZ EHZ P 2024-02-03T06:01:52.660000Z
O2 WILZ EHZ P 2024-02-03T06:01:59.940000Z
O2 WILZ EHZ P 2024-02-03T06:02:26.400000Z
O2 WILZ EHZ P 2024-02-03T06:02:58.610000Z
O2 WILZ EHZ P 2024-02-03T06:02:59.970000Z
O2 WILZ EHZ P 2024-02-03T06:03:20.460000Z
O2 WILZ EHZ P 2024-02-03T06:03:23.560000Z
O2 WILZ EHZ P 2024-02-03T06:03:24.710000Z
O2 WILZ EHZ P 2024-02-03T06:03:45.230000Z
O2 WILZ EHZ P 2024-02-03T06:04:13.750000Z
O2 WILZ EHZ P 2024-02-03T06:04:13.890000Z
O2 WILZ EHZ P 2024-02-03T06:04:14.160000Z
O2 WILZ EHZ P 2024-02-03T06:04:45.250000Z
O2 WILZ EHZ P 2024-02-03T06:05:15.040000Z
O2 WILZ EHZ P 2024-02-03T06:05:59.690000Z
O2 WILZ EHZ P 2024-02-03T06:06:00.090000Z
O2 WILZ EHZ P 2024-02-03T06:06:00.130000Z
O2 WILZ EHZ P 2024-02-03T06:06:30.330000Z
O2 WILZ EHZ P 2024-02-03T06:07:19.150000Z
O2 WILZ EHZ P 2024-02-03T06:07:23.400000Z
O2 WILZ EHZ P 2024-02-03T06:07:52.290000Z
O2 WILZ EHZ P 2024-02-03T06:08:00.990000Z
O2 WILZ EHZ P 2024-02-03T06:08:15.220000Z
O2 WILZ EHZ P 2024-02-03T06:08:41.440000Z
O2 WILZ EHZ P 2024-02-03T06:08:56.810000Z
O2 WILZ EHZ P 2024-02-03T06:10:15.390000Z
O2 WILZ EHZ P 2024-02-03T06:10:45.300000Z
O2 WILZ EHZ P 2024-02-03T06:11:38.240000Z
O2 WILZ EHZ P 2024-02-03T06:12:05.210000Z
O2 WILZ EHZ P 2024-02-03T06:12:05.300000Z
O2 WILZ EHZ P 2024-02-03T06:12:08.320000Z
O2 WILZ EHZ P 2024-02-03T06:12:08.930000Z
O2 WILZ EHZ P 2024-02-03T06:12:09.240000Z
O2 WILZ EHZ P 2024-02-03T06:12:45.610000Z
O2 WILZ EHZ P 2024-02-03T06:13:12.170000Z
O2 WILZ EHZ P 2024-02-03T06:13:28.110000Z
O2 WILZ EHZ P 2024-02-03T06:13:30.410000Z
O2 WILZ EHZ P 2024-02-03T06:14:05.750000Z
O2 WILZ EHZ P 2024-02-03T06:14:08.820000Z
O2 WILZ EHZ P 2024-02-03T06:14:24.120000Z
O2 WILZ EHZ P 2024-02-03T06:14:43.480000Z
O2 WILZ EHZ P 2024-02-03T06:14:45.690000Z
O2 WILZ EHZ P 2024-02-03T06:15:04.730000Z
O2 WILZ EHZ P 2024-02-03T06:15:58.740000Z
O2 WILZ EHZ P 2024-02-03T06:16:36.020000Z
O2 WILZ EHZ P 2024-02-03T06:16:36.160000Z
O2 WILZ EHZ P 2024-02-03T06:16:56.820000Z
O2 WILZ EHZ P 2024-02-03T06:17:00.620000Z
O2 WILZ EHZ P 2024-02-03T06:17:30.530000Z
O2 WILZ EHZ P 2024-02-03T06:17:30.760000Z
O2 WILZ EHZ P 2024-02-03T06:17:37.030000Z
O2 WILZ EHZ P 2024-02-03T06:18:07.050000Z
O2 WILZ EHZ P 2024-02-03T06:18:25.270000Z
O2 WILZ EHZ P 2024-02-03T06:18:58.470000Z
O2 WILZ EHZ P 2024-02-03T06:19:00.600000Z
O2 WILZ EHZ P 2024-02-03T06:19:15.670000Z
O2 WILZ EHZ P 2024-02-03T06:19:30.840000Z
O2 WILZ EHZ P 2024-02-03T06:19:45.680000Z
O2 WILZ EHZ P 2024-02-03T06:21:06.570000Z
O2 WILZ EHZ P 2024-02-03T06:21:09.770000Z
O2 WILZ EHZ P 2024-02-03T06:21:15.830000Z
O2 WILZ EHZ P 2024-02-03T06:21:30.700000Z
O2 WILZ EHZ P 2024-02-03T06:22:27.970000Z
O2 WILZ EHZ P 2024-02-03T06:22:54.490000Z
O2 WILZ EHZ P 2024-02-03T06:23:02.620000Z
O2 WILZ EHZ P 2024-02-03T06:23:30.890000Z
O2 WILZ EH2 S 2024-02-03T06:24:05.110000Z
O2 WILZ EHZ P 2024-02-03T06:24:04.780000Z
O2 WILZ EH2 S 2024-02-03T06:24:10.200000Z
O2 WILZ EHZ P 2024-02-03T06:24:07.500000Z
O2 WILZ EHZ P 2024-02-03T06:24:30.870000Z
O2 WILZ EHZ P 2024-02-03T06:25:29.380000Z
O2 WILZ EHZ P 2024-02-03T06:25:30.890000Z
O2 WILZ EHZ P 2024-02-03T06:25:56.270000Z
O2 WILZ EHZ P 2024-02-03T06:25:56.310000Z
O2 WILZ EHZ P 2024-02-03T06:25:56.430000Z
O2 WILZ EHZ P 2024-02-03T06:26:00.880000Z
O2 WILZ EHZ P 2024-02-03T06:26:07.350000Z
O2 WILZ EHZ P 2024-02-03T06:27:00.950000Z
O2 WILZ EHZ P 2024-02-03T06:27:28.220000Z
O2 WILZ EHZ P 2024-02-03T06:27:39.760000Z
O2 WILZ EHZ P 2024-02-03T06:27:44.310000Z
O2 WILZ EHZ P 2024-02-03T06:28:06.980000Z
O2 WILZ EHZ P 2024-02-03T06:28:16.350000Z
O2 WILZ EHZ P 2024-02-03T06:28:50.580000Z
O2 WILZ EHZ P 2024-02-03T06:29:01.370000Z
O2 WILZ EHZ P 2024-02-03T06:29:04.300000Z
O2 WILZ EHZ P 2024-02-03T06:29:16.690000Z
O2 WILZ EHZ P 2024-02-03T06:29:45.640000Z
O2 WILZ EHZ P 2024-02-03T06:29:45.950000Z
O2 WILZ EHZ P 2024-02-03T06:29:46.030000Z
O2 WILZ EHZ P 2024-02-03T06:29:47.910000Z
O2 WILZ EHZ P 2024-02-03T06:30:24.790000Z
O2 WILZ EHZ P 2024-02-03T06:30:31.280000Z
O2 WILZ EHZ P 2024-02-03T06:30:59.900000Z
O2 WILZ EHZ P 2024-02-03T06:31:22.140000Z
O2 WILZ EHZ P 2024-02-03T06:31:31.130000Z
O2 WILZ EHZ P 2024-02-03T06:32:02.670000Z
O2 WILZ EHZ P 2024-02-03T06:32:20.950000Z
O2 WILZ EHZ P 2024-02-03T06:32:24.390000Z
O2 WILZ EHZ P 2024-02-03T06:33:02.260000Z
O2 WILZ EH2 S 2024-02-03T06:33:06.580000Z
O2 WILZ EHZ P 2024-02-03T06:33:16.390000Z
O2 WILZ EHZ P 2024-02-03T06:33:45.800000Z
O2 WILZ EHZ P 2024-02-03T06:33:46.180000Z
O2 WILZ EHZ P 2024-02-03T06:34:03.340000Z
O2 WILZ EHZ P 2024-02-03T06:34:16.210000Z
O2 WILZ EHZ P 2024-02-03T06:34:31.220000Z
O2 WILZ EHZ P 2024-02-03T06:35:01.500000Z
O2 WILZ EHZ P 2024-02-03T06:35:16.320000Z
O2 WILZ EHZ P 2024-02-03T06:36:15.310000Z
O2 WILZ EHZ P 2024-02-03T06:36:16.550000Z
O2 WILZ EHZ P 2024-02-03T06:36:31.300000Z
O2 WILZ EHZ P 2024-02-03T06:37:50.450000Z
O2 WILZ EHZ P 2024-02-03T06:38:16.590000Z
O2 WILZ EHZ P 2024-02-03T06:38:59.530000Z
O2 WILZ EHZ P 2024-02-03T06:39:01.410000Z
O2 WILZ EHZ P 2024-02-03T06:39:16.680000Z
O2 WILZ EHZ P 2024-02-03T06:39:31.770000Z
O2 WILZ EHZ P 2024-02-03T06:41:04.780000Z
O2 WILZ EHZ P 2024-02-03T06:41:07.820000Z
O2 WILZ EHZ P 2024-02-03T06:41:26.470000Z
O2 WILZ EHZ P 2024-02-03T06:41:29.570000Z
O2 WILZ EHZ P 2024-02-03T06:42:01.490000Z
O2 WILZ EHZ P 2024-02-03T06:42:34.790000Z
O2 WILZ EHZ P 2024-02-03T06:42:37.710000Z
O2 WILZ EHZ P 2024-02-03T06:42:46.530000Z
O2 WILZ EHZ P 2024-02-03T06:42:46.600000Z
O2 WILZ EHZ P 2024-02-03T06:42:47.020000Z
O2 WILZ EHZ P 2024-02-03T06:43:02.340000Z
O2 WILZ EHZ P 2024-02-03T06:43:09.780000Z
O2 WILZ EHZ P 2024-02-03T06:43:33.480000Z
O2 WILZ EHZ P 2024-02-03T06:43:37.630000Z
O2 WILZ EHZ P 2024-02-03T06:43:46.810000Z
O2 WILZ EHZ P 2024-02-03T06:44:18.430000Z
O2 WILZ EHZ P 2024-02-03T06:44:21.370000Z
O2 WILZ EHZ P 2024-02-03T06:44:21.640000Z
O2 WILZ EHZ P 2024-02-03T06:44:31.670000Z
O2 WILZ EHZ P 2024-02-03T06:44:56.320000Z
O2 WILZ EHZ P 2024-02-03T06:45:11.340000Z
O2 WILZ EHZ P 2024-02-03T06:45:14.650000Z
O2 WILZ EHZ P 2024-02-03T06:45:59.720000Z
O2 WILZ EHZ P 2024-02-03T06:46:01.670000Z
O2 WILZ EHZ P 2024-02-03T06:46:02.610000Z
O2 WILZ EHZ P 2024-02-03T06:46:36.050000Z
O2 WILZ EHZ P 2024-02-03T06:47:03.230000Z
O2 WILZ EHZ P 2024-02-03T06:47:40.000000Z
O2 WILZ EHZ P 2024-02-03T06:47:42.910000Z
O2 WILZ EHZ P 2024-02-03T06:47:43.110000Z
O2 WILZ EHZ P 2024-02-03T06:48:02.030000Z
O2 WILZ EHZ P 2024-02-03T06:48:04.850000Z
O2 WILZ EHZ P 2024-02-03T06:48:46.920000Z
O2 WILZ EHZ P 2024-02-03T06:48:49.590000Z
O2 WILZ EHZ P 2024-02-03T06:48:50.390000Z
O2 WILZ EHZ P 2024-02-03T06:49:02.040000Z
O2 WILZ EHZ P 2024-02-03T06:49:07.950000Z
O2 WILZ EHZ P 2024-02-03T06:49:08.180000Z
O2 WILZ EHZ P 2024-02-03T06:49:42.490000Z
O2 WILZ EHZ P 2024-02-03T06:49:45.560000Z
O2 WILZ EHZ P 2024-02-03T06:49:46.860000Z
O2 WILZ EHZ P 2024-02-03T06:50:01.840000Z
O2 WILZ EHZ P 2024-02-03T06:50:16.880000Z
O2 WILZ EHZ P 2024-02-03T06:50:32.090000Z
O2 WILZ EHZ P 2024-02-03T06:51:17.120000Z
O2 WILZ EHZ P 2024-02-03T06:51:56.730000Z
O2 WILZ EHZ P 2024-02-03T06:53:02.220000Z
O2 WILZ EHZ P 2024-02-03T06:53:22.820000Z
O2 WILZ EHZ P 2024-02-03T06:54:12.620000Z
O2 WILZ EHZ P 2024-02-03T06:54:15.730000Z
O2 WILZ EHZ P 2024-02-03T06:54:32.280000Z
O2 WILZ EHZ P 2024-02-03T06:55:07.050000Z
O2 WILZ EHZ P 2024-02-03T06:55:10.320000Z
O2 WILZ EH2 S 2024-02-03T06:55:40.860000Z
O2 WILZ EHZ P 2024-02-03T06:55:40.930000Z
O2 WILZ EH2 S 2024-02-03T06:55:46.970000Z
O2 WILZ EHZ P 2024-02-03T06:56:02.800000Z
O2 WILZ EH2 S 2024-02-03T06:56:10.010000Z
O2 WILZ EHZ P 2024-02-03T06:56:05.570000Z
O2 WILZ EHZ P 2024-02-03T06:56:22.940000Z
O2 WILZ EHZ P 2024-02-03T06:56:40.840000Z
O2 WILZ EHZ P 2024-02-03T06:57:02.120000Z
O2 WILZ EHZ P 2024-02-03T06:57:41.490000Z
O2 WILZ EHZ P 2024-02-03T06:57:44.750000Z
O2 WILZ EHZ P 2024-02-03T06:58:38.710000Z
O2 WILZ EHZ P 2024-02-03T06:59:01.050000Z
O2 WILZ EHZ P 2024-02-03T06:59:02.200000Z
O2 WILZ EHZ P 2024-02-03T06:59:44.760000Z
O2 WILZ EHZ P 2024-02-03T06:59:47.830000Z
O2 WILZ EHZ P 2024-02-03T06:59:47.940000Z
O2 WILZ EHZ P 2024-02-03T06:59:48.160000Z
O2 WILZ EHZ P 2024-02-03T07:00:01.740000Z
O2 WILZ EHZ P 2024-02-03T07:00:02.510000Z
O2 WILZ EHZ P 2024-02-03T07:00:06.810000Z
O2 WILZ EHZ P 2024-02-03T07:00:32.290000Z
O2 WILZ EHZ P 2024-02-03T07:00:47.410000Z
O2 WILZ EHZ P 2024-02-03T07:01:30.980000Z
O2 WILZ EH2 S 2024-02-03T07:01:40.970000Z
O2 WILZ EHZ P 2024-02-03T07:02:16.980000Z
O2 WILZ EHZ P 2024-02-03T07:02:17.320000Z
O2 WILZ EHZ P 2024-02-03T07:02:17.400000Z
O2 WILZ EHZ P 2024-02-03T07:02:58.960000Z
O2 WILZ EHZ P 2024-02-03T07:03:01.840000Z
O2 WILZ EHZ P 2024-02-03T07:03:32.390000Z
O2 WILZ EHZ P 2024-02-03T07:03:35.380000Z
O2 WILZ EHZ P 2024-02-03T07:03:35.710000Z
O2 WILZ EHZ P 2024-02-03T07:04:02.400000Z
O2 WILZ EHZ P 2024-02-03T07:04:33.230000Z
O2 WILZ EHZ P 2024-02-03T07:05:11.470000Z
O2 WILZ EHZ P 2024-02-03T07:05:14.770000Z
O2 WILZ EHZ P 2024-02-03T07:05:15.620000Z
O2 WILZ EHZ P 2024-02-03T07:05:32.500000Z
O2 WILZ EHZ P 2024-02-03T07:06:03.510000Z
O2 WILZ EHZ P 2024-02-03T07:06:06.540000Z
O2 WILZ EHZ P 2024-02-03T07:06:49.650000Z
O2 WILZ EHZ P 2024-02-03T07:07:24.510000Z
O2 WILZ EHZ P 2024-02-03T07:07:32.590000Z
O2 WILZ EHZ P 2024-02-03T07:08:12.060000Z
O2 WILZ EHZ P 2024-02-03T07:08:14.850000Z
O2 WILZ EHZ P 2024-02-03T07:08:57.880000Z
O2 WILZ EHZ P 2024-02-03T07:09:01.100000Z
O2 WILZ EHZ P 2024-02-03T07:09:02.580000Z
O2 WILZ EHZ P 2024-02-03T07:09:32.760000Z
O2 WILZ EHZ P 2024-02-03T07:09:45.070000Z
O2 WILZ EHZ P 2024-02-03T07:10:02.900000Z
O2 WILZ EHZ P 2024-02-03T07:10:18.470000Z
O2 WILZ EHZ P 2024-02-03T07:11:10.450000Z
O2 WILZ EHZ P 2024-02-03T07:11:13.690000Z
O2 WILZ EHZ P 2024-02-03T07:11:53.210000Z
O2 WILZ EHZ P 2024-02-03T07:11:55.950000Z
O2 WILZ EHZ P 2024-02-03T07:12:45.960000Z
O2 WILZ EHZ P 2024-02-03T07:12:47.750000Z
O2 WILZ EHZ P 2024-02-03T07:13:11.180000Z
O2 WILZ EHZ P 2024-02-03T07:13:21.510000Z
O2 WILZ EHZ P 2024-02-03T07:13:37.640000Z
O2 WILZ EHZ P 2024-02-03T07:13:57.150000Z
